Archive member included to satisfy reference by file (symbol)

c:/st/stm32cubeide_1.9.0/stm32cubeide/plugins/com.st.stm32cube.ide.mcu.externaltools.gnu-tools-for-stm32.10.3-2021.10.win32_1.0.0.202111181127/tools/bin/../lib/gcc/arm-none-eabi/10.3.1/../../../../arm-none-eabi/lib/thumb/v7e-m+fp/hard\libc_nano.a(lib_a-assert.o)
                              ./Middlewares/Third_Party/modbus/functions/mbutils.o (__assert_func)
c:/st/stm32cubeide_1.9.0/stm32cubeide/plugins/com.st.stm32cube.ide.mcu.externaltools.gnu-tools-for-stm32.10.3-2021.10.win32_1.0.0.202111181127/tools/bin/../lib/gcc/arm-none-eabi/10.3.1/../../../../arm-none-eabi/lib/thumb/v7e-m+fp/hard\libc_nano.a(lib_a-errno.o)
                              ./Core/Src/syscalls.o (__errno)
c:/st/stm32cubeide_1.9.0/stm32cubeide/plugins/com.st.stm32cube.ide.mcu.externaltools.gnu-tools-for-stm32.10.3-2021.10.win32_1.0.0.202111181127/tools/bin/../lib/gcc/arm-none-eabi/10.3.1/../../../../arm-none-eabi/lib/thumb/v7e-m+fp/hard\libc_nano.a(lib_a-exit.o)
                              c:/st/stm32cubeide_1.9.0/stm32cubeide/plugins/com.st.stm32cube.ide.mcu.externaltools.gnu-tools-for-stm32.10.3-2021.10.win32_1.0.0.202111181127/tools/bin/../lib/gcc/arm-none-eabi/10.3.1/../../../../arm-none-eabi/lib/thumb/v7e-m+fp/hard/crt0.o (exit)
c:/st/stm32cubeide_1.9.0/stm32cubeide/plugins/com.st.stm32cube.ide.mcu.externaltools.gnu-tools-for-stm32.10.3-2021.10.win32_1.0.0.202111181127/tools/bin/../lib/gcc/arm-none-eabi/10.3.1/../../../../arm-none-eabi/lib/thumb/v7e-m+fp/hard\libc_nano.a(lib_a-fprintf.o)
                              c:/st/stm32cubeide_1.9.0/stm32cubeide/plugins/com.st.stm32cube.ide.mcu.externaltools.gnu-tools-for-stm32.10.3-2021.10.win32_1.0.0.202111181127/tools/bin/../lib/gcc/arm-none-eabi/10.3.1/../../../../arm-none-eabi/lib/thumb/v7e-m+fp/hard\libc_nano.a(lib_a-assert.o) (fiprintf)
c:/st/stm32cubeide_1.9.0/stm32cubeide/plugins/com.st.stm32cube.ide.mcu.externaltools.gnu-tools-for-stm32.10.3-2021.10.win32_1.0.0.202111181127/tools/bin/../lib/gcc/arm-none-eabi/10.3.1/../../../../arm-none-eabi/lib/thumb/v7e-m+fp/hard\libc_nano.a(lib_a-impure.o)
                              c:/st/stm32cubeide_1.9.0/stm32cubeide/plugins/com.st.stm32cube.ide.mcu.externaltools.gnu-tools-for-stm32.10.3-2021.10.win32_1.0.0.202111181127/tools/bin/../lib/gcc/arm-none-eabi/10.3.1/../../../../arm-none-eabi/lib/thumb/v7e-m+fp/hard\libc_nano.a(lib_a-exit.o) (_global_impure_ptr)
c:/st/stm32cubeide_1.9.0/stm32cubeide/plugins/com.st.stm32cube.ide.mcu.externaltools.gnu-tools-for-stm32.10.3-2021.10.win32_1.0.0.202111181127/tools/bin/../lib/gcc/arm-none-eabi/10.3.1/../../../../arm-none-eabi/lib/thumb/v7e-m+fp/hard\libc_nano.a(lib_a-init.o)
                              c:/st/stm32cubeide_1.9.0/stm32cubeide/plugins/com.st.stm32cube.ide.mcu.externaltools.gnu-tools-for-stm32.10.3-2021.10.win32_1.0.0.202111181127/tools/bin/../lib/gcc/arm-none-eabi/10.3.1/../../../../arm-none-eabi/lib/thumb/v7e-m+fp/hard/crt0.o (__libc_init_array)
c:/st/stm32cubeide_1.9.0/stm32cubeide/plugins/com.st.stm32cube.ide.mcu.externaltools.gnu-tools-for-stm32.10.3-2021.10.win32_1.0.0.202111181127/tools/bin/../lib/gcc/arm-none-eabi/10.3.1/../../../../arm-none-eabi/lib/thumb/v7e-m+fp/hard\libc_nano.a(lib_a-memcpy-stub.o)
                              ./Middlewares/Third_Party/FreeRTOS/Source/queue.o (memcpy)
c:/st/stm32cubeide_1.9.0/stm32cubeide/plugins/com.st.stm32cube.ide.mcu.externaltools.gnu-tools-for-stm32.10.3-2021.10.win32_1.0.0.202111181127/tools/bin/../lib/gcc/arm-none-eabi/10.3.1/../../../../arm-none-eabi/lib/thumb/v7e-m+fp/hard\libc_nano.a(lib_a-memset.o)
                              c:/st/stm32cubeide_1.9.0/stm32cubeide/plugins/com.st.stm32cube.ide.mcu.externaltools.gnu-tools-for-stm32.10.3-2021.10.win32_1.0.0.202111181127/tools/bin/../lib/gcc/arm-none-eabi/10.3.1/../../../../arm-none-eabi/lib/thumb/v7e-m+fp/hard/crt0.o (memset)
c:/st/stm32cubeide_1.9.0/stm32cubeide/plugins/com.st.stm32cube.ide.mcu.externaltools.gnu-tools-for-stm32.10.3-2021.10.win32_1.0.0.202111181127/tools/bin/../lib/gcc/arm-none-eabi/10.3.1/../../../../arm-none-eabi/lib/thumb/v7e-m+fp/hard\libc_nano.a(lib_a-nano-vfprintf.o)
                              c:/st/stm32cubeide_1.9.0/stm32cubeide/plugins/com.st.stm32cube.ide.mcu.externaltools.gnu-tools-for-stm32.10.3-2021.10.win32_1.0.0.202111181127/tools/bin/../lib/gcc/arm-none-eabi/10.3.1/../../../../arm-none-eabi/lib/thumb/v7e-m+fp/hard\libc_nano.a(lib_a-fprintf.o) (_vfprintf_r)
c:/st/stm32cubeide_1.9.0/stm32cubeide/plugins/com.st.stm32cube.ide.mcu.externaltools.gnu-tools-for-stm32.10.3-2021.10.win32_1.0.0.202111181127/tools/bin/../lib/gcc/arm-none-eabi/10.3.1/../../../../arm-none-eabi/lib/thumb/v7e-m+fp/hard\libc_nano.a(lib_a-nano-vfprintf_i.o)
[...]
Memory Configuration

Name             Origin             Length             Attributes
CCMRAM           0x0000000010000000 0x0000000000010000 xrw
RAM              0x0000000020000000 0x0000000000020000 xrw
FLASH            0x0000000008000000 0x0000000000100000 xr
*default*        0x0000000000000000 0xffffffffffffffff

Linker script and memory map

LOAD c:/st/stm32cubeide_1.9.0/stm32cubeide/plugins/com.st.stm32cube.ide.mcu.externaltools.gnu-tools-for-stm32.10.3-2021.10.win32_1.0.0.202111181127/tools/bin/../lib/gcc/arm-none-eabi/10.3.1/thumb/v7e-m+fp/hard/crti.o
LOAD c:/st/stm32cubeide_1.9.0/stm32cubeide/plugins/com.st.stm32cube.ide.mcu.externaltools.gnu-tools-for-stm32.10.3-2021.10.win32_1.0.0.202111181127/tools/bin/../lib/gcc/arm-none-eabi/10.3.1/thumb/v7e-m+fp/hard/crtbegin.o
LOAD c:/st/stm32cubeide_1.9.0/stm32cubeide/plugins/com.st.stm32cube.ide.mcu.externaltools.gnu-tools-for-stm32.10.3-2021.10.win32_1.0.0.202111181127/tools/bin/../lib/gcc/arm-none-eabi/10.3.1/../../../../arm-none-eabi/lib/thumb/v7e-m+fp/hard/crt0.o
LOAD ./Core/Src/freertos.o
LOAD ./Core/Src/main.o
LOAD ./Core/Src/mdtask.o
LOAD ./Core/Src/stm32f4xx_hal_msp.o
LOAD ./Core/Src/stm32f4xx_hal_timebase_tim.o
LOAD ./Core/Src/stm32f4xx_it.o
LOAD ./Core/Src/syscalls.o
LOAD ./Core/Src/sysmem.o
LOAD ./Core/Src/system_stm32f4xx.o
LOAD ./Core/Startup/startup_stm32f407vgtx.o
LOAD ./Drivers/STM32F4xx_HAL_Driver/Src/stm32f4xx_hal.o
LOAD ./Drivers/STM32F4xx_HAL_Driver/Src/stm32f4xx_hal_cortex.o
LOAD ./Drivers/STM32F4xx_HAL_Driver/Src/stm32f4xx_hal_dma.o
LOAD ./Drivers/STM32F4xx_HAL_Driver/Src/stm32f4xx_hal_dma_ex.o
LOAD ./Drivers/STM32F4xx_HAL_Driver/Src/stm32f4xx_hal_exti.o
LOAD ./Drivers/STM32F4xx_HAL_Driver/Src/stm32f4xx_hal_flash.o
LOAD ./Drivers/STM32F4xx_HAL_Driver/Src/stm32f4xx_hal_flash_ex.o
LOAD ./Drivers/STM32F4xx_HAL_Driver/Src/stm32f4xx_hal_flash_ramfunc.o
LOAD ./Drivers/STM32F4xx_HAL_Driver/Src/stm32f4xx_hal_gpio.o
LOAD ./Drivers/STM32F4xx_HAL_Driver/Src/stm32f4xx_hal_pwr.o
LOAD ./Drivers/STM32F4xx_HAL_Driver/Src/stm32f4xx_hal_pwr_ex.o
LOAD ./Drivers/STM32F4xx_HAL_Driver/Src/stm32f4xx_hal_rcc.o
LOAD ./Drivers/STM32F4xx_HAL_Driver/Src/stm32f4xx_hal_rcc_ex.o
LOAD ./Drivers/STM32F4xx_HAL_Driver/Src/stm32f4xx_hal_tim.o
LOAD ./Drivers/STM32F4xx_HAL_Driver/Src/stm32f4xx_hal_tim_ex.o
LOAD ./Drivers/STM32F4xx_HAL_Driver/Src/stm32f4xx_hal_uart.o
LOAD ./Middlewares/Third_Party/FreeRTOS/Source/CMSIS_RTOS/cmsis_os.o
LOAD ./Middlewares/Third_Party/FreeRTOS/Source/croutine.o
LOAD ./Middlewares/Third_Party/FreeRTOS/Source/event_groups.o
LOAD ./Middlewares/Third_Party/FreeRTOS/Source/list.o
LOAD ./Middlewares/Third_Party/FreeRTOS/Source/queue.o
LOAD ./Middlewares/Third_Party/FreeRTOS/Source/stream_buffer.o
LOAD ./Middlewares/Third_Party/FreeRTOS/Source/tasks.o
LOAD ./Middlewares/Third_Party/FreeRTOS/Source/timers.o
LOAD ./Middlewares/Third_Party/FreeRTOS/Source/portable/GCC/ARM_CM4F/port.o
LOAD ./Middlewares/Third_Party/FreeRTOS/Source/portable/MemMang/heap_4.o
LOAD ./Middlewares/Third_Party/modbus/functions/mbfunccoils_m.o
LOAD ./Middlewares/Third_Party/modbus/functions/mbfuncdisc_m.o
LOAD ./Middlewares/Third_Party/modbus/functions/mbfuncholding_m.o
LOAD ./Middlewares/Third_Party/modbus/functions/mbfuncinput_m.o
LOAD ./Middlewares/Third_Party/modbus/functions/mbfuncother.o
LOAD ./Middlewares/Third_Party/modbus/functions/mbutils.o
LOAD ./Middlewares/Third_Party/modbus/mb_m.o
LOAD ./Middlewares/Third_Party/modbus/port/portevent_m.o
LOAD ./Middlewares/Third_Party/modbus/port/portserial_m.o
LOAD ./Middlewares/Third_Party/modbus/port/porttimer_m.o
LOAD ./Middlewares/Third_Party/modbus/rtu/mbcrc.o
LOAD ./Middlewares/Third_Party/modbus/rtu/mbrtu_m.o
START GROUP
LOAD c:/st/stm32cubeide_1.9.0/stm32cubeide/plugins/com.st.stm32cube.ide.mcu.externaltools.gnu-tools-for-stm32.10.3-2021.10.win32_1.0.0.202111181127/tools/bin/../lib/gcc/arm-none-eabi/10.3.1/../../../../arm-none-eabi/lib/thumb/v7e-m+fp/hard\libc_nano.a
LOAD c:/st/stm32cubeide_1.9.0/stm32cubeide/plugins/com.st.stm32cube.ide.mcu.externaltools.gnu-tools-for-stm32.10.3-2021.10.win32_1.0.0.202111181127/tools/bin/../lib/gcc/arm-none-eabi/10.3.1/../../../../arm-none-eabi/lib/thumb/v7e-m+fp/hard\libm.a
END GROUP
START GROUP
LOAD c:/st/stm32cubeide_1.9.0/stm32cubeide/plugins/com.st.stm32cube.ide.mcu.externaltools.gnu-tools-for-stm32.10.3-2021.10.win32_1.0.0.202111181127/tools/bin/../lib/gcc/arm-none-eabi/10.3.1/thumb/v7e-m+fp/hard\libgcc.a
LOAD c:/st/stm32cubeide_1.9.0/stm32cubeide/plugins/com.st.stm32cube.ide.mcu.externaltools.gnu-tools-for-stm32.10.3-2021.10.win32_1.0.0.202111181127/tools/bin/../lib/gcc/arm-none-eabi/10.3.1/../../../../arm-none-eabi/lib/thumb/v7e-m+fp/hard\libc_nano.a
END GROUP
START GROUP
LOAD c:/st/stm32cubeide_1.9.0/stm32cubeide/plugins/com.st.stm32cube.ide.mcu.externaltools.gnu-tools-for-stm32.10.3-2021.10.win32_1.0.0.202111181127/tools/bin/../lib/gcc/arm-none-eabi/10.3.1/thumb/v7e-m+fp/hard\libgcc.a
LOAD c:/st/stm32cubeide_1.9.0/stm32cubeide/plugins/com.st.stm32cube.ide.mcu.externaltools.gnu-tools-for-stm32.10.3-2021.10.win32_1.0.0.202111181127/tools/bin/../lib/gcc/arm-none-eabi/10.3.1/../../../../arm-none-eabi/lib/thumb/v7e-m+fp/hard\libc_nano.a
LOAD c:/st/stm32cubeide_1.9.0/stm32cubeide/plugins/com.st.stm32cube.ide.mcu.externaltools.gnu-tools-for-stm32.10.3-2021.10.win32_1.0.0.202111181127/tools/bin/../lib/gcc/arm-none-eabi/10.3.1/../../../../arm-none-eabi/lib/thumb/v7e-m+fp/hard\libnosys.a
END GROUP
START GROUP
LOAD c:/st/stm32cubeide_1.9.0/stm32cubeide/plugins/com.st.stm32cube.ide.mcu.externaltools.gnu-tools-for-stm32.10.3-2021.10.win32_1.0.0.202111181127/tools/bin/../lib/gcc/arm-none-eabi/10.3.1/thumb/v7e-m+fp/hard\libgcc.a
LOAD c:/st/stm32cubeide_1.9.0/stm32cubeide/plugins/com.st.stm32cube.ide.mcu.externaltools.gnu-tools-for-stm32.10.3-2021.10.win32_1.0.0.202111181127/tools/bin/../lib/gcc/arm-none-eabi/10.3.1/../../../../arm-none-eabi/lib/thumb/v7e-m+fp/hard\libc_nano.a
LOAD c:/st/stm32cubeide_1.9.0/stm32cubeide/plugins/com.st.stm32cube.ide.mcu.externaltools.gnu-tools-for-stm32.10.3-2021.10.win32_1.0.0.202111181127/tools/bin/../lib/gcc/arm-none-eabi/10.3.1/../../../../arm-none-eabi/lib/thumb/v7e-m+fp/hard\libnosys.a
END GROUP
LOAD c:/st/stm32cubeide_1.9.0/stm32cubeide/plugins/com.st.stm32cube.ide.mcu.externaltools.gnu-tools-for-stm32.10.3-2021.10.win32_1.0.0.202111181127/tools/bin/../lib/gcc/arm-none-eabi/10.3.1/thumb/v7e-m+fp/hard/crtend.o
LOAD c:/st/stm32cubeide_1.9.0/stm32cubeide/plugins/com.st.stm32cube.ide.mcu.externaltools.gnu-tools-for-stm32.10.3-2021.10.win32_1.0.0.202111181127/tools/bin/../lib/gcc/arm-none-eabi/10.3.1/thumb/v7e-m+fp/hard/crtn.o
                0x0000000020020000                _estack = (ORIGIN (RAM) + LENGTH (RAM))
                0x0000000000000200                _Min_Heap_Size = 0x200
                0x0000000000000400                _Min_Stack_Size = 0x400

.isr_vector     0x0000000008000000      0x188
                0x0000000008000000                . = ALIGN (0x4)
 *(.isr_vector)
 .isr_vector    0x0000000008000000      0x188 ./Core/Startup/startup_stm32f407vgtx.o
                0x0000000008000000                g_pfnVectors
                0x0000000008000188                . = ALIGN (0x4)

.text           0x0000000008000190     0x7580
                0x0000000008000190                . = ALIGN (0x4)
 *(.text)
 .text          0x0000000008000190       0x40 c:/st/stm32cubeide_1.9.0/stm32cubeide/plugins/com.st.stm32cube.ide.mcu.externaltools.gnu-tools-for-stm32.10.3-2021.10.win32_1.0.0.202111181127/tools/bin/../lib/gcc/arm-none-eabi/10.3.1/thumb/v7e-m+fp/hard/crtbegin.o
 .text          0x00000000080001d0       0xa0 c:/st/stm32cubeide_1.9.0/stm32cubeide/plugins/com.st.stm32cube.ide.mcu.externaltools.gnu-tools-for-stm32.10.3-2021.10.win32_1.0.0.202111181127/tools/bin/../lib/gcc/arm-none-eabi/10.3.1/../../../../arm-none-eabi/lib/thumb/v7e-m+fp/hard\libc_nano.a(lib_a-memchr.o)
                0x00000000080001d0                memchr
 .text          0x0000000008000270       0x30 c:/st/stm32cubeide_1.9.0/stm32cubeide/plugins/com.st.stm32cube.ide.mcu.externaltools.gnu-tools-for-stm32.10.3-2021.10.win32_1.0.0.202111181127/tools/bin/../lib/gcc/arm-none-eabi/10.3.1/thumb/v7e-m+fp/hard\libgcc.a(_aeabi_uldivmod.o)
                0x0000000008000270                __aeabi_uldivmod
 .text          0x00000000080002a0      0x2d0 c:/st/stm32cubeide_1.9.0/stm32cubeide/plugins/com.st.stm32cube.ide.mcu.externaltools.gnu-tools-for-stm32.10.3-2021.10.win32_1.0.0.202111181127/tools/bin/../lib/gcc/arm-none-eabi/10.3.1/thumb/v7e-m+fp/hard\libgcc.a(_udivmoddi4.o)
                0x00000000080002a0                __udivmoddi4
 .text          0x0000000008000570        0x4 c:/st/stm32cubeide_1.9.0/stm32cubeide/plugins/com.st.stm32cube.ide.mcu.externaltools.gnu-tools-for-stm32.10.3-2021.10.win32_1.0.0.202111181127/tools/bin/../lib/gcc/arm-none-eabi/10.3.1/thumb/v7e-m+fp/hard\libgcc.a(_dvmd_tls.o)
                0x0000000008000570                __aeabi_idiv0
                0x0000000008000570                __aeabi_ldiv0
 *(.text*)
 .text.vApplicationGetIdleTaskMemory
                0x0000000008000574       0x34 ./Core/Src/freertos.o
                0x0000000008000574                vApplicationGetIdleTaskMemory
 .text.main     0x00000000080005a8       0x4c ./Core/Src/main.o
                0x00000000080005a8                main
 .text.SystemClock_Config
                0x00000000080005f4       0xe0 ./Core/Src/main.o
                0x00000000080005f4                SystemClock_Config
 .text.MX_TIM7_Init
                0x00000000080006d4       0x5c ./Core/Src/main.o
 .text.MX_USART2_UART_Init
                0x0000000008000730       0x54 ./Core/Src/main.o
 .text.MX_GPIO_Init
                0x0000000008000784      0x2ac ./Core/Src/main.o
 .text.StartDefaultTask
                0x0000000008000a30       0x58 ./Core/Src/main.o
                0x0000000008000a30                StartDefaultTask
 .text.HAL_TIM_PeriodElapsedCallback
                0x0000000008000a88       0x24 ./Core/Src/main.o
                0x0000000008000a88                HAL_TIM_PeriodElapsedCallback
 .text.Error_Handler
                0x0000000008000aac        0x6 ./Core/Src/main.o
                0x0000000008000aac                Error_Handler
 .text.ModbusRTUTask
                0x0000000008000ab2       0x20 ./Core/Src/mdtask.o
                0x0000000008000ab2                ModbusRTUTask
 .text.ModbusRTU_UserTask
                0x0000000008000ad2       0x8c ./Core/Src/mdtask.o
                0x0000000008000ad2                ModbusRTU_UserTask
 *fill*         0x0000000008000b5e        0x2 
 .text.eMBMasterRegInputCB
                0x0000000008000b60       0xc4 ./Core/Src/mdtask.o
                0x0000000008000b60                eMBMasterRegInputCB
 .text.eMBMasterRegHoldingCB
                0x0000000008000c24      0x11c ./Core/Src/mdtask.o
                0x0000000008000c24                eMBMasterRegHoldingCB
 .text.eMBMasterRegCoilsCB
                0x0000000008000d40      0x16c ./Core/Src/mdtask.o
                0x0000000008000d40                eMBMasterRegCoilsCB
 .text.eMBMasterRegDiscreteCB
                0x0000000008000eac       0xe4 ./Core/Src/mdtask.o
                0x0000000008000eac                eMBMasterRegDiscreteCB
 .text.HAL_MspInit
                0x0000000008000f90       0x58 ./Core/Src/stm32f4xx_hal_msp.o
                0x0000000008000f90                HAL_MspInit
 .text.HAL_TIM_Base_MspInit
                0x0000000008000fe8       0x50 ./Core/Src/stm32f4xx_hal_msp.o
                0x0000000008000fe8                HAL_TIM_Base_MspInit
 .text.HAL_UART_MspInit
                0x0000000008001038       0xa0 ./Core/Src/stm32f4xx_hal_msp.o
                0x0000000008001038                HAL_UART_MspInit
 .text.HAL_InitTick
                0x00000000080010d8       0xb4 ./Core/Src/stm32f4xx_hal_timebase_tim.o
                0x00000000080010d8                HAL_InitTick
 .text.SysTick_Handler
                0x000000000800118c        0xc ./Core/Src/stm32f4xx_it.o
                0x000000000800118c                SysTick_Handler
 .text.USART2_IRQHandler
                0x0000000008001198       0x8c ./Core/Src/stm32f4xx_it.o
                0x0000000008001198                USART2_IRQHandler
 .text.TIM6_DAC_IRQHandler
                0x0000000008001224       0x14 ./Core/Src/stm32f4xx_it.o
                0x0000000008001224                TIM6_DAC_IRQHandler
 .text.TIM7_IRQHandler
                0x0000000008001238       0x5c ./Core/Src/stm32f4xx_it.o
                0x0000000008001238                TIM7_IRQHandler
 .text._getpid  0x0000000008001294       0x10 ./Core/Src/syscalls.o
                0x0000000008001294                _getpid
 .text._kill    0x00000000080012a4       0x20 ./Core/Src/syscalls.o
                0x00000000080012a4                _kill
 .text._exit    0x00000000080012c4       0x14 ./Core/Src/syscalls.o
                0x00000000080012c4                _exit
 .text._read    0x00000000080012d8       0x3a ./Core/Src/syscalls.o
                0x00000000080012d8                _read
 .text._write   0x0000000008001312       0x38 ./Core/Src/syscalls.o
                0x0000000008001312                _write
 .text._close   0x000000000800134a       0x18 ./Core/Src/syscalls.o
                0x000000000800134a                _close
 .text._fstat   0x0000000008001362       0x20 ./Core/Src/syscalls.o
                0x0000000008001362                _fstat
 .text._isatty  0x0000000008001382       0x16 ./Core/Src/syscalls.o
                0x0000000008001382                _isatty
 .text._lseek   0x0000000008001398       0x1a ./Core/Src/syscalls.o
                0x0000000008001398                _lseek
 *fill*         0x00000000080013b2        0x2 
 .text._sbrk    0x00000000080013b4       0x6c ./Core/Src/sysmem.o
                0x00000000080013b4                _sbrk
 .text.SystemInit
                0x0000000008001420       0x24 ./Core/Src/system_stm32f4xx.o
                0x0000000008001420                SystemInit
 .text.Reset_Handler
                0x0000000008001444       0x50 ./Core/Startup/startup_stm32f407vgtx.o
                0x0000000008001444                Reset_Handler
 .text.Default_Handler
                0x0000000008001494        0x2 ./Core/Startup/startup_stm32f407vgtx.o
                0x0000000008001494                RTC_Alarm_IRQHandler
                0x0000000008001494                HASH_RNG_IRQHandler
                0x0000000008001494                EXTI2_IRQHandler
                0x0000000008001494                TIM8_CC_IRQHandler
                0x0000000008001494                DebugMon_Handler
                0x0000000008001494                TIM1_CC_IRQHandler
                0x0000000008001494                DMA2_Stream5_IRQHandler
                0x0000000008001494                HardFault_Handler
                0x0000000008001494                DMA1_Stream5_IRQHandler
                0x0000000008001494                PVD_IRQHandler
                0x0000000008001494                SDIO_IRQHandler
                0x0000000008001494                TAMP_STAMP_IRQHandler
                0x0000000008001494                NMI_Handler
                0x0000000008001494                CAN2_RX1_IRQHandler
                0x0000000008001494                EXTI3_IRQHandler
                0x0000000008001494                TIM8_TRG_COM_TIM14_IRQHandler
                0x0000000008001494                TIM1_UP_TIM10_IRQHandler
                0x0000000008001494                TIM8_UP_TIM13_IRQHandler
                0x0000000008001494                I2C3_ER_IRQHandler
                0x0000000008001494                EXTI0_IRQHandler
                0x0000000008001494                I2C2_EV_IRQHandler
                0x0000000008001494                DMA1_Stream2_IRQHandler
                0x0000000008001494                CAN1_RX0_IRQHandler
                0x0000000008001494                FPU_IRQHandler
                0x0000000008001494                OTG_HS_WKUP_IRQHandler
                0x0000000008001494                UsageFault_Handler
                0x0000000008001494                CAN2_SCE_IRQHandler
                0x0000000008001494                DMA2_Stream2_IRQHandler
                0x0000000008001494                SPI1_IRQHandler
                0x0000000008001494                TIM1_BRK_TIM9_IRQHandler
                0x0000000008001494                DCMI_IRQHandler
                0x0000000008001494                CAN2_RX0_IRQHandler
                0x0000000008001494                DMA2_Stream3_IRQHandler
                0x0000000008001494                USART6_IRQHandler
                0x0000000008001494                USART3_IRQHandler
                0x0000000008001494                CAN1_RX1_IRQHandler
                0x0000000008001494                UART5_IRQHandler
                0x0000000008001494                DMA2_Stream0_IRQHandler
                0x0000000008001494                TIM4_IRQHandler
                0x0000000008001494                I2C1_EV_IRQHandler
                0x0000000008001494                DMA1_Stream6_IRQHandler
                0x0000000008001494                DMA1_Stream1_IRQHandler
                0x0000000008001494                UART4_IRQHandler
                0x0000000008001494                TIM3_IRQHandler
                0x0000000008001494                RCC_IRQHandler
                0x0000000008001494                TIM8_BRK_TIM12_IRQHandler
                0x0000000008001494                Default_Handler
                0x0000000008001494                EXTI15_10_IRQHandler
                0x0000000008001494                ADC_IRQHandler
                0x0000000008001494                DMA1_Stream7_IRQHandler
                0x0000000008001494                CAN2_TX_IRQHandler
                0x0000000008001494                TIM5_IRQHandler
                0x0000000008001494                DMA2_Stream7_IRQHandler
                0x0000000008001494                I2C3_EV_IRQHandler
                0x0000000008001494                EXTI9_5_IRQHandler
                0x0000000008001494                RTC_WKUP_IRQHandler
                0x0000000008001494                ETH_WKUP_IRQHandler
                0x0000000008001494                SPI2_IRQHandler
                0x0000000008001494                OTG_HS_EP1_IN_IRQHandler
                0x0000000008001494                MemManage_Handler
                0x0000000008001494                DMA1_Stream0_IRQHandler
                0x0000000008001494                CAN1_TX_IRQHandler
                0x0000000008001494                EXTI4_IRQHandler
                0x0000000008001494                FSMC_IRQHandler
                0x0000000008001494                ETH_IRQHandler
                0x0000000008001494                OTG_HS_EP1_OUT_IRQHandler
                0x0000000008001494                WWDG_IRQHandler
                0x0000000008001494                TIM2_IRQHandler
                0x0000000008001494                OTG_FS_WKUP_IRQHandler
                0x0000000008001494                TIM1_TRG_COM_TIM11_IRQHandler
                0x0000000008001494                OTG_HS_IRQHandler
                0x0000000008001494                EXTI1_IRQHandler
                0x0000000008001494                I2C2_ER_IRQHandler
                0x0000000008001494                DMA2_Stream1_IRQHandler
                0x0000000008001494                CAN1_SCE_IRQHandler
                0x0000000008001494                FLASH_IRQHandler
                0x0000000008001494                DMA2_Stream4_IRQHandler
                0x0000000008001494                BusFault_Handler
                0x0000000008001494                USART1_IRQHandler
                0x0000000008001494                OTG_FS_IRQHandler
                0x0000000008001494                SPI3_IRQHandler
                0x0000000008001494                DMA1_Stream4_IRQHandler
                0x0000000008001494                I2C1_ER_IRQHandler
                0x0000000008001494                DMA2_Stream6_IRQHandler
                0x0000000008001494                DMA1_Stream3_IRQHandler
 *fill*         0x0000000008001496        0x2 
 .text.HAL_Init
                0x0000000008001498       0x44 ./Drivers/STM32F4xx_HAL_Driver/Src/stm32f4xx_hal.o
                0x0000000008001498                HAL_Init
 .text.HAL_IncTick
                0x00000000080014dc       0x28 ./Drivers/STM32F4xx_HAL_Driver/Src/stm32f4xx_hal.o
                0x00000000080014dc                HAL_IncTick
 .text.HAL_GetTick
                0x0000000008001504       0x18 ./Drivers/STM32F4xx_HAL_Driver/Src/stm32f4xx_hal.o
                0x0000000008001504                HAL_GetTick
 .text.__NVIC_SetPriorityGrouping
                0x000000000800151c       0x48 ./Drivers/STM32F4xx_HAL_Driver/Src/stm32f4xx_hal_cortex.o
 .text.__NVIC_GetPriorityGrouping
                0x0000000008001564       0x1c ./Drivers/STM32F4xx_HAL_Driver/Src/stm32f4xx_hal_cortex.o
 .text.__NVIC_EnableIRQ
                0x0000000008001580       0x3c ./Drivers/STM32F4xx_HAL_Driver/Src/stm32f4xx_hal_cortex.o
 .text.__NVIC_SetPriority
                0x00000000080015bc       0x54 ./Drivers/STM32F4xx_HAL_Driver/Src/stm32f4xx_hal_cortex.o
 .text.NVIC_EncodePriority
                0x0000000008001610       0x66 ./Drivers/STM32F4xx_HAL_Driver/Src/stm32f4xx_hal_cortex.o
 *fill*         0x0000000008001676        0x2 
 .text.SysTick_Config
                0x0000000008001678       0x44 ./Drivers/STM32F4xx_HAL_Driver/Src/stm32f4xx_hal_cortex.o
 .text.HAL_NVIC_SetPriorityGrouping
                0x00000000080016bc       0x16 ./Drivers/STM32F4xx_HAL_Driver/Src/stm32f4xx_hal_cortex.o
                0x00000000080016bc                HAL_NVIC_SetPriorityGrouping
 .text.HAL_NVIC_SetPriority
                0x00000000080016d2       0x38 ./Drivers/STM32F4xx_HAL_Driver/Src/stm32f4xx_hal_cortex.o
                0x00000000080016d2                HAL_NVIC_SetPriority
 .text.HAL_NVIC_EnableIRQ
                0x000000000800170a       0x1c ./Drivers/STM32F4xx_HAL_Driver/Src/stm32f4xx_hal_cortex.o
                0x000000000800170a                HAL_NVIC_EnableIRQ
 .text.HAL_SYSTICK_Config
                0x0000000008001726       0x18 ./Drivers/STM32F4xx_HAL_Driver/Src/stm32f4xx_hal_cortex.o
                0x0000000008001726                HAL_SYSTICK_Config
 *fill*         0x000000000800173e        0x2 
 .text.HAL_SYSTICK_CLKSourceConfig
                0x0000000008001740       0x38 ./Drivers/STM32F4xx_HAL_Driver/Src/stm32f4xx_hal_cortex.o
                0x0000000008001740                HAL_SYSTICK_CLKSourceConfig
 .text.HAL_DMA_Abort
                0x0000000008001778       0xe0 ./Drivers/STM32F4xx_HAL_Driver/Src/stm32f4xx_hal_dma.o
                0x0000000008001778                HAL_DMA_Abort
 .text.HAL_DMA_Abort_IT
                0x0000000008001858       0x44 ./Drivers/STM32F4xx_HAL_Driver/Src/stm32f4xx_hal_dma.o
                0x0000000008001858                HAL_DMA_Abort_IT
 .text.HAL_GPIO_Init
                0x000000000800189c      0x338 ./Drivers/STM32F4xx_HAL_Driver/Src/stm32f4xx_hal_gpio.o
                0x000000000800189c                HAL_GPIO_Init
 .text.HAL_GPIO_WritePin
                0x0000000008001bd4       0x32 ./Drivers/STM32F4xx_HAL_Driver/Src/stm32f4xx_hal_gpio.o
                0x0000000008001bd4                HAL_GPIO_WritePin
 *fill*         0x0000000008001c06        0x2 
 .text.HAL_RCC_OscConfig
                0x0000000008001c08      0x4f0 ./Drivers/STM32F4xx_HAL_Driver/Src/stm32f4xx_hal_rcc.o
                0x0000000008001c08                HAL_RCC_OscConfig
 .text.HAL_RCC_ClockConfig
                0x00000000080020f8      0x1cc ./Drivers/STM32F4xx_HAL_Driver/Src/stm32f4xx_hal_rcc.o
                0x00000000080020f8                HAL_RCC_ClockConfig
 .text.HAL_RCC_GetSysClockFreq
                0x00000000080022c4      0x20c ./Drivers/STM32F4xx_HAL_Driver/Src/stm32f4xx_hal_rcc.o
                0x00000000080022c4                HAL_RCC_GetSysClockFreq
 .text.HAL_RCC_GetHCLKFreq
                0x00000000080024d0       0x18 ./Drivers/STM32F4xx_HAL_Driver/Src/stm32f4xx_hal_rcc.o
                0x00000000080024d0                HAL_RCC_GetHCLKFreq
 .text.HAL_RCC_GetPCLK1Freq
                0x00000000080024e8       0x28 ./Drivers/STM32F4xx_HAL_Driver/Src/stm32f4xx_hal_rcc.o
                0x00000000080024e8                HAL_RCC_GetPCLK1Freq
 .text.HAL_RCC_GetPCLK2Freq
                0x0000000008002510       0x28 ./Drivers/STM32F4xx_HAL_Driver/Src/stm32f4xx_hal_rcc.o
                0x0000000008002510                HAL_RCC_GetPCLK2Freq
 .text.HAL_RCC_GetClockConfig
                0x0000000008002538       0x64 ./Drivers/STM32F4xx_HAL_Driver/Src/stm32f4xx_hal_rcc.o
                0x0000000008002538                HAL_RCC_GetClockConfig
 .text.HAL_TIM_Base_Init
                0x000000000800259c       0x9e ./Drivers/STM32F4xx_HAL_Driver/Src/stm32f4xx_hal_tim.o
                0x000000000800259c                HAL_TIM_Base_Init
 *fill*         0x000000000800263a        0x2 
 .text.HAL_TIM_Base_Start_IT
                0x000000000800263c       0xe0 ./Drivers/STM32F4xx_HAL_Driver/Src/stm32f4xx_hal_tim.o
                0x000000000800263c                HAL_TIM_Base_Start_IT
 .text.HAL_TIM_Base_Stop_IT
                0x000000000800271c       0x5e ./Drivers/STM32F4xx_HAL_Driver/Src/stm32f4xx_hal_tim.o
                0x000000000800271c                HAL_TIM_Base_Stop_IT
 .text.HAL_TIM_IRQHandler
                0x000000000800277a      0x210 ./Drivers/STM32F4xx_HAL_Driver/Src/stm32f4xx_hal_tim.o
                0x000000000800277a                HAL_TIM_IRQHandler
 .text.HAL_TIM_OC_DelayElapsedCallback
                0x000000000800298a       0x14 ./Drivers/STM32F4xx_HAL_Driver/Src/stm32f4xx_hal_tim.o
                0x000000000800298a                HAL_TIM_OC_DelayElapsedCallback
 .text.HAL_TIM_IC_CaptureCallback
                0x000000000800299e       0x14 ./Drivers/STM32F4xx_HAL_Driver/Src/stm32f4xx_hal_tim.o
                0x000000000800299e                HAL_TIM_IC_CaptureCallback
 .text.HAL_TIM_PWM_PulseFinishedCallback
                0x00000000080029b2       0x14 ./Drivers/STM32F4xx_HAL_Driver/Src/stm32f4xx_hal_tim.o
                0x00000000080029b2                HAL_TIM_PWM_PulseFinishedCallback
 .text.HAL_TIM_TriggerCallback
                0x00000000080029c6       0x14 ./Drivers/STM32F4xx_HAL_Driver/Src/stm32f4xx_hal_tim.o
                0x00000000080029c6                HAL_TIM_TriggerCallback
 *fill*         0x00000000080029da        0x2 
 .text.TIM_Base_SetConfig
                0x00000000080029dc      0x140 ./Drivers/STM32F4xx_HAL_Driver/Src/stm32f4xx_hal_tim.o
                0x00000000080029dc                TIM_Base_SetConfig
 .text.HAL_TIMEx_MasterConfigSynchronization
                0x0000000008002b1c       0xf8 ./Drivers/STM32F4xx_HAL_Driver/Src/stm32f4xx_hal_tim_ex.o
                0x0000000008002b1c                HAL_TIMEx_MasterConfigSynchronization
 .text.HAL_TIMEx_CommutCallback
                0x0000000008002c14       0x14 ./Drivers/STM32F4xx_HAL_Driver/Src/stm32f4xx_hal_tim_ex.o
                0x0000000008002c14                HAL_TIMEx_CommutCallback
 .text.HAL_TIMEx_BreakCallback
                0x0000000008002c28       0x14 ./Drivers/STM32F4xx_HAL_Driver/Src/stm32f4xx_hal_tim_ex.o
                0x0000000008002c28                HAL_TIMEx_BreakCallback
 .text.HAL_UART_Init
                0x0000000008002c3c       0x9a ./Drivers/STM32F4xx_HAL_Driver/Src/stm32f4xx_hal_uart.o
                0x0000000008002c3c                HAL_UART_Init
 .text.HAL_UART_Transmit
                0x0000000008002cd6      0x124 ./Drivers/STM32F4xx_HAL_Driver/Src/stm32f4xx_hal_uart.o
                0x0000000008002cd6                HAL_UART_Transmit
 *fill*         0x0000000008002dfa        0x2 
 .text.HAL_UART_IRQHandler
                0x0000000008002dfc      0x51c ./Drivers/STM32F4xx_HAL_Driver/Src/stm32f4xx_hal_uart.o
                0x0000000008002dfc                HAL_UART_IRQHandler
 .text.HAL_UART_TxCpltCallback
                0x0000000008003318       0x14 ./Drivers/STM32F4xx_HAL_Driver/Src/stm32f4xx_hal_uart.o
                0x0000000008003318                HAL_UART_TxCpltCallback
 .text.HAL_UART_RxCpltCallback
                0x000000000800332c       0x14 ./Drivers/STM32F4xx_HAL_Driver/Src/stm32f4xx_hal_uart.o
                0x000000000800332c                HAL_UART_RxCpltCallback
 .text.HAL_UART_ErrorCallback
                0x0000000008003340       0x14 ./Drivers/STM32F4xx_HAL_Driver/Src/stm32f4xx_hal_uart.o
                0x0000000008003340                HAL_UART_ErrorCallback
 .text.HAL_UARTEx_RxEventCallback
                0x0000000008003354       0x18 ./Drivers/STM32F4xx_HAL_Driver/Src/stm32f4xx_hal_uart.o
                0x0000000008003354                HAL_UARTEx_RxEventCallback
 .text.UART_WaitOnFlagUntilTimeout
                0x000000000800336c       0xdc ./Drivers/STM32F4xx_HAL_Driver/Src/stm32f4xx_hal_uart.o
 .text.UART_EndRxTransfer
                0x0000000008003448       0xc6 ./Drivers/STM32F4xx_HAL_Driver/Src/stm32f4xx_hal_uart.o
 .text.UART_DMAAbortOnError
                0x000000000800350e       0x28 ./Drivers/STM32F4xx_HAL_Driver/Src/stm32f4xx_hal_uart.o
 .text.UART_Transmit_IT
                0x0000000008003536       0xa0 ./Drivers/STM32F4xx_HAL_Driver/Src/stm32f4xx_hal_uart.o
 .text.UART_EndTransmit_IT
                0x00000000080035d6       0x30 ./Drivers/STM32F4xx_HAL_Driver/Src/stm32f4xx_hal_uart.o
 .text.UART_Receive_IT
                0x0000000008003606      0x176 ./Drivers/STM32F4xx_HAL_Driver/Src/stm32f4xx_hal_uart.o
 .text.UART_SetConfig
                0x000000000800377c      0x4e8 ./Drivers/STM32F4xx_HAL_Driver/Src/stm32f4xx_hal_uart.o
 .text.makeFreeRtosPriority
                0x0000000008003c64       0x30 ./Middlewares/Third_Party/FreeRTOS/Source/CMSIS_RTOS/cmsis_os.o
 .text.osKernelStart
                0x0000000008003c94        0xe ./Middlewares/Third_Party/FreeRTOS/Source/CMSIS_RTOS/cmsis_os.o
                0x0000000008003c94                osKernelStart
 .text.osThreadCreate
                0x0000000008003ca2       0x98 ./Middlewares/Third_Party/FreeRTOS/Source/CMSIS_RTOS/cmsis_os.o
                0x0000000008003ca2                osThreadCreate
 .text.osDelay  0x0000000008003d3a       0x28 ./Middlewares/Third_Party/FreeRTOS/Source/CMSIS_RTOS/cmsis_os.o
                0x0000000008003d3a                osDelay
 .text.osSystickHandler
                0x0000000008003d62       0x16 ./Middlewares/Third_Party/FreeRTOS/Source/CMSIS_RTOS/cmsis_os.o
                0x0000000008003d62                osSystickHandler
 .text.vListInitialise
                0x0000000008003d78       0x40 ./Middlewares/Third_Party/FreeRTOS/Source/list.o
                0x0000000008003d78                vListInitialise
 .text.vListInitialiseItem
                0x0000000008003db8       0x1a ./Middlewares/Third_Party/FreeRTOS/Source/list.o
                0x0000000008003db8                vListInitialiseItem
 .text.vListInsertEnd
                0x0000000008003dd2       0x48 ./Middlewares/Third_Party/FreeRTOS/Source/list.o
                0x0000000008003dd2                vListInsertEnd
 .text.vListInsert
                0x0000000008003e1a       0x72 ./Middlewares/Third_Party/FreeRTOS/Source/list.o
                0x0000000008003e1a                vListInsert
 .text.uxListRemove
                0x0000000008003e8c       0x54 ./Middlewares/Third_Party/FreeRTOS/Source/list.o
                0x0000000008003e8c                uxListRemove
 .text.xTaskCreateStatic
                0x0000000008003ee0       0xba ./Middlewares/Third_Party/FreeRTOS/Source/tasks.o
                0x0000000008003ee0                xTaskCreateStatic
 .text.xTaskCreate
                0x0000000008003f9a       0x8a ./Middlewares/Third_Party/FreeRTOS/Source/tasks.o
                0x0000000008003f9a                xTaskCreate
 .text.prvInitialiseNewTask
                0x0000000008004024      0x10e ./Middlewares/Third_Party/FreeRTOS/Source/tasks.o
 *fill*         0x0000000008004132        0x2 
 .text.prvAddNewTaskToReadyList
                0x0000000008004134       0xd4 ./Middlewares/Third_Party/FreeRTOS/Source/tasks.o
 .text.vTaskDelay
                0x0000000008004208       0x68 ./Middlewares/Third_Party/FreeRTOS/Source/tasks.o
                0x0000000008004208                vTaskDelay
 .text.vTaskStartScheduler
                0x0000000008004270       0xc0 ./Middlewares/Third_Party/FreeRTOS/Source/tasks.o
                0x0000000008004270                vTaskStartScheduler
 .text.vTaskSuspendAll
                0x0000000008004330       0x1c ./Middlewares/Third_Party/FreeRTOS/Source/tasks.o
                0x0000000008004330                vTaskSuspendAll
 .text.xTaskResumeAll
                0x000000000800434c      0x138 ./Middlewares/Third_Party/FreeRTOS/Source/tasks.o
                0x000000000800434c                xTaskResumeAll
 .text.xTaskIncrementTick
                0x0000000008004484      0x170 ./Middlewares/Third_Party/FreeRTOS/Source/tasks.o
                0x0000000008004484                xTaskIncrementTick
 .text.vTaskSwitchContext
                0x00000000080045f4       0xb8 ./Middlewares/Third_Party/FreeRTOS/Source/tasks.o
                0x00000000080045f4                vTaskSwitchContext
 .text.prvIdleTask
                0x00000000080046ac       0x30 ./Middlewares/Third_Party/FreeRTOS/Source/tasks.o
 .text.prvInitialiseTaskLists
                0x00000000080046dc       0x80 ./Middlewares/Third_Party/FreeRTOS/Source/tasks.o
 .text.prvCheckTasksWaitingTermination
                0x000000000800475c       0x5c ./Middlewares/Third_Party/FreeRTOS/Source/tasks.o
 .text.prvDeleteTCB
                0x00000000080047b8       0x5e ./Middlewares/Third_Party/FreeRTOS/Source/tasks.o
 *fill*         0x0000000008004816        0x2 
 .text.prvResetNextTaskUnblockTime
                0x0000000008004818       0x40 ./Middlewares/Third_Party/FreeRTOS/Source/tasks.o
 .text.xTaskGetSchedulerState
                0x0000000008004858       0x3c ./Middlewares/Third_Party/FreeRTOS/Source/tasks.o
                0x0000000008004858                xTaskGetSchedulerState
 .text.prvAddCurrentTaskToDelayedList
                0x0000000008004894       0xcc ./Middlewares/Third_Party/FreeRTOS/Source/tasks.o
 .text.pxPortInitialiseStack
                0x0000000008004960       0x68 ./Middlewares/Third_Party/FreeRTOS/Source/portable/GCC/ARM_CM4F/port.o
                0x0000000008004960                pxPortInitialiseStack
 .text.prvTaskExitError
                0x00000000080049c8       0x58 ./Middlewares/Third_Party/FreeRTOS/Source/portable/GCC/ARM_CM4F/port.o
 .text.SVC_Handler
                0x0000000008004a20       0x28 ./Middlewares/Third_Party/FreeRTOS/Source/portable/GCC/ARM_CM4F/port.o
                0x0000000008004a20                SVC_Handler
 .text.prvPortStartFirstTask
                0x0000000008004a48       0x28 ./Middlewares/Third_Party/FreeRTOS/Source/portable/GCC/ARM_CM4F/port.o
 .text.xPortStartScheduler
                0x0000000008004a70      0x144 ./Middlewares/Third_Party/FreeRTOS/Source/portable/GCC/ARM_CM4F/port.o
                0x0000000008004a70                xPortStartScheduler
 .text.vPortEnterCritical
                0x0000000008004bb4       0x60 ./Middlewares/Third_Party/FreeRTOS/Source/portable/GCC/ARM_CM4F/port.o
                0x0000000008004bb4                vPortEnterCritical
 .text.vPortExitCritical
                0x0000000008004c14       0x54 ./Middlewares/Third_Party/FreeRTOS/Source/portable/GCC/ARM_CM4F/port.o
                0x0000000008004c14                vPortExitCritical
 *fill*         0x0000000008004c68        0x8 
 .text.PendSV_Handler
                0x0000000008004c70       0x68 ./Middlewares/Third_Party/FreeRTOS/Source/portable/GCC/ARM_CM4F/port.o
                0x0000000008004c70                PendSV_Handler
 .text.xPortSysTickHandler
                0x0000000008004cd8       0x44 ./Middlewares/Third_Party/FreeRTOS/Source/portable/GCC/ARM_CM4F/port.o
                0x0000000008004cd8                xPortSysTickHandler
 .text.vPortSetupTimerInterrupt
                0x0000000008004d1c       0x48 ./Middlewares/Third_Party/FreeRTOS/Source/portable/GCC/ARM_CM4F/port.o
                0x0000000008004d1c                vPortSetupTimerInterrupt
 .text.vPortEnableVFP
                0x0000000008004d64       0x14 ./Middlewares/Third_Party/FreeRTOS/Source/portable/GCC/ARM_CM4F/port.o
 .text.pvPortMalloc
                0x0000000008004d78      0x198 ./Middlewares/Third_Party/FreeRTOS/Source/portable/MemMang/heap_4.o
                0x0000000008004d78                pvPortMalloc
 .text.vPortFree
                0x0000000008004f10       0xc4 ./Middlewares/Third_Party/FreeRTOS/Source/portable/MemMang/heap_4.o
                0x0000000008004f10                vPortFree
 .text.prvHeapInit
                0x0000000008004fd4       0xc4 ./Middlewares/Third_Party/FreeRTOS/Source/portable/MemMang/heap_4.o
 .text.prvInsertBlockIntoFreeList
                0x0000000008005098       0xb4 ./Middlewares/Third_Party/FreeRTOS/Source/portable/MemMang/heap_4.o
 .text.eMBMasterFuncReadCoils
                0x000000000800514c       0xd6 ./Middlewares/Third_Party/modbus/functions/mbfunccoils_m.o
                0x000000000800514c                eMBMasterFuncReadCoils
 .text.eMBMasterReqWriteCoil
                0x0000000008005222       0xb0 ./Middlewares/Third_Party/modbus/functions/mbfunccoils_m.o
                0x0000000008005222                eMBMasterReqWriteCoil
 .text.eMBMasterFuncWriteCoil
                0x00000000080052d2       0xa6 ./Middlewares/Third_Party/modbus/functions/mbfunccoils_m.o
                0x00000000080052d2                eMBMasterFuncWriteCoil
 .text.eMBMasterFuncWriteMultipleCoils
                0x0000000008005378       0xd4 ./Middlewares/Third_Party/modbus/functions/mbfunccoils_m.o
                0x0000000008005378                eMBMasterFuncWriteMultipleCoils
 .text.eMBMasterFuncReadDiscreteInputs
                0x000000000800544c       0xd6 ./Middlewares/Third_Party/modbus/functions/mbfuncdisc_m.o
                0x000000000800544c                eMBMasterFuncReadDiscreteInputs
 .text.eMBMasterFuncWriteHoldingRegister
                0x0000000008005522       0x6a ./Middlewares/Third_Party/modbus/functions/mbfuncholding_m.o
                0x0000000008005522                eMBMasterFuncWriteHoldingRegister
 .text.eMBMasterFuncWriteMultipleHoldingRegister
                0x000000000800558c       0xb2 ./Middlewares/Third_Party/modbus/functions/mbfuncholding_m.o
                0x000000000800558c                eMBMasterFuncWriteMultipleHoldingRegister
 .text.eMBMasterFuncReadHoldingRegister
                0x000000000800563e       0xb8 ./Middlewares/Third_Party/modbus/functions/mbfuncholding_m.o
                0x000000000800563e                eMBMasterFuncReadHoldingRegister
 .text.eMBMasterFuncReadWriteMultipleHoldingRegister
                0x00000000080056f6      0x100 ./Middlewares/Third_Party/modbus/functions/mbfuncholding_m.o
                0x00000000080056f6                eMBMasterFuncReadWriteMultipleHoldingRegister
 .text.eMBMasterFuncReadInputRegister
                0x00000000080057f6       0xb8 ./Middlewares/Third_Party/modbus/functions/mbfuncinput_m.o
                0x00000000080057f6                eMBMasterFuncReadInputRegister
 *fill*         0x00000000080058ae        0x2 
 .text.eMBFuncReportSlaveID
                0x00000000080058b0       0x38 ./Middlewares/Third_Party/modbus/functions/mbfuncother.o
                0x00000000080058b0                eMBFuncReportSlaveID
 .text.xMBUtilSetBits
                0x00000000080058e8       0xd8 ./Middlewares/Third_Party/modbus/functions/mbutils.o
                0x00000000080058e8                xMBUtilSetBits
 .text.xMBUtilGetBits
                0x00000000080059c0       0x74 ./Middlewares/Third_Party/modbus/functions/mbutils.o
                0x00000000080059c0                xMBUtilGetBits
 .text.prveMBError2Exception
                0x0000000008005a34       0x44 ./Middlewares/Third_Party/modbus/functions/mbutils.o
                0x0000000008005a34                prveMBError2Exception
 .text.eMBMasterInit
                0x0000000008005a78       0xd0 ./Middlewares/Third_Party/modbus/mb_m.o
                0x0000000008005a78                eMBMasterInit
 .text.eMBMasterEnable
                0x0000000008005b48       0x38 ./Middlewares/Third_Party/modbus/mb_m.o
                0x0000000008005b48                eMBMasterEnable
 .text.eMBMasterPoll
                0x0000000008005b80      0x29c ./Middlewares/Third_Party/modbus/mb_m.o
                0x0000000008005b80                eMBMasterPoll
 .text.vMBMasterSetCBRunInMasterMode
                0x0000000008005e1c       0x20 ./Middlewares/Third_Party/modbus/mb_m.o
                0x0000000008005e1c                vMBMasterSetCBRunInMasterMode
 .text.ucMBMasterGetDestAddress
                0x0000000008005e3c       0x18 ./Middlewares/Third_Party/modbus/mb_m.o
                0x0000000008005e3c                ucMBMasterGetDestAddress
 .text.vMBMasterSetDestAddress
                0x0000000008005e54       0x20 ./Middlewares/Third_Party/modbus/mb_m.o
                0x0000000008005e54                vMBMasterSetDestAddress
 .text.eMBMasterGetErrorType
                0x0000000008005e74       0x18 ./Middlewares/Third_Party/modbus/mb_m.o
                0x0000000008005e74                eMBMasterGetErrorType
 .text.vMBMasterSetErrorType
                0x0000000008005e8c       0x20 ./Middlewares/Third_Party/modbus/mb_m.o
                0x0000000008005e8c                vMBMasterSetErrorType
 .text.xMBMasterPortEventInit
                0x0000000008005eac       0x1c ./Middlewares/Third_Party/modbus/port/portevent_m.o
                0x0000000008005eac                xMBMasterPortEventInit
 .text.xMBMasterPortEventPost
                0x0000000008005ec8       0x30 ./Middlewares/Third_Party/modbus/port/portevent_m.o
                0x0000000008005ec8                xMBMasterPortEventPost
 .text.xMBMasterPortEventGet
                0x0000000008005ef8       0x40 ./Middlewares/Third_Party/modbus/port/portevent_m.o
                0x0000000008005ef8                xMBMasterPortEventGet
 .text.xMBMasterRunResTake
                0x0000000008005f38       0x16 ./Middlewares/Third_Party/modbus/port/portevent_m.o
                0x0000000008005f38                xMBMasterRunResTake
 .text.vMBMasterRunResRelease
                0x0000000008005f4e        0xe ./Middlewares/Third_Party/modbus/port/portevent_m.o
                0x0000000008005f4e                vMBMasterRunResRelease
 .text.vMBMasterErrorCBRespondTimeout
                0x0000000008005f5c       0x1c ./Middlewares/Third_Party/modbus/port/portevent_m.o
                0x0000000008005f5c                vMBMasterErrorCBRespondTimeout
 .text.vMBMasterErrorCBReceiveData
                0x0000000008005f78       0x1c ./Middlewares/Third_Party/modbus/port/portevent_m.o
                0x0000000008005f78                vMBMasterErrorCBReceiveData
 .text.vMBMasterErrorCBExecuteFunction
                0x0000000008005f94       0x1c ./Middlewares/Third_Party/modbus/port/portevent_m.o
                0x0000000008005f94                vMBMasterErrorCBExecuteFunction
 .text.vMBMasterCBRequestScuuess
                0x0000000008005fb0        0xe ./Middlewares/Third_Party/modbus/port/portevent_m.o
                0x0000000008005fb0                vMBMasterCBRequestScuuess
 .text.eMBMasterWaitRequestFinish
                0x0000000008005fbe       0x18 ./Middlewares/Third_Party/modbus/port/portevent_m.o
                0x0000000008005fbe                eMBMasterWaitRequestFinish
 *fill*         0x0000000008005fd6        0x2 
 .text.vMBMasterPortSerialEnable
                0x0000000008005fd8       0x70 ./Middlewares/Third_Party/modbus/port/portserial_m.o
                0x0000000008005fd8                vMBMasterPortSerialEnable
 .text.xMBMasterPortSerialInit
                0x0000000008006048       0x26 ./Middlewares/Third_Party/modbus/port/portserial_m.o
                0x0000000008006048                xMBMasterPortSerialInit
 *fill*         0x000000000800606e        0x2 
 .text.xMBMasterPortSerialPutByte
                0x0000000008006070       0x30 ./Middlewares/Third_Party/modbus/port/portserial_m.o
                0x0000000008006070                xMBMasterPortSerialPutByte
 .text.xMBMasterPortSerialGetByte
                0x00000000080060a0       0x28 ./Middlewares/Third_Party/modbus/port/portserial_m.o
                0x00000000080060a0                xMBMasterPortSerialGetByte
 .text.xMBMasterPortTimersInit
                0x00000000080060c8       0x80 ./Middlewares/Third_Party/modbus/port/porttimer_m.o
                0x00000000080060c8                xMBMasterPortTimersInit
 .text.vMBMasterPortTimersT35Enable
                0x0000000008006148       0x24 ./Middlewares/Third_Party/modbus/port/porttimer_m.o
                0x0000000008006148                vMBMasterPortTimersT35Enable
 .text.vMBMasterPortTimersConvertDelayEnable
                0x000000000800616c        0xe ./Middlewares/Third_Party/modbus/port/porttimer_m.o
                0x000000000800616c                vMBMasterPortTimersConvertDelayEnable
 .text.vMBMasterPortTimersRespondTimeoutEnable
                0x000000000800617a        0xe ./Middlewares/Third_Party/modbus/port/porttimer_m.o
                0x000000000800617a                vMBMasterPortTimersRespondTimeoutEnable
 .text.vMBMasterPortTimersDisable
                0x0000000008006188       0x14 ./Middlewares/Third_Party/modbus/port/porttimer_m.o
                0x0000000008006188                vMBMasterPortTimersDisable
 .text.usMBCRC16
                0x000000000800619c       0x6c ./Middlewares/Third_Party/modbus/rtu/mbcrc.o
                0x000000000800619c                usMBCRC16
 .text.eMBMasterRTUInit
                0x0000000008006208       0x70 ./Middlewares/Third_Party/modbus/rtu/mbrtu_m.o
                0x0000000008006208                eMBMasterRTUInit
 .text.eMBMasterRTUStart
                0x0000000008006278       0x28 ./Middlewares/Third_Party/modbus/rtu/mbrtu_m.o
                0x0000000008006278                eMBMasterRTUStart
 .text.eMBMasterRTUStop
                0x00000000080062a0       0x1c ./Middlewares/Third_Party/modbus/rtu/mbrtu_m.o
                0x00000000080062a0                eMBMasterRTUStop
 .text.eMBMasterRTUReceive
                0x00000000080062bc       0x70 ./Middlewares/Third_Party/modbus/rtu/mbrtu_m.o
                0x00000000080062bc                eMBMasterRTUReceive
 .text.eMBMasterRTUSend
                0x000000000800632c       0xd4 ./Middlewares/Third_Party/modbus/rtu/mbrtu_m.o
                0x000000000800632c                eMBMasterRTUSend
 .text.xMBMasterRTUReceiveFSM
                0x0000000008006400       0xbc ./Middlewares/Third_Party/modbus/rtu/mbrtu_m.o
                0x0000000008006400                xMBMasterRTUReceiveFSM
 .text.xMBMasterRTUTransmitFSM
                0x00000000080064bc       0xb0 ./Middlewares/Third_Party/modbus/rtu/mbrtu_m.o
                0x00000000080064bc                xMBMasterRTUTransmitFSM
 .text.xMBMasterRTUTimerExpired
                0x000000000800656c       0xb8 ./Middlewares/Third_Party/modbus/rtu/mbrtu_m.o
                0x000000000800656c                xMBMasterRTUTimerExpired
 .text.vMBMasterGetPDUSndBuf
                0x0000000008006624       0x20 ./Middlewares/Third_Party/modbus/rtu/mbrtu_m.o
                0x0000000008006624                vMBMasterGetPDUSndBuf
 .text.vMBMasterSetPDUSndLength
                0x0000000008006644       0x20 ./Middlewares/Third_Party/modbus/rtu/mbrtu_m.o
                0x0000000008006644                vMBMasterSetPDUSndLength
 .text.usMBMasterGetPDUSndLength
                0x0000000008006664       0x18 ./Middlewares/Third_Party/modbus/rtu/mbrtu_m.o
                0x0000000008006664                usMBMasterGetPDUSndLength
 .text.xMBMasterRequestIsBroadcast
                0x000000000800667c       0x18 ./Middlewares/Third_Party/modbus/rtu/mbrtu_m.o
                0x000000000800667c                xMBMasterRequestIsBroadcast
 .text.__assert_func
                0x0000000008006694       0x3c c:/st/stm32cubeide_1.9.0/stm32cubeide/plugins/com.st.stm32cube.ide.mcu.externaltools.gnu-tools-for-stm32.10.3-2021.10.win32_1.0.0.202111181127/tools/bin/../lib/gcc/arm-none-eabi/10.3.1/../../../../arm-none-eabi/lib/thumb/v7e-m+fp/hard\libc_nano.a(lib_a-assert.o)
                0x0000000008006694                __assert_func
 .text.__errno  0x00000000080066d0        0xc c:/st/stm32cubeide_1.9.0/stm32cubeide/plugins/com.st.stm32cube.ide.mcu.externaltools.gnu-tools-for-stm32.10.3-2021.10.win32_1.0.0.202111181127/tools/bin/../lib/gcc/arm-none-eabi/10.3.1/../../../../arm-none-eabi/lib/thumb/v7e-m+fp/hard\libc_nano.a(lib_a-errno.o)
                0x00000000080066d0                __errno
 .text.fprintf  0x00000000080066dc       0x24 c:/st/stm32cubeide_1.9.0/stm32cubeide/plugins/com.st.stm32cube.ide.mcu.externaltools.gnu-tools-for-stm32.10.3-2021.10.win32_1.0.0.202111181127/tools/bin/../lib/gcc/arm-none-eabi/10.3.1/../../../../arm-none-eabi/lib/thumb/v7e-m+fp/hard\libc_nano.a(lib_a-fprintf.o)
                0x00000000080066dc                fiprintf
                0x00000000080066dc                fprintf
 .text.__libc_init_array
                0x0000000008006700       0x48 c:/st/stm32cubeide_1.9.0/stm32cubeide/plugins/com.st.stm32cube.ide.mcu.externaltools.gnu-tools-for-stm32.10.3-2021.10.win32_1.0.0.202111181127/tools/bin/../lib/gcc/arm-none-eabi/10.3.1/../../../../arm-none-eabi/lib/thumb/v7e-m+fp/hard\libc_nano.a(lib_a-init.o)
                0x0000000008006700                __libc_init_array
 .text.memcpy   0x0000000008006748       0x1c c:/st/stm32cubeide_1.9.0/stm32cubeide/plugins/com.st.stm32cube.ide.mcu.externaltools.gnu-tools-for-stm32.10.3-2021.10.win32_1.0.0.202111181127/tools/bin/../lib/gcc/arm-none-eabi/10.3.1/../../../../arm-none-eabi/lib/thumb/v7e-m+fp/hard\libc_nano.a(lib_a-memcpy-stub.o)
                0x0000000008006748                memcpy
 .text.memset   0x0000000008006764       0x10 c:/st/stm32cubeide_1.9.0/stm32cubeide/plugins/com.st.stm32cube.ide.mcu.externaltools.gnu-tools-for-stm32.10.3-2021.10.win32_1.0.0.202111181127/tools/bin/../lib/gcc/arm-none-eabi/10.3.1/../../../../arm-none-eabi/lib/thumb/v7e-m+fp/hard\libc_nano.a(lib_a-memset.o)
                0x0000000008006764                memset
 .text.__sfputc_r
                0x0000000008006774       0x2e c:/st/stm32cubeide_1.9.0/stm32cubeide/plugins/com.st.stm32cube.ide.mcu.externaltools.gnu-tools-for-stm32.10.3-2021.10.win32_1.0.0.202111181127/tools/bin/../lib/gcc/arm-none-eabi/10.3.1/../../../../arm-none-eabi/lib/thumb/v7e-m+fp/hard\libc_nano.a(lib_a-nano-vfprintf.o)
 .text.__sfputs_r
                0x00000000080067a2       0x24 c:/st/stm32cubeide_1.9.0/stm32cubeide/plugins/com.st.stm32cube.ide.mcu.externaltools.gnu-tools-for-stm32.10.3-2021.10.win32_1.0.0.202111181127/tools/bin/../lib/gcc/arm-none-eabi/10.3.1/../../../../arm-none-eabi/lib/thumb/v7e-m+fp/hard\libc_nano.a(lib_a-nano-vfprintf.o)
                0x00000000080067a2                __sfputs_r
 *fill*         0x00000000080067c6        0x2 
 .text._vfprintf_r
                0x00000000080067c8      0x260 c:/st/stm32cubeide_1.9.0/stm32cubeide/plugins/com.st.stm32cube.ide.mcu.externaltools.gnu-tools-for-stm32.10.3-2021.10.win32_1.0.0.202111181127/tools/bin/../lib/gcc/arm-none-eabi/10.3.1/../../../../arm-none-eabi/lib/thumb/v7e-m+fp/hard\libc_nano.a(lib_a-nano-vfprintf.o)
                0x00000000080067c8                _vfprintf_r
                0x00000000080067c8                _vfiprintf_r
 .text._printf_common
                0x0000000008006a28       0xda c:/st/stm32cubeide_1.9.0/stm32cubeide/plugins/com.st.stm32cube.ide.mcu.externaltools.gnu-tools-for-stm32.10.3-2021.10.win32_1.0.0.202111181127/tools/bin/../lib/gcc/arm-none-eabi/10.3.1/../../../../arm-none-eabi/lib/thumb/v7e-m+fp/hard\libc_nano.a(lib_a-nano-vfprintf_i.o)
                0x0000000008006a28                _printf_common
 *fill*         0x0000000008006b02        0x2 
 .text._printf_i
                0x0000000008006b04      0x24c c:/st/stm32cubeide_1.9.0/stm32cubeide/plugins/com.st.stm32cube.ide.mcu.externaltools.gnu-tools-for-stm32.10.3-2021.10.win32_1.0.0.202111181127/tools/bin/../lib/gcc/arm-none-eabi/10.3.1/../../../../arm-none-eabi/lib/thumb/v7e-m+fp/hard\libc_nano.a(lib_a-nano-vfprintf_i.o)
                0x0000000008006b04                _printf_i
 .text.__swbuf_r
                0x0000000008006d50       0xa4 c:/st/stm32cubeide_1.9.0/stm32cubeide/plugins/com.st.stm32cube.ide.mcu.externaltools.gnu-tools-for-stm32.10.3-2021.10.win32_1.0.0.202111181127/tools/bin/../lib/gcc/arm-none-eabi/10.3.1/../../../../arm-none-eabi/lib/thumb/v7e-m+fp/hard\libc_nano.a(lib_a-wbuf.o)
                0x0000000008006d50                __swbuf_r
 .text.__swsetup_r
                0x0000000008006df4       0xdc c:/st/stm32cubeide_1.9.0/stm32cubeide/plugins/com.st.stm32cube.ide.mcu.externaltools.gnu-tools-for-stm32.10.3-2021.10.win32_1.0.0.202111181127/tools/bin/../lib/gcc/arm-none-eabi/10.3.1/../../../../arm-none-eabi/lib/thumb/v7e-m+fp/hard\libc_nano.a(lib_a-wsetup.o)
                0x0000000008006df4                __swsetup_r
 .text.abort    0x0000000008006ed0        0xe c:/st/stm32cubeide_1.9.0/stm32cubeide/plugins/com.st.stm32cube.ide.mcu.externaltools.gnu-tools-for-stm32.10.3-2021.10.win32_1.0.0.202111181127/tools/bin/../lib/gcc/arm-none-eabi/10.3.1/../../../../arm-none-eabi/lib/thumb/v7e-m+fp/hard\libc_nano.a(lib_a-abort.o)
                0x0000000008006ed0                abort
 *fill*         0x0000000008006ede        0x2 
 .text.__sflush_r
                0x0000000008006ee0      0x10c c:/st/stm32cubeide_1.9.0/stm32cubeide/plugins/com.st.stm32cube.ide.mcu.externaltools.gnu-tools-for-stm32.10.3-2021.10.win32_1.0.0.202111181127/tools/bin/../lib/gcc/arm-none-eabi/10.3.1/../../../../arm-none-eabi/lib/thumb/v7e-m+fp/hard\libc_nano.a(lib_a-fflush.o)
                0x0000000008006ee0                __sflush_r
 .text._fflush_r
                0x0000000008006fec       0x78 c:/st/stm32cubeide_1.9.0/stm32cubeide/plugins/com.st.stm32cube.ide.mcu.externaltools.gnu-tools-for-stm32.10.3-2021.10.win32_1.0.0.202111181127/tools/bin/../lib/gcc/arm-none-eabi/10.3.1/../../../../arm-none-eabi/lib/thumb/v7e-m+fp/hard\libc_nano.a(lib_a-fflush.o)
                0x0000000008006fec                _fflush_r
 .text.std      0x0000000008007064       0x48 c:/st/stm32cubeide_1.9.0/stm32cubeide/plugins/com.st.stm32cube.ide.mcu.externaltools.gnu-tools-for-stm32.10.3-2021.10.win32_1.0.0.202111181127/tools/bin/../lib/gcc/arm-none-eabi/10.3.1/../../../../arm-none-eabi/lib/thumb/v7e-m+fp/hard\libc_nano.a(lib_a-findfp.o)
 .text._cleanup_r
                0x00000000080070ac        0xc c:/st/stm32cubeide_1.9.0/stm32cubeide/plugins/com.st.stm32cube.ide.mcu.externaltools.gnu-tools-for-stm32.10.3-2021.10.win32_1.0.0.202111181127/tools/bin/../lib/gcc/arm-none-eabi/10.3.1/../../../../arm-none-eabi/lib/thumb/v7e-m+fp/hard\libc_nano.a(lib_a-findfp.o)
                0x00000000080070ac                _cleanup_r
 .text.__sfmoreglue
                0x00000000080070b8       0x2c c:/st/stm32cubeide_1.9.0/stm32cubeide/plugins/com.st.stm32cube.ide.mcu.externaltools.gnu-tools-for-stm32.10.3-2021.10.win32_1.0.0.202111181127/tools/bin/../lib/gcc/arm-none-eabi/10.3.1/../../../../arm-none-eabi/lib/thumb/v7e-m+fp/hard\libc_nano.a(lib_a-findfp.o)
                0x00000000080070b8                __sfmoreglue
 .text.__sfp_lock_acquire
                0x00000000080070e4        0xc c:/st/stm32cubeide_1.9.0/stm32cubeide/plugins/com.st.stm32cube.ide.mcu.externaltools.gnu-tools-for-stm32.10.3-2021.10.win32_1.0.0.202111181127/tools/bin/../lib/gcc/arm-none-eabi/10.3.1/../../../../arm-none-eabi/lib/thumb/v7e-m+fp/hard\libc_nano.a(lib_a-findfp.o)
                0x00000000080070e4                __sfp_lock_acquire
 .text.__sfp_lock_release
                0x00000000080070f0        0xc c:/st/stm32cubeide_1.9.0/stm32cubeide/plugins/com.st.stm32cube.ide.mcu.externaltools.gnu-tools-for-stm32.10.3-2021.10.win32_1.0.0.202111181127/tools/bin/../lib/gcc/arm-none-eabi/10.3.1/../../../../arm-none-eabi/lib/thumb/v7e-m+fp/hard\libc_nano.a(lib_a-findfp.o)
                0x00000000080070f0                __sfp_lock_release
 .text.__sinit_lock_acquire
                0x00000000080070fc        0xc c:/st/stm32cubeide_1.9.0/stm32cubeide/plugins/com.st.stm32cube.ide.mcu.externaltools.gnu-tools-for-stm32.10.3-2021.10.win32_1.0.0.202111181127/tools/bin/../lib/gcc/arm-none-eabi/10.3.1/../../../../arm-none-eabi/lib/thumb/v7e-m+fp/hard\libc_nano.a(lib_a-findfp.o)
                0x00000000080070fc                __sinit_lock_acquire
 .text.__sinit_lock_release
                0x0000000008007108        0xc c:/st/stm32cubeide_1.9.0/stm32cubeide/plugins/com.st.stm32cube.ide.mcu.externaltools.gnu-tools-for-stm32.10.3-2021.10.win32_1.0.0.202111181127/tools/bin/../lib/gcc/arm-none-eabi/10.3.1/../../../../arm-none-eabi/lib/thumb/v7e-m+fp/hard\libc_nano.a(lib_a-findfp.o)
                0x0000000008007108                __sinit_lock_release
 .text.__sinit  0x0000000008007114       0x70 c:/st/stm32cubeide_1.9.0/stm32cubeide/plugins/com.st.stm32cube.ide.mcu.externaltools.gnu-tools-for-stm32.10.3-2021.10.win32_1.0.0.202111181127/tools/bin/../lib/gcc/arm-none-eabi/10.3.1/../../../../arm-none-eabi/lib/thumb/v7e-m+fp/hard\libc_nano.a(lib_a-findfp.o)
                0x0000000008007114                __sinit
 .text.__sfp    0x0000000008007184       0x8c c:/st/stm32cubeide_1.9.0/stm32cubeide/plugins/com.st.stm32cube.ide.mcu.externaltools.gnu-tools-for-stm32.10.3-2021.10.win32_1.0.0.202111181127/tools/bin/../lib/gcc/arm-none-eabi/10.3.1/../../../../arm-none-eabi/lib/thumb/v7e-m+fp/hard\libc_nano.a(lib_a-findfp.o)
                0x0000000008007184                __sfp
 .text._fwalk_reent
                0x0000000008007210       0x3e c:/st/stm32cubeide_1.9.0/stm32cubeide/plugins/com.st.stm32cube.ide.mcu.externaltools.gnu-tools-for-stm32.10.3-2021.10.win32_1.0.0.202111181127/tools/bin/../lib/gcc/arm-none-eabi/10.3.1/../../../../arm-none-eabi/lib/thumb/v7e-m+fp/hard\libc_nano.a(lib_a-fwalk.o)
                0x0000000008007210                _fwalk_reent
 .text.__retarget_lock_init_recursive
                0x000000000800724e        0x2 c:/st/stm32cubeide_1.9.0/stm32cubeide/plugins/com.st.stm32cube.ide.mcu.externaltools.gnu-tools-for-stm32.10.3-2021.10.win32_1.0.0.202111181127/tools/bin/../lib/gcc/arm-none-eabi/10.3.1/../../../../arm-none-eabi/lib/thumb/v7e-m+fp/hard\libc_nano.a(lib_a-lock.o)
                0x000000000800724e                __retarget_lock_init_recursive
 .text.__retarget_lock_acquire_recursive
                0x0000000008007250        0x2 c:/st/stm32cubeide_1.9.0/stm32cubeide/plugins/com.st.stm32cube.ide.mcu.externaltools.gnu-tools-for-stm32.10.3-2021.10.win32_1.0.0.202111181127/tools/bin/../lib/gcc/arm-none-eabi/10.3.1/../../../../arm-none-eabi/lib/thumb/v7e-m+fp/hard\libc_nano.a(lib_a-lock.o)
                0x0000000008007250                __retarget_lock_acquire_recursive
 .text.__retarget_lock_release_recursive
                0x0000000008007252        0x2 c:/st/stm32cubeide_1.9.0/stm32cubeide/plugins/com.st.stm32cube.ide.mcu.externaltools.gnu-tools-for-stm32.10.3-2021.10.win32_1.0.0.202111181127/tools/bin/../lib/gcc/arm-none-eabi/10.3.1/../../../../arm-none-eabi/lib/thumb/v7e-m+fp/hard\libc_nano.a(lib_a-lock.o)
                0x0000000008007252                __retarget_lock_release_recursive
 .text.__swhatbuf_r
                0x0000000008007254       0x4a c:/st/stm32cubeide_1.9.0/stm32cubeide/plugins/com.st.stm32cube.ide.mcu.externaltools.gnu-tools-for-stm32.10.3-2021.10.win32_1.0.0.202111181127/tools/bin/../lib/gcc/arm-none-eabi/10.3.1/../../../../arm-none-eabi/lib/thumb/v7e-m+fp/hard\libc_nano.a(lib_a-makebuf.o)
                0x0000000008007254                __swhatbuf_r
 *fill*         0x000000000800729e        0x2 
 .text.__smakebuf_r
                0x00000000080072a0       0x80 c:/st/stm32cubeide_1.9.0/stm32cubeide/plugins/com.st.stm32cube.ide.mcu.externaltools.gnu-tools-for-stm32.10.3-2021.10.win32_1.0.0.202111181127/tools/bin/../lib/gcc/arm-none-eabi/10.3.1/../../../../arm-none-eabi/lib/thumb/v7e-m+fp/hard\libc_nano.a(lib_a-makebuf.o)
                0x00000000080072a0                __smakebuf_r
 .text._free_r  0x0000000008007320       0x98 c:/st/stm32cubeide_1.9.0/stm32cubeide/plugins/com.st.stm32cube.ide.mcu.externaltools.gnu-tools-for-stm32.10.3-2021.10.win32_1.0.0.202111181127/tools/bin/../lib/gcc/arm-none-eabi/10.3.1/../../../../arm-none-eabi/lib/thumb/v7e-m+fp/hard\libc_nano.a(lib_a-nano-freer.o)
                0x0000000008007320                _free_r
 .text.sbrk_aligned
                0x00000000080073b8       0x40 c:/st/stm32cubeide_1.9.0/stm32cubeide/plugins/com.st.stm32cube.ide.mcu.externaltools.gnu-tools-for-stm32.10.3-2021.10.win32_1.0.0.202111181127/tools/bin/../lib/gcc/arm-none-eabi/10.3.1/../../../../arm-none-eabi/lib/thumb/v7e-m+fp/hard\libc_nano.a(lib_a-nano-mallocr.o)
 .text._malloc_r
                0x00000000080073f8       0xe8 c:/st/stm32cubeide_1.9.0/stm32cubeide/plugins/com.st.stm32cube.ide.mcu.externaltools.gnu-tools-for-stm32.10.3-2021.10.win32_1.0.0.202111181127/tools/bin/../lib/gcc/arm-none-eabi/10.3.1/../../../../arm-none-eabi/lib/thumb/v7e-m+fp/hard\libc_nano.a(lib_a-nano-mallocr.o)
                0x00000000080073f8                _malloc_r
 .text._sbrk_r  0x00000000080074e0       0x20 c:/st/stm32cubeide_1.9.0/stm32cubeide/plugins/com.st.stm32cube.ide.mcu.externaltools.gnu-tools-for-stm32.10.3-2021.10.win32_1.0.0.202111181127/tools/bin/../lib/gcc/arm-none-eabi/10.3.1/../../../../arm-none-eabi/lib/thumb/v7e-m+fp/hard\libc_nano.a(lib_a-sbrkr.o)
                0x00000000080074e0                _sbrk_r
 .text._raise_r
                0x0000000008007500       0x50 c:/st/stm32cubeide_1.9.0/stm32cubeide/plugins/com.st.stm32cube.ide.mcu.externaltools.gnu-tools-for-stm32.10.3-2021.10.win32_1.0.0.202111181127/tools/bin/../lib/gcc/arm-none-eabi/10.3.1/../../../../arm-none-eabi/lib/thumb/v7e-m+fp/hard\libc_nano.a(lib_a-signal.o)
                0x0000000008007500                _raise_r
 .text.raise    0x0000000008007550       0x10 c:/st/stm32cubeide_1.9.0/stm32cubeide/plugins/com.st.stm32cube.ide.mcu.externaltools.gnu-tools-for-stm32.10.3-2021.10.win32_1.0.0.202111181127/tools/bin/../lib/gcc/arm-none-eabi/10.3.1/../../../../arm-none-eabi/lib/thumb/v7e-m+fp/hard\libc_nano.a(lib_a-signal.o)
                0x0000000008007550                raise
 .text._kill_r  0x0000000008007560       0x24 c:/st/stm32cubeide_1.9.0/stm32cubeide/plugins/com.st.stm32cube.ide.mcu.externaltools.gnu-tools-for-stm32.10.3-2021.10.win32_1.0.0.202111181127/tools/bin/../lib/gcc/arm-none-eabi/10.3.1/../../../../arm-none-eabi/lib/thumb/v7e-m+fp/hard\libc_nano.a(lib_a-signalr.o)
                0x0000000008007560                _kill_r
 .text._getpid_r
                0x0000000008007584        0x4 c:/st/stm32cubeide_1.9.0/stm32cubeide/plugins/com.st.stm32cube.ide.mcu.externaltools.gnu-tools-for-stm32.10.3-2021.10.win32_1.0.0.202111181127/tools/bin/../lib/gcc/arm-none-eabi/10.3.1/../../../../arm-none-eabi/lib/thumb/v7e-m+fp/hard\libc_nano.a(lib_a-signalr.o)
                0x0000000008007584                _getpid_r
 .text.__sread  0x0000000008007588       0x22 c:/st/stm32cubeide_1.9.0/stm32cubeide/plugins/com.st.stm32cube.ide.mcu.externaltools.gnu-tools-for-stm32.10.3-2021.10.win32_1.0.0.202111181127/tools/bin/../lib/gcc/arm-none-eabi/10.3.1/../../../../arm-none-eabi/lib/thumb/v7e-m+fp/hard\libc_nano.a(lib_a-stdio.o)
                0x0000000008007588                __sread
 .text.__swrite
                0x00000000080075aa       0x38 c:/st/stm32cubeide_1.9.0/stm32cubeide/plugins/com.st.stm32cube.ide.mcu.externaltools.gnu-tools-for-stm32.10.3-2021.10.win32_1.0.0.202111181127/tools/bin/../lib/gcc/arm-none-eabi/10.3.1/../../../../arm-none-eabi/lib/thumb/v7e-m+fp/hard\libc_nano.a(lib_a-stdio.o)
                0x00000000080075aa                __swrite
 .text.__sseek  0x00000000080075e2       0x24 c:/st/stm32cubeide_1.9.0/stm32cubeide/plugins/com.st.stm32cube.ide.mcu.externaltools.gnu-tools-for-stm32.10.3-2021.10.win32_1.0.0.202111181127/tools/bin/../lib/gcc/arm-none-eabi/10.3.1/../../../../arm-none-eabi/lib/thumb/v7e-m+fp/hard\libc_nano.a(lib_a-stdio.o)
                0x00000000080075e2                __sseek
 .text.__sclose
                0x0000000008007606        0x8 c:/st/stm32cubeide_1.9.0/stm32cubeide/plugins/com.st.stm32cube.ide.mcu.externaltools.gnu-tools-for-stm32.10.3-2021.10.win32_1.0.0.202111181127/tools/bin/../lib/gcc/arm-none-eabi/10.3.1/../../../../arm-none-eabi/lib/thumb/v7e-m+fp/hard\libc_nano.a(lib_a-stdio.o)
                0x0000000008007606                __sclose
 *fill*         0x000000000800760e        0x2 
 .text._write_r
                0x0000000008007610       0x24 c:/st/stm32cubeide_1.9.0/stm32cubeide/plugins/com.st.stm32cube.ide.mcu.externaltools.gnu-tools-for-stm32.10.3-2021.10.win32_1.0.0.202111181127/tools/bin/../lib/gcc/arm-none-eabi/10.3.1/../../../../arm-none-eabi/lib/thumb/v7e-m+fp/hard\libc_nano.a(lib_a-writer.o)
                0x0000000008007610                _write_r
 .text._close_r
                0x0000000008007634       0x20 c:/st/stm32cubeide_1.9.0/stm32cubeide/plugins/com.st.stm32cube.ide.mcu.externaltools.gnu-tools-for-stm32.10.3-2021.10.win32_1.0.0.202111181127/tools/bin/../lib/gcc/arm-none-eabi/10.3.1/../../../../arm-none-eabi/lib/thumb/v7e-m+fp/hard\libc_nano.a(lib_a-closer.o)
                0x0000000008007634                _close_r
 .text._fstat_r
                0x0000000008007654       0x24 c:/st/stm32cubeide_1.9.0/stm32cubeide/plugins/com.st.stm32cube.ide.mcu.externaltools.gnu-tools-for-stm32.10.3-2021.10.win32_1.0.0.202111181127/tools/bin/../lib/gcc/arm-none-eabi/10.3.1/../../../../arm-none-eabi/lib/thumb/v7e-m+fp/hard\libc_nano.a(lib_a-fstatr.o)
                0x0000000008007654                _fstat_r
 .text._isatty_r
                0x0000000008007678       0x20 c:/st/stm32cubeide_1.9.0/stm32cubeide/plugins/com.st.stm32cube.ide.mcu.externaltools.gnu-tools-for-stm32.10.3-2021.10.win32_1.0.0.202111181127/tools/bin/../lib/gcc/arm-none-eabi/10.3.1/../../../../arm-none-eabi/lib/thumb/v7e-m+fp/hard\libc_nano.a(lib_a-isattyr.o)
                0x0000000008007678                _isatty_r
 .text._lseek_r
                0x0000000008007698       0x24 c:/st/stm32cubeide_1.9.0/stm32cubeide/plugins/com.st.stm32cube.ide.mcu.externaltools.gnu-tools-for-stm32.10.3-2021.10.win32_1.0.0.202111181127/tools/bin/../lib/gcc/arm-none-eabi/10.3.1/../../../../arm-none-eabi/lib/thumb/v7e-m+fp/hard\libc_nano.a(lib_a-lseekr.o)
                0x0000000008007698                _lseek_r
 .text.__malloc_lock
                0x00000000080076bc        0xc c:/st/stm32cubeide_1.9.0/stm32cubeide/plugins/com.st.stm32cube.ide.mcu.externaltools.gnu-tools-for-stm32.10.3-2021.10.win32_1.0.0.202111181127/tools/bin/../lib/gcc/arm-none-eabi/10.3.1/../../../../arm-none-eabi/lib/thumb/v7e-m+fp/hard\libc_nano.a(lib_a-mlock.o)
                0x00000000080076bc                __malloc_lock
 .text.__malloc_unlock
                0x00000000080076c8        0xc c:/st/stm32cubeide_1.9.0/stm32cubeide/plugins/com.st.stm32cube.ide.mcu.externaltools.gnu-tools-for-stm32.10.3-2021.10.win32_1.0.0.202111181127/tools/bin/../lib/gcc/arm-none-eabi/10.3.1/../../../../arm-none-eabi/lib/thumb/v7e-m+fp/hard\libc_nano.a(lib_a-mlock.o)
                0x00000000080076c8                __malloc_unlock
 .text._read_r  0x00000000080076d4       0x24 c:/st/stm32cubeide_1.9.0/stm32cubeide/plugins/com.st.stm32cube.ide.mcu.externaltools.gnu-tools-for-stm32.10.3-2021.10.win32_1.0.0.202111181127/tools/bin/../lib/gcc/arm-none-eabi/10.3.1/../../../../arm-none-eabi/lib/thumb/v7e-m+fp/hard\libc_nano.a(lib_a-readr.o)
                0x00000000080076d4                _read_r
 *(.glue_7)
 .glue_7        0x00000000080076f8        0x0 linker stubs
 *(.glue_7t)
 .glue_7t       0x00000000080076f8        0x0 linker stubs
 *(.eh_frame)
 .eh_frame      0x00000000080076f8        0x0 c:/st/stm32cubeide_1.9.0/stm32cubeide/plugins/com.st.stm32cube.ide.mcu.externaltools.gnu-tools-for-stm32.10.3-2021.10.win32_1.0.0.202111181127/tools/bin/../lib/gcc/arm-none-eabi/10.3.1/thumb/v7e-m+fp/hard/crtbegin.o
 *(.init)
 .init          0x00000000080076f8        0x4 c:/st/stm32cubeide_1.9.0/stm32cubeide/plugins/com.st.stm32cube.ide.mcu.externaltools.gnu-tools-for-stm32.10.3-2021.10.win32_1.0.0.202111181127/tools/bin/../lib/gcc/arm-none-eabi/10.3.1/thumb/v7e-m+fp/hard/crti.o
                0x00000000080076f8                _init
 .init          0x00000000080076fc        0x8 c:/st/stm32cubeide_1.9.0/stm32cubeide/plugins/com.st.stm32cube.ide.mcu.externaltools.gnu-tools-for-stm32.10.3-2021.10.win32_1.0.0.202111181127/tools/bin/../lib/gcc/arm-none-eabi/10.3.1/thumb/v7e-m+fp/hard/crtn.o
 *(.fini)
 .fini          0x0000000008007704        0x4 c:/st/stm32cubeide_1.9.0/stm32cubeide/plugins/com.st.stm32cube.ide.mcu.externaltools.gnu-tools-for-stm32.10.3-2021.10.win32_1.0.0.202111181127/tools/bin/../lib/gcc/arm-none-eabi/10.3.1/thumb/v7e-m+fp/hard/crti.o
                0x0000000008007704                _fini
 .fini          0x0000000008007708        0x8 c:/st/stm32cubeide_1.9.0/stm32cubeide/plugins/com.st.stm32cube.ide.mcu.externaltools.gnu-tools-for-stm32.10.3-2021.10.win32_1.0.0.202111181127/tools/bin/../lib/gcc/arm-none-eabi/10.3.1/thumb/v7e-m+fp/hard/crtn.o
                0x0000000008007710                . = ALIGN (0x4)
                0x0000000008007710                _etext = .

.vfp11_veneer   0x0000000008007710        0x0
 .vfp11_veneer  0x0000000008007710        0x0 linker stubs

.v4_bx          0x0000000008007710        0x0
 .v4_bx         0x0000000008007710        0x0 linker stubs

.iplt           0x0000000008007710        0x0
 .iplt          0x0000000008007710        0x0 c:/st/stm32cubeide_1.9.0/stm32cubeide/plugins/com.st.stm32cube.ide.mcu.externaltools.gnu-tools-for-stm32.10.3-2021.10.win32_1.0.0.202111181127/tools/bin/../lib/gcc/arm-none-eabi/10.3.1/thumb/v7e-m+fp/hard/crtbegin.o

.rodata         0x0000000008007710      0x3d0
                0x0000000008007710                . = ALIGN (0x4)
 *(.rodata)
 .rodata        0x0000000008007710       0x84 ./Core/Src/main.o
 .rodata        0x0000000008007794        0x5 ./Middlewares/Third_Party/FreeRTOS/Source/tasks.o
 *fill*         0x0000000008007799        0x3 
 .rodata        0x000000000800779c       0x46 ./Middlewares/Third_Party/modbus/functions/mbutils.o
 *(.rodata*)
 *fill*         0x00000000080077e2        0x2 
 .rodata.AHBPrescTable
                0x00000000080077e4       0x10 ./Core/Src/system_stm32f4xx.o
                0x00000000080077e4                AHBPrescTable
 .rodata.APBPrescTable
                0x00000000080077f4        0x8 ./Core/Src/system_stm32f4xx.o
                0x00000000080077f4                APBPrescTable
 .rodata.__func__.0
                0x00000000080077fc        0xf ./Middlewares/Third_Party/modbus/functions/mbutils.o
 *fill*         0x000000000800780b        0x1 
 .rodata.aucCRCHi
                0x000000000800780c      0x100 ./Middlewares/Third_Party/modbus/rtu/mbcrc.o
 .rodata.aucCRCLo
                0x000000000800790c      0x100 ./Middlewares/Third_Party/modbus/rtu/mbcrc.o
 .rodata.__assert_func.str1.1
                0x0000000008007a0c       0x3c c:/st/stm32cubeide_1.9.0/stm32cubeide/plugins/com.st.stm32cube.ide.mcu.externaltools.gnu-tools-for-stm32.10.3-2021.10.win32_1.0.0.202111181127/tools/bin/../lib/gcc/arm-none-eabi/10.3.1/../../../../arm-none-eabi/lib/thumb/v7e-m+fp/hard\libc_nano.a(lib_a-assert.o)
                                         0x3d (size before relaxing)
 .rodata._global_impure_ptr
                0x0000000008007a48        0x4 c:/st/stm32cubeide_1.9.0/stm32cubeide/plugins/com.st.stm32cube.ide.mcu.externaltools.gnu-tools-for-stm32.10.3-2021.10.win32_1.0.0.202111181127/tools/bin/../lib/gcc/arm-none-eabi/10.3.1/../../../../arm-none-eabi/lib/thumb/v7e-m+fp/hard\libc_nano.a(lib_a-impure.o)
                0x0000000008007a48                _global_impure_ptr
 .rodata._vfprintf_r.str1.1
                0x0000000008007a4c       0x11 c:/st/stm32cubeide_1.9.0/stm32cubeide/plugins/com.st.stm32cube.ide.mcu.externaltools.gnu-tools-for-stm32.10.3-2021.10.win32_1.0.0.202111181127/tools/bin/../lib/gcc/arm-none-eabi/10.3.1/../../../../arm-none-eabi/lib/thumb/v7e-m+fp/hard\libc_nano.a(lib_a-nano-vfprintf.o)
 .rodata._printf_i.str1.1
                0x0000000008007a5d       0x22 c:/st/stm32cubeide_1.9.0/stm32cubeide/plugins/com.st.stm32cube.ide.mcu.externaltools.gnu-tools-for-stm32.10.3-2021.10.win32_1.0.0.202111181127/tools/bin/../lib/gcc/arm-none-eabi/10.3.1/../../../../arm-none-eabi/lib/thumb/v7e-m+fp/hard\libc_nano.a(lib_a-nano-vfprintf_i.o)
 *fill*         0x0000000008007a7f        0x1 
 .rodata.__sf_fake_stderr
                0x0000000008007a80       0x20 c:/st/stm32cubeide_1.9.0/stm32cubeide/plugins/com.st.stm32cube.ide.mcu.externaltools.gnu-tools-for-stm32.10.3-2021.10.win32_1.0.0.202111181127/tools/bin/../lib/gcc/arm-none-eabi/10.3.1/../../../../arm-none-eabi/lib/thumb/v7e-m+fp/hard\libc_nano.a(lib_a-findfp.o)
                0x0000000008007a80                __sf_fake_stderr
 .rodata.__sf_fake_stdin
                0x0000000008007aa0       0x20 c:/st/stm32cubeide_1.9.0/stm32cubeide/plugins/com.st.stm32cube.ide.mcu.externaltools.gnu-tools-for-stm32.10.3-2021.10.win32_1.0.0.202111181127/tools/bin/../lib/gcc/arm-none-eabi/10.3.1/../../../../arm-none-eabi/lib/thumb/v7e-m+fp/hard\libc_nano.a(lib_a-findfp.o)
                0x0000000008007aa0                __sf_fake_stdin
 .rodata.__sf_fake_stdout
                0x0000000008007ac0       0x20 c:/st/stm32cubeide_1.9.0/stm32cubeide/plugins/com.st.stm32cube.ide.mcu.externaltools.gnu-tools-for-stm32.10.3-2021.10.win32_1.0.0.202111181127/tools/bin/../lib/gcc/arm-none-eabi/10.3.1/../../../../arm-none-eabi/lib/thumb/v7e-m+fp/hard\libc_nano.a(lib_a-findfp.o)
                0x0000000008007ac0                __sf_fake_stdout
                0x0000000008007ae0                . = ALIGN (0x4)

.ARM.extab      0x0000000008007ae0        0x0
                0x0000000008007ae0                . = ALIGN (0x4)
 *(.ARM.extab* .gnu.linkonce.armextab.*)
                0x0000000008007ae0                . = ALIGN (0x4)

.ARM            0x0000000008007ae0        0x8
                0x0000000008007ae0                . = ALIGN (0x4)
                0x0000000008007ae0                __exidx_start = .
 *(.ARM.exidx*)
 .ARM.exidx     0x0000000008007ae0        0x8 c:/st/stm32cubeide_1.9.0/stm32cubeide/plugins/com.st.stm32cube.ide.mcu.externaltools.gnu-tools-for-stm32.10.3-2021.10.win32_1.0.0.202111181127/tools/bin/../lib/gcc/arm-none-eabi/10.3.1/thumb/v7e-m+fp/hard\libgcc.a(_udivmoddi4.o)
                0x0000000008007ae8                __exidx_end = .
                0x0000000008007ae8                . = ALIGN (0x4)

.rel.dyn        0x0000000008007ae8        0x0
 .rel.iplt      0x0000000008007ae8        0x0 c:/st/stm32cubeide_1.9.0/stm32cubeide/plugins/com.st.stm32cube.ide.mcu.externaltools.gnu-tools-for-stm32.10.3-2021.10.win32_1.0.0.202111181127/tools/bin/../lib/gcc/arm-none-eabi/10.3.1/thumb/v7e-m+fp/hard/crtbegin.o

.preinit_array  0x0000000008007ae8        0x0
                0x0000000008007ae8                . = ALIGN (0x4)
                0x0000000008007ae8                PROVIDE (__preinit_array_start = .)
 *(.preinit_array*)
                0x0000000008007ae8                PROVIDE (__preinit_array_end = .)
                0x0000000008007ae8                . = ALIGN (0x4)

.init_array     0x0000000008007ae8        0x4
                0x0000000008007ae8                . = ALIGN (0x4)
                0x0000000008007ae8                PROVIDE (__init_array_start = .)
 *(SORT_BY_NAME(.init_array.*))
 *(.init_array*)
 .init_array    0x0000000008007ae8        0x4 c:/st/stm32cubeide_1.9.0/stm32cubeide/plugins/com.st.stm32cube.ide.mcu.externaltools.gnu-tools-for-stm32.10.3-2021.10.win32_1.0.0.202111181127/tools/bin/../lib/gcc/arm-none-eabi/10.3.1/thumb/v7e-m+fp/hard/crtbegin.o
                0x0000000008007aec                PROVIDE (__init_array_end = .)
                0x0000000008007aec                . = ALIGN (0x4)

.fini_array     0x0000000008007aec        0x4
                0x0000000008007aec                . = ALIGN (0x4)
                [!provide]                        PROVIDE (__fini_array_start = .)
 *(SORT_BY_NAME(.fini_array.*))
 *(.fini_array*)
 .fini_array    0x0000000008007aec        0x4 c:/st/stm32cubeide_1.9.0/stm32cubeide/plugins/com.st.stm32cube.ide.mcu.externaltools.gnu-tools-for-stm32.10.3-2021.10.win32_1.0.0.202111181127/tools/bin/../lib/gcc/arm-none-eabi/10.3.1/thumb/v7e-m+fp/hard/crtbegin.o
                [!provide]                        PROVIDE (__fini_array_end = .)
                0x0000000008007af0                . = ALIGN (0x4)
                0x0000000008007af0                _sidata = LOADADDR (.data)

.data           0x0000000020000000       0xf8 load address 0x0000000008007af0
                0x0000000020000000                . = ALIGN (0x4)
                0x0000000020000000                _sdata = .
 *(.data)
 *(.data*)
 .data.SystemCoreClock
                0x0000000020000000        0x4 ./Core/Src/system_stm32f4xx.o
                0x0000000020000000                SystemCoreClock
 .data.uwTickPrio
                0x0000000020000004        0x4 ./Drivers/STM32F4xx_HAL_Driver/Src/stm32f4xx_hal.o
                0x0000000020000004                uwTickPrio
 .data.uwTickFreq
                0x0000000020000008        0x1 ./Drivers/STM32F4xx_HAL_Driver/Src/stm32f4xx_hal.o
                0x0000000020000008                uwTickFreq
 *fill*         0x0000000020000009        0x3 
 .data.uxCriticalNesting
                0x000000002000000c        0x4 ./Middlewares/Third_Party/FreeRTOS/Source/portable/GCC/ARM_CM4F/port.o
 .data.eMBState
                0x0000000020000010        0x1 ./Middlewares/Third_Party/modbus/mb_m.o
 *fill*         0x0000000020000011        0x3 
 .data.xMasterFuncHandlers
                0x0000000020000014       0x80 ./Middlewares/Third_Party/modbus/mb_m.o
 .data._impure_ptr
                0x0000000020000094        0x4 c:/st/stm32cubeide_1.9.0/stm32cubeide/plugins/com.st.stm32cube.ide.mcu.externaltools.gnu-tools-for-stm32.10.3-2021.10.win32_1.0.0.202111181127/tools/bin/../lib/gcc/arm-none-eabi/10.3.1/../../../../arm-none-eabi/lib/thumb/v7e-m+fp/hard\libc_nano.a(lib_a-impure.o)
                0x0000000020000094                _impure_ptr
 .data.impure_data
                0x0000000020000098       0x60 c:/st/stm32cubeide_1.9.0/stm32cubeide/plugins/com.st.stm32cube.ide.mcu.externaltools.gnu-tools-for-stm32.10.3-2021.10.win32_1.0.0.202111181127/tools/bin/../lib/gcc/arm-none-eabi/10.3.1/../../../../arm-none-eabi/lib/thumb/v7e-m+fp/hard\libc_nano.a(lib_a-impure.o)
 *(.RamFunc)
 *(.RamFunc*)
                0x00000000200000f8                . = ALIGN (0x4)
                0x00000000200000f8                _edata = .
                0x0000000008007be8                _siccmram = LOADADDR (.ccmram)

.igot.plt       0x00000000200000f8        0x0 load address 0x0000000008007be8
 .igot.plt      0x00000000200000f8        0x0 c:/st/stm32cubeide_1.9.0/stm32cubeide/plugins/com.st.stm32cube.ide.mcu.externaltools.gnu-tools-for-stm32.10.3-2021.10.win32_1.0.0.202111181127/tools/bin/../lib/gcc/arm-none-eabi/10.3.1/thumb/v7e-m+fp/hard/crtbegin.o

.ccmram         0x0000000010000000        0x0 load address 0x0000000008007be8
                0x0000000010000000                . = ALIGN (0x4)
                0x0000000010000000                _sccmram = .
 *(.ccmram)
 *(.ccmram*)
                0x0000000010000000                . = ALIGN (0x4)
                0x0000000010000000                _eccmram = .
                0x0000000010000000                . = ALIGN (0x4)

.bss            0x00000000200000f8     0x5cd0
                0x00000000200000f8                _sbss = .
                0x00000000200000f8                __bss_start__ = _sbss
 *(.bss)
 .bss           0x00000000200000f8       0x1c c:/st/stm32cubeide_1.9.0/stm32cubeide/plugins/com.st.stm32cube.ide.mcu.externaltools.gnu-tools-for-stm32.10.3-2021.10.win32_1.0.0.202111181127/tools/bin/../lib/gcc/arm-none-eabi/10.3.1/thumb/v7e-m+fp/hard/crtbegin.o
 *(.bss*)
 .bss.xIdleTaskTCBBuffer
                0x0000000020000114       0x54 ./Core/Src/freertos.o
 .bss.xIdleStack
                0x0000000020000168      0x200 ./Core/Src/freertos.o
 .bss.htim7     0x0000000020000368       0x48 ./Core/Src/main.o
                0x0000000020000368                htim7
 .bss.huart2    0x00000000200003b0       0x44 ./Core/Src/main.o
                0x00000000200003b0                huart2
 .bss.defaultTaskHandle
                0x00000000200003f4        0x4 ./Core/Src/main.o
                0x00000000200003f4                defaultTaskHandle
 .bss.usMDiscInStart
                0x00000000200003f8        0x2 ./Core/Src/mdtask.o
                0x00000000200003f8                usMDiscInStart
 *fill*         0x00000000200003fa        0x2 
 .bss.ucMDiscInBuf
                0x00000000200003fc       0x20 ./Core/Src/mdtask.o
                0x00000000200003fc                ucMDiscInBuf
 .bss.usMCoilStart
                0x000000002000041c        0x2 ./Core/Src/mdtask.o
                0x000000002000041c                usMCoilStart
 *fill*         0x000000002000041e        0x2 
 .bss.ucMCoilBuf
                0x0000000020000420       0x80 ./Core/Src/mdtask.o
                0x0000000020000420                ucMCoilBuf
 .bss.usMRegInStart
                0x00000000200004a0        0x2 ./Core/Src/mdtask.o
                0x00000000200004a0                usMRegInStart
 *fill*         0x00000000200004a2        0x2 
 .bss.usMRegInBuf
                0x00000000200004a4      0xc80 ./Core/Src/mdtask.o
                0x00000000200004a4                usMRegInBuf
 .bss.usMRegHoldStart
                0x0000000020001124        0x2 ./Core/Src/mdtask.o
                0x0000000020001124                usMRegHoldStart
 *fill*         0x0000000020001126        0x2 
 .bss.usMRegHoldBuf
                0x0000000020001128      0xc80 ./Core/Src/mdtask.o
                0x0000000020001128                usMRegHoldBuf
 .bss.htim6     0x0000000020001da8       0x48 ./Core/Src/stm32f4xx_hal_timebase_tim.o
                0x0000000020001da8                htim6
 .bss.__sbrk_heap_end
                0x0000000020001df0        0x4 ./Core/Src/sysmem.o
 .bss.uwTick    0x0000000020001df4        0x4 ./Drivers/STM32F4xx_HAL_Driver/Src/stm32f4xx_hal.o
                0x0000000020001df4                uwTick
 .bss.pxCurrentTCB
                0x0000000020001df8        0x4 ./Middlewares/Third_Party/FreeRTOS/Source/tasks.o
                0x0000000020001df8                pxCurrentTCB
 .bss.pxReadyTasksLists
                0x0000000020001dfc       0x8c ./Middlewares/Third_Party/FreeRTOS/Source/tasks.o
 .bss.xDelayedTaskList1
                0x0000000020001e88       0x14 ./Middlewares/Third_Party/FreeRTOS/Source/tasks.o
 .bss.xDelayedTaskList2
                0x0000000020001e9c       0x14 ./Middlewares/Third_Party/FreeRTOS/Source/tasks.o
 .bss.pxDelayedTaskList
                0x0000000020001eb0        0x4 ./Middlewares/Third_Party/FreeRTOS/Source/tasks.o
 .bss.pxOverflowDelayedTaskList
                0x0000000020001eb4        0x4 ./Middlewares/Third_Party/FreeRTOS/Source/tasks.o
 .bss.xPendingReadyList
                0x0000000020001eb8       0x14 ./Middlewares/Third_Party/FreeRTOS/Source/tasks.o
 .bss.xTasksWaitingTermination
                0x0000000020001ecc       0x14 ./Middlewares/Third_Party/FreeRTOS/Source/tasks.o
 .bss.uxDeletedTasksWaitingCleanUp
                0x0000000020001ee0        0x4 ./Middlewares/Third_Party/FreeRTOS/Source/tasks.o
 .bss.xSuspendedTaskList
                0x0000000020001ee4       0x14 ./Middlewares/Third_Party/FreeRTOS/Source/tasks.o
 .bss.uxCurrentNumberOfTasks
                0x0000000020001ef8        0x4 ./Middlewares/Third_Party/FreeRTOS/Source/tasks.o
 .bss.xTickCount
                0x0000000020001efc        0x4 ./Middlewares/Third_Party/FreeRTOS/Source/tasks.o
 .bss.uxTopReadyPriority
                0x0000000020001f00        0x4 ./Middlewares/Third_Party/FreeRTOS/Source/tasks.o
 .bss.xSchedulerRunning
                0x0000000020001f04        0x4 ./Middlewares/Third_Party/FreeRTOS/Source/tasks.o
 .bss.xPendedTicks
                0x0000000020001f08        0x4 ./Middlewares/Third_Party/FreeRTOS/Source/tasks.o
 .bss.xYieldPending
                0x0000000020001f0c        0x4 ./Middlewares/Third_Party/FreeRTOS/Source/tasks.o
 .bss.xNumOfOverflows
                0x0000000020001f10        0x4 ./Middlewares/Third_Party/FreeRTOS/Source/tasks.o
 .bss.uxTaskNumber
                0x0000000020001f14        0x4 ./Middlewares/Third_Party/FreeRTOS/Source/tasks.o
 .bss.xNextTaskUnblockTime
                0x0000000020001f18        0x4 ./Middlewares/Third_Party/FreeRTOS/Source/tasks.o
 .bss.xIdleTaskHandle
                0x0000000020001f1c        0x4 ./Middlewares/Third_Party/FreeRTOS/Source/tasks.o
 .bss.uxSchedulerSuspended
                0x0000000020001f20        0x4 ./Middlewares/Third_Party/FreeRTOS/Source/tasks.o
 .bss.ucMaxSysCallPriority
                0x0000000020001f24        0x1 ./Middlewares/Third_Party/FreeRTOS/Source/portable/GCC/ARM_CM4F/port.o
 *fill*         0x0000000020001f25        0x3 
 .bss.ulMaxPRIGROUPValue
                0x0000000020001f28        0x4 ./Middlewares/Third_Party/FreeRTOS/Source/portable/GCC/ARM_CM4F/port.o
 .bss.ucHeap    0x0000000020001f2c     0x3c00 ./Middlewares/Third_Party/FreeRTOS/Source/portable/MemMang/heap_4.o
 .bss.xStart    0x0000000020005b2c        0x8 ./Middlewares/Third_Party/FreeRTOS/Source/portable/MemMang/heap_4.o
 .bss.pxEnd     0x0000000020005b34        0x4 ./Middlewares/Third_Party/FreeRTOS/Source/portable/MemMang/heap_4.o
 .bss.xFreeBytesRemaining
                0x0000000020005b38        0x4 ./Middlewares/Third_Party/FreeRTOS/Source/portable/MemMang/heap_4.o
 .bss.xMinimumEverFreeBytesRemaining
                0x0000000020005b3c        0x4 ./Middlewares/Third_Party/FreeRTOS/Source/portable/MemMang/heap_4.o
 .bss.xNumberOfSuccessfulAllocations
                0x0000000020005b40        0x4 ./Middlewares/Third_Party/FreeRTOS/Source/portable/MemMang/heap_4.o
 .bss.xNumberOfSuccessfulFrees
                0x0000000020005b44        0x4 ./Middlewares/Third_Party/FreeRTOS/Source/portable/MemMang/heap_4.o
 .bss.xBlockAllocatedBit
                0x0000000020005b48        0x4 ./Middlewares/Third_Party/FreeRTOS/Source/portable/MemMang/heap_4.o
 .bss.ucMBSlaveID
                0x0000000020005b4c       0x20 ./Middlewares/Third_Party/modbus/functions/mbfuncother.o
 .bss.usMBSlaveIDLen
                0x0000000020005b6c        0x2 ./Middlewares/Third_Party/modbus/functions/mbfuncother.o
 .bss.ucMBMasterDestAddress
                0x0000000020005b6e        0x1 ./Middlewares/Third_Party/modbus/mb_m.o
 .bss.xMBRunInMasterMode
                0x0000000020005b6f        0x1 ./Middlewares/Third_Party/modbus/mb_m.o
 .bss.eMBMasterCurErrorType
                0x0000000020005b70        0x1 ./Middlewares/Third_Party/modbus/mb_m.o
 *fill*         0x0000000020005b71        0x3 
 .bss.peMBMasterFrameSendCur
                0x0000000020005b74        0x4 ./Middlewares/Third_Party/modbus/mb_m.o
 .bss.pvMBMasterFrameStartCur
                0x0000000020005b78        0x4 ./Middlewares/Third_Party/modbus/mb_m.o
 .bss.pvMBMasterFrameStopCur
                0x0000000020005b7c        0x4 ./Middlewares/Third_Party/modbus/mb_m.o
 .bss.peMBMasterFrameReceiveCur
                0x0000000020005b80        0x4 ./Middlewares/Third_Party/modbus/mb_m.o
 .bss.pvMBMasterFrameCloseCur
                0x0000000020005b84        0x4 ./Middlewares/Third_Party/modbus/mb_m.o
 .bss.pxMBMasterFrameCBByteReceived
                0x0000000020005b88        0x4 ./Middlewares/Third_Party/modbus/mb_m.o
                0x0000000020005b88                pxMBMasterFrameCBByteReceived
 .bss.pxMBMasterFrameCBTransmitterEmpty
                0x0000000020005b8c        0x4 ./Middlewares/Third_Party/modbus/mb_m.o
                0x0000000020005b8c                pxMBMasterFrameCBTransmitterEmpty
 .bss.pxMBMasterPortCBTimerExpired
                0x0000000020005b90        0x4 ./Middlewares/Third_Party/modbus/mb_m.o
                0x0000000020005b90                pxMBMasterPortCBTimerExpired
 .bss.ucRcvAddress.4
                0x0000000020005b94        0x1 ./Middlewares/Third_Party/modbus/mb_m.o
 *fill*         0x0000000020005b95        0x3 
 .bss.ucMBFrame.3
                0x0000000020005b98        0x4 ./Middlewares/Third_Party/modbus/mb_m.o
 .bss.usLength.2
                0x0000000020005b9c        0x2 ./Middlewares/Third_Party/modbus/mb_m.o
 .bss.ucFunctionCode.1
                0x0000000020005b9e        0x1 ./Middlewares/Third_Party/modbus/mb_m.o
 .bss.eException.0
                0x0000000020005b9f        0x1 ./Middlewares/Third_Party/modbus/mb_m.o
 .bss.eQueuedEvent
                0x0000000020005ba0        0x1 ./Middlewares/Third_Party/modbus/port/portevent_m.o
 .bss.xEventInQueue
                0x0000000020005ba1        0x1 ./Middlewares/Third_Party/modbus/port/portevent_m.o
 .bss.timeout   0x0000000020005ba2        0x2 ./Middlewares/Third_Party/modbus/port/porttimer_m.o
                0x0000000020005ba2                timeout
 .bss.downcounter
                0x0000000020005ba4        0x2 ./Middlewares/Third_Party/modbus/port/porttimer_m.o
                0x0000000020005ba4                downcounter
 .bss.eSndState
                0x0000000020005ba6        0x1 ./Middlewares/Third_Party/modbus/rtu/mbrtu_m.o
 .bss.eRcvState
                0x0000000020005ba7        0x1 ./Middlewares/Third_Party/modbus/rtu/mbrtu_m.o
 .bss.ucMasterRTUSndBuf
                0x0000000020005ba8       0xfd ./Middlewares/Third_Party/modbus/rtu/mbrtu_m.o
 *fill*         0x0000000020005ca5        0x3 
 .bss.ucMasterRTURcvBuf
                0x0000000020005ca8      0x100 ./Middlewares/Third_Party/modbus/rtu/mbrtu_m.o
 .bss.usMasterSendPDULength
                0x0000000020005da8        0x2 ./Middlewares/Third_Party/modbus/rtu/mbrtu_m.o
 *fill*         0x0000000020005daa        0x2 
 .bss.pucMasterSndBufferCur
                0x0000000020005dac        0x4 ./Middlewares/Third_Party/modbus/rtu/mbrtu_m.o
 .bss.usMasterSndBufferCount
                0x0000000020005db0        0x2 ./Middlewares/Third_Party/modbus/rtu/mbrtu_m.o
 .bss.usMasterRcvBufferPos
                0x0000000020005db2        0x2 ./Middlewares/Third_Party/modbus/rtu/mbrtu_m.o
 .bss.xFrameIsBroadcast
                0x0000000020005db4        0x1 ./Middlewares/Third_Party/modbus/rtu/mbrtu_m.o
 .bss.eMasterCurTimerMode
                0x0000000020005db5        0x1 ./Middlewares/Third_Party/modbus/rtu/mbrtu_m.o
 .bss.__lock___malloc_recursive_mutex
                0x0000000020005db6        0x1 c:/st/stm32cubeide_1.9.0/stm32cubeide/plugins/com.st.stm32cube.ide.mcu.externaltools.gnu-tools-for-stm32.10.3-2021.10.win32_1.0.0.202111181127/tools/bin/../lib/gcc/arm-none-eabi/10.3.1/../../../../arm-none-eabi/lib/thumb/v7e-m+fp/hard\libc_nano.a(lib_a-lock.o)
                0x0000000020005db6                __lock___malloc_recursive_mutex
 .bss.__lock___sfp_recursive_mutex
                0x0000000020005db7        0x1 c:/st/stm32cubeide_1.9.0/stm32cubeide/plugins/com.st.stm32cube.ide.mcu.externaltools.gnu-tools-for-stm32.10.3-2021.10.win32_1.0.0.202111181127/tools/bin/../lib/gcc/arm-none-eabi/10.3.1/../../../../arm-none-eabi/lib/thumb/v7e-m+fp/hard\libc_nano.a(lib_a-lock.o)
                0x0000000020005db7                __lock___sfp_recursive_mutex
 .bss.__lock___sinit_recursive_mutex
                0x0000000020005db8        0x1 c:/st/stm32cubeide_1.9.0/stm32cubeide/plugins/com.st.stm32cube.ide.mcu.externaltools.gnu-tools-for-stm32.10.3-2021.10.win32_1.0.0.202111181127/tools/bin/../lib/gcc/arm-none-eabi/10.3.1/../../../../arm-none-eabi/lib/thumb/v7e-m+fp/hard\libc_nano.a(lib_a-lock.o)
                0x0000000020005db8                __lock___sinit_recursive_mutex
 *fill*         0x0000000020005db9        0x3 
 .bss.__malloc_free_list
                0x0000000020005dbc        0x4 c:/st/stm32cubeide_1.9.0/stm32cubeide/plugins/com.st.stm32cube.ide.mcu.externaltools.gnu-tools-for-stm32.10.3-2021.10.win32_1.0.0.202111181127/tools/bin/../lib/gcc/arm-none-eabi/10.3.1/../../../../arm-none-eabi/lib/thumb/v7e-m+fp/hard\libc_nano.a(lib_a-nano-mallocr.o)
                0x0000000020005dbc                __malloc_free_list
 .bss.__malloc_sbrk_start
                0x0000000020005dc0        0x4 c:/st/stm32cubeide_1.9.0/stm32cubeide/plugins/com.st.stm32cube.ide.mcu.externaltools.gnu-tools-for-stm32.10.3-2021.10.win32_1.0.0.202111181127/tools/bin/../lib/gcc/arm-none-eabi/10.3.1/../../../../arm-none-eabi/lib/thumb/v7e-m+fp/hard\libc_nano.a(lib_a-nano-mallocr.o)
                0x0000000020005dc0                __malloc_sbrk_start
 .bss.errno     0x0000000020005dc4        0x4 c:/st/stm32cubeide_1.9.0/stm32cubeide/plugins/com.st.stm32cube.ide.mcu.externaltools.gnu-tools-for-stm32.10.3-2021.10.win32_1.0.0.202111181127/tools/bin/../lib/gcc/arm-none-eabi/10.3.1/../../../../arm-none-eabi/lib/thumb/v7e-m+fp/hard\libc_nano.a(lib_a-reent.o)
                0x0000000020005dc4                errno
 *(COMMON)
                0x0000000020005dc8                . = ALIGN (0x4)
                0x0000000020005dc8                _ebss = .
                0x0000000020005dc8                __bss_end__ = _ebss

._user_heap_stack
                0x0000000020005dc8      0x600
                0x0000000020005dc8                . = ALIGN (0x8)
                [!provide]                        PROVIDE (end = .)
                0x0000000020005dc8                PROVIDE (_end = .)
                0x0000000020005fc8                . = (. + _Min_Heap_Size)
 *fill*         0x0000000020005dc8      0x200 
                0x00000000200063c8                . = (. + _Min_Stack_Size)
 *fill*         0x0000000020005fc8      0x400 
                0x00000000200063c8                . = ALIGN (0x8)

/DISCARD/
 libc.a(*)
 libm.a(*)
 libgcc.a(*)

.ARM.attributes
                0x0000000000000000       0x30
 *(.ARM.attributes)
 .ARM.attributes