23:36:21 **** Build of configuration Debug for project STM32F4_MODBUS_RTU ****
make -j8 all 
arm-none-eabi-gcc "../Middlewares/Third_Party/modbus/rtu/mbcrc.c" -mcpu=cortex-m4 -std=gnu11 -g3 -DDEBUG -DUSE_HAL_DRIVER -DSTM32F407xx -c -I../Core/Inc -I"C:/Users/cc/Documents/GitHub/ModbusMaster/STM32F4_MODBUS_RTU/Middlewares/Third_Party/modbus/include" -I"C:/Users/cc/Documents/GitHub/ModbusMaster/STM32F4_MODBUS_RTU/Middlewares/Third_Party/modbus/include" -I../Drivers/STM32F4xx_HAL_Driver/Inc -I../Drivers/STM32F4xx_HAL_Driver/Inc/Legacy -I../Middlewares/Third_Party/FreeRTOS/Source/include -I../Middlewares/Third_Party/FreeRTOS/Source/CMSIS_RTOS -I../Middlewares/Third_Party/FreeRTOS/Source/portable/GCC/ARM_CM4F -I../Drivers/CMSIS/Device/ST/STM32F4xx/Include -I../Drivers/CMSIS/Include -I/STM32F4_MODBUS_RTU/Middlewares/Third_Party/modbus/include -I"D:/Modbusrtu_stm32/STM32_RTU/STM32_HAL_FREEMODBUS_RTU-master/Middlewares/Third_Party/modbus/rtu" -I"D:/Modbusrtu_stm32/STM32_RTU/STM32_HAL_FREEMODBUS_RTU-master/Middlewares/Third_Party/modbus/include" -I"D:/Modbusrtu_stm32/STM32_RTU/STM32_HAL_FREEMODBUS_RTU-master/Middlewares/Third_Party/modbus/port" -I"C:/Users/cc/Documents/GitHub/ModbusMaster/STM32F4_MODBUS_RTU/Middlewares/Third_Party/modbus/include" -O0 -ffunction-sections -fdata-sections -Wall -fstack-usage -MMD -MP -MF"Middlewares/Third_Party/modbus/rtu/mbcrc.d" -MT"Middlewares/Third_Party/modbus/rtu/mbcrc.o" --specs=nano.specs -mfpu=fpv4-sp-d16 -mfloat-abi=hard -mthumb -o "Middlewares/Third_Party/modbus/rtu/mbcrc.o"
arm-none-eabi-gcc "../Middlewares/Third_Party/modbus/rtu/mbrtu_m.c" -mcpu=cortex-m4 -std=gnu11 -g3 -DDEBUG -DUSE_HAL_DRIVER -DSTM32F407xx -c -I../Core/Inc -I"C:/Users/cc/Documents/GitHub/ModbusMaster/STM32F4_MODBUS_RTU/Middlewares/Third_Party/modbus/include" -I"C:/Users/cc/Documents/GitHub/ModbusMaster/STM32F4_MODBUS_RTU/Middlewares/Third_Party/modbus/include" -I../Drivers/STM32F4xx_HAL_Driver/Inc -I../Drivers/STM32F4xx_HAL_Driver/Inc/Legacy -I../Middlewares/Third_Party/FreeRTOS/Source/include -I../Middlewares/Third_Party/FreeRTOS/Source/CMSIS_RTOS -I../Middlewares/Third_Party/FreeRTOS/Source/portable/GCC/ARM_CM4F -I../Drivers/CMSIS/Device/ST/STM32F4xx/Include -I../Drivers/CMSIS/Include -I/STM32F4_MODBUS_RTU/Middlewares/Third_Party/modbus/include -I"D:/Modbusrtu_stm32/STM32_RTU/STM32_HAL_FREEMODBUS_RTU-master/Middlewares/Third_Party/modbus/rtu" -I"D:/Modbusrtu_stm32/STM32_RTU/STM32_HAL_FREEMODBUS_RTU-master/Middlewares/Third_Party/modbus/include" -I"D:/Modbusrtu_stm32/STM32_RTU/STM32_HAL_FREEMODBUS_RTU-master/Middlewares/Third_Party/modbus/port" -I"C:/Users/cc/Documents/GitHub/ModbusMaster/STM32F4_MODBUS_RTU/Middlewares/Third_Party/modbus/include" -O0 -ffunction-sections -fdata-sections -Wall -fstack-usage -MMD -MP -MF"Middlewares/Third_Party/modbus/rtu/mbrtu_m.d" -MT"Middlewares/Third_Party/modbus/rtu/mbrtu_m.o" --specs=nano.specs -mfpu=fpv4-sp-d16 -mfloat-abi=hard -mthumb -o "Middlewares/Third_Party/modbus/rtu/mbrtu_m.o"
arm-none-eabi-gcc "../Middlewares/Third_Party/modbus/port/portevent_m.c" -mcpu=cortex-m4 -std=gnu11 -g3 -DDEBUG -DUSE_HAL_DRIVER -DSTM32F407xx -c -I../Core/Inc -I"C:/Users/cc/Documents/GitHub/ModbusMaster/STM32F4_MODBUS_RTU/Middlewares/Third_Party/modbus/rtu" -I"C:/Users/cc/Documents/GitHub/ModbusMaster/STM32F4_MODBUS_RTU/Middlewares/Third_Party/modbus/include" -I../Drivers/STM32F4xx_HAL_Driver/Inc -I../Drivers/STM32F4xx_HAL_Driver/Inc/Legacy -I../Middlewares/Third_Party/FreeRTOS/Source/include -I../Middlewares/Third_Party/FreeRTOS/Source/CMSIS_RTOS -I../Middlewares/Third_Party/FreeRTOS/Source/portable/GCC/ARM_CM4F -I../Drivers/CMSIS/Device/ST/STM32F4xx/Include -I../Drivers/CMSIS/Include -I/STM32F4_MODBUS_RTU/Middlewares/Third_Party/modbus/include -I"D:/Modbusrtu_stm32/STM32_RTU/STM32_HAL_FREEMODBUS_RTU-master/Middlewares/Third_Party/modbus/rtu" -I"D:/Modbusrtu_stm32/STM32_RTU/STM32_HAL_FREEMODBUS_RTU-master/Middlewares/Third_Party/modbus/include" -I"D:/Modbusrtu_stm32/STM32_RTU/STM32_HAL_FREEMODBUS_RTU-master/Middlewares/Third_Party/modbus/port" -I"C:/Users/cc/Documents/GitHub/ModbusMaster/STM32F4_MODBUS_RTU/Middlewares/Third_Party/modbus/include" -O0 -ffunction-sections -fdata-sections -Wall -fstack-usage -MMD -MP -MF"Middlewares/Third_Party/modbus/port/portevent_m.d" -MT"Middlewares/Third_Party/modbus/port/portevent_m.o" --specs=nano.specs -mfpu=fpv4-sp-d16 -mfloat-abi=hard -mthumb -o "Middlewares/Third_Party/modbus/port/portevent_m.o"
arm-none-eabi-gcc "../Middlewares/Third_Party/modbus/port/portserial_m.c" -mcpu=cortex-m4 -std=gnu11 -g3 -DDEBUG -DUSE_HAL_DRIVER -DSTM32F407xx -c -I../Core/Inc -I"C:/Users/cc/Documents/GitHub/ModbusMaster/STM32F4_MODBUS_RTU/Middlewares/Third_Party/modbus/rtu" -I"C:/Users/cc/Documents/GitHub/ModbusMaster/STM32F4_MODBUS_RTU/Middlewares/Third_Party/modbus/include" -I../Drivers/STM32F4xx_HAL_Driver/Inc -I../Drivers/STM32F4xx_HAL_Driver/Inc/Legacy -I../Middlewares/Third_Party/FreeRTOS/Source/include -I../Middlewares/Third_Party/FreeRTOS/Source/CMSIS_RTOS -I../Middlewares/Third_Party/FreeRTOS/Source/portable/GCC/ARM_CM4F -I../Drivers/CMSIS/Device/ST/STM32F4xx/Include -I../Drivers/CMSIS/Include -I/STM32F4_MODBUS_RTU/Middlewares/Third_Party/modbus/include -I"D:/Modbusrtu_stm32/STM32_RTU/STM32_HAL_FREEMODBUS_RTU-master/Middlewares/Third_Party/modbus/rtu" -I"D:/Modbusrtu_stm32/STM32_RTU/STM32_HAL_FREEMODBUS_RTU-master/Middlewares/Third_Party/modbus/include" -I"D:/Modbusrtu_stm32/STM32_RTU/STM32_HAL_FREEMODBUS_RTU-master/Middlewares/Third_Party/modbus/port" -I"C:/Users/cc/Documents/GitHub/ModbusMaster/STM32F4_MODBUS_RTU/Middlewares/Third_Party/modbus/include" -O0 -ffunction-sections -fdata-sections -Wall -fstack-usage -MMD -MP -MF"Middlewares/Third_Party/modbus/port/portserial_m.d" -MT"Middlewares/Third_Party/modbus/port/portserial_m.o" --specs=nano.specs -mfpu=fpv4-sp-d16 -mfloat-abi=hard -mthumb -o "Middlewares/Third_Party/modbus/port/portserial_m.o"
arm-none-eabi-gcc "../Middlewares/Third_Party/modbus/port/porttimer_m.c" -mcpu=cortex-m4 -std=gnu11 -g3 -DDEBUG -DUSE_HAL_DRIVER -DSTM32F407xx -c -I../Core/Inc -I"C:/Users/cc/Documents/GitHub/ModbusMaster/STM32F4_MODBUS_RTU/Middlewares/Third_Party/modbus/rtu" -I"C:/Users/cc/Documents/GitHub/ModbusMaster/STM32F4_MODBUS_RTU/Middlewares/Third_Party/modbus/include" -I../Drivers/STM32F4xx_HAL_Driver/Inc -I../Drivers/STM32F4xx_HAL_Driver/Inc/Legacy -I../Middlewares/Third_Party/FreeRTOS/Source/include -I../Middlewares/Third_Party/FreeRTOS/Source/CMSIS_RTOS -I../Middlewares/Third_Party/FreeRTOS/Source/portable/GCC/ARM_CM4F -I../Drivers/CMSIS/Device/ST/STM32F4xx/Include -I../Drivers/CMSIS/Include -I/STM32F4_MODBUS_RTU/Middlewares/Third_Party/modbus/include -I"D:/Modbusrtu_stm32/STM32_RTU/STM32_HAL_FREEMODBUS_RTU-master/Middlewares/Third_Party/modbus/rtu" -I"D:/Modbusrtu_stm32/STM32_RTU/STM32_HAL_FREEMODBUS_RTU-master/Middlewares/Third_Party/modbus/include" -I"D:/Modbusrtu_stm32/STM32_RTU/STM32_HAL_FREEMODBUS_RTU-master/Middlewares/Third_Party/modbus/port" -I"C:/Users/cc/Documents/GitHub/ModbusMaster/STM32F4_MODBUS_RTU/Middlewares/Third_Party/modbus/include" -O0 -ffunction-sections -fdata-sections -Wall -fstack-usage -MMD -MP -MF"Middlewares/Third_Party/modbus/port/porttimer_m.d" -MT"Middlewares/Third_Party/modbus/port/porttimer_m.o" --specs=nano.specs -mfpu=fpv4-sp-d16 -mfloat-abi=hard -mthumb -o "Middlewares/Third_Party/modbus/port/porttimer_m.o"
arm-none-eabi-gcc "../Middlewares/Third_Party/modbus/functions/mbfunccoils_m.c" -mcpu=cortex-m4 -std=gnu11 -g3 -DDEBUG -DUSE_HAL_DRIVER -DSTM32F407xx -c -I../Core/Inc -I"C:/Users/cc/Documents/GitHub/ModbusMaster/STM32F4_MODBUS_RTU/Middlewares/Third_Party/modbus/rtu" -I"C:/Users/cc/Documents/GitHub/ModbusMaster/STM32F4_MODBUS_RTU/Middlewares/Third_Party/modbus/include" -I../Drivers/STM32F4xx_HAL_Driver/Inc -I../Drivers/STM32F4xx_HAL_Driver/Inc/Legacy -I../Middlewares/Third_Party/FreeRTOS/Source/include -I../Middlewares/Third_Party/FreeRTOS/Source/CMSIS_RTOS -I../Middlewares/Third_Party/FreeRTOS/Source/portable/GCC/ARM_CM4F -I../Drivers/CMSIS/Device/ST/STM32F4xx/Include -I../Drivers/CMSIS/Include -I/STM32F4_MODBUS_RTU/Middlewares/Third_Party/modbus/include -I"D:/Modbusrtu_stm32/STM32_RTU/STM32_HAL_FREEMODBUS_RTU-master/Middlewares/Third_Party/modbus/rtu" -I"D:/Modbusrtu_stm32/STM32_RTU/STM32_HAL_FREEMODBUS_RTU-master/Middlewares/Third_Party/modbus/include" -I"D:/Modbusrtu_stm32/STM32_RTU/STM32_HAL_FREEMODBUS_RTU-master/Middlewares/Third_Party/modbus/port" -I"C:/Users/cc/Documents/GitHub/ModbusMaster/STM32F4_MODBUS_RTU/Middlewares/Third_Party/modbus/include" -O0 -ffunction-sections -fdata-sections -Wall -fstack-usage -MMD -MP -MF"Middlewares/Third_Party/modbus/functions/mbfunccoils_m.d" -MT"Middlewares/Third_Party/modbus/functions/mbfunccoils_m.o" --specs=nano.specs -mfpu=fpv4-sp-d16 -mfloat-abi=hard -mthumb -o "Middlewares/Third_Party/modbus/functions/mbfunccoils_m.o"
arm-none-eabi-gcc "../Middlewares/Third_Party/modbus/functions/mbfuncdisc_m.c" -mcpu=cortex-m4 -std=gnu11 -g3 -DDEBUG -DUSE_HAL_DRIVER -DSTM32F407xx -c -I../Core/Inc -I"C:/Users/cc/Documents/GitHub/ModbusMaster/STM32F4_MODBUS_RTU/Middlewares/Third_Party/modbus/rtu" -I"C:/Users/cc/Documents/GitHub/ModbusMaster/STM32F4_MODBUS_RTU/Middlewares/Third_Party/modbus/include" -I../Drivers/STM32F4xx_HAL_Driver/Inc -I../Drivers/STM32F4xx_HAL_Driver/Inc/Legacy -I../Middlewares/Third_Party/FreeRTOS/Source/include -I../Middlewares/Third_Party/FreeRTOS/Source/CMSIS_RTOS -I../Middlewares/Third_Party/FreeRTOS/Source/portable/GCC/ARM_CM4F -I../Drivers/CMSIS/Device/ST/STM32F4xx/Include -I../Drivers/CMSIS/Include -I/STM32F4_MODBUS_RTU/Middlewares/Third_Party/modbus/include -I"D:/Modbusrtu_stm32/STM32_RTU/STM32_HAL_FREEMODBUS_RTU-master/Middlewares/Third_Party/modbus/rtu" -I"D:/Modbusrtu_stm32/STM32_RTU/STM32_HAL_FREEMODBUS_RTU-master/Middlewares/Third_Party/modbus/include" -I"D:/Modbusrtu_stm32/STM32_RTU/STM32_HAL_FREEMODBUS_RTU-master/Middlewares/Third_Party/modbus/port" -I"C:/Users/cc/Documents/GitHub/ModbusMaster/STM32F4_MODBUS_RTU/Middlewares/Third_Party/modbus/include" -O0 -ffunction-sections -fdata-sections -Wall -fstack-usage -MMD -MP -MF"Middlewares/Third_Party/modbus/functions/mbfuncdisc_m.d" -MT"Middlewares/Third_Party/modbus/functions/mbfuncdisc_m.o" --specs=nano.specs -mfpu=fpv4-sp-d16 -mfloat-abi=hard -mthumb -o "Middlewares/Third_Party/modbus/functions/mbfuncdisc_m.o"
arm-none-eabi-gcc "../Middlewares/Third_Party/modbus/functions/mbfuncholding_m.c" -mcpu=cortex-m4 -std=gnu11 -g3 -DDEBUG -DUSE_HAL_DRIVER -DSTM32F407xx -c -I../Core/Inc -I"C:/Users/cc/Documents/GitHub/ModbusMaster/STM32F4_MODBUS_RTU/Middlewares/Third_Party/modbus/rtu" -I"C:/Users/cc/Documents/GitHub/ModbusMaster/STM32F4_MODBUS_RTU/Middlewares/Third_Party/modbus/include" -I../Drivers/STM32F4xx_HAL_Driver/Inc -I../Drivers/STM32F4xx_HAL_Driver/Inc/Legacy -I../Middlewares/Third_Party/FreeRTOS/Source/include -I../Middlewares/Third_Party/FreeRTOS/Source/CMSIS_RTOS -I../Middlewares/Third_Party/FreeRTOS/Source/portable/GCC/ARM_CM4F -I../Drivers/CMSIS/Device/ST/STM32F4xx/Include -I../Drivers/CMSIS/Include -I/STM32F4_MODBUS_RTU/Middlewares/Third_Party/modbus/include -I"D:/Modbusrtu_stm32/STM32_RTU/STM32_HAL_FREEMODBUS_RTU-master/Middlewares/Third_Party/modbus/rtu" -I"D:/Modbusrtu_stm32/STM32_RTU/STM32_HAL_FREEMODBUS_RTU-master/Middlewares/Third_Party/modbus/include" -I"D:/Modbusrtu_stm32/STM32_RTU/STM32_HAL_FREEMODBUS_RTU-master/Middlewares/Third_Party/modbus/port" -I"C:/Users/cc/Documents/GitHub/ModbusMaster/STM32F4_MODBUS_RTU/Middlewares/Third_Party/modbus/include" -O0 -ffunction-sections -fdata-sections -Wall -fstack-usage -MMD -MP -MF"Middlewares/Third_Party/modbus/functions/mbfuncholding_m.d" -MT"Middlewares/Third_Party/modbus/functions/mbfuncholding_m.o" --specs=nano.specs -mfpu=fpv4-sp-d16 -mfloat-abi=hard -mthumb -o "Middlewares/Third_Party/modbus/functions/mbfuncholding_m.o"
../Middlewares/Third_Party/modbus/rtu/mbrtu_m.c: In function 'eMBMasterRTUStart':
../Middlewares/Third_Party/modbus/rtu/mbrtu_m.c:143:5: warning: implicit declaration of function 'vMBMasterPortTimersT35Enable'; did you mean 'vMBMasterPortSerialEnable'? [-Wimplicit-function-declaration]
  143 |     vMBMasterPortTimersT35Enable(  );
      |     ^~~~~~~~~~~~~~~~~~~~~~~~~~~~
      |     vMBMasterPortSerialEnable
../Middlewares/Third_Party/modbus/rtu/mbrtu_m.c: In function 'eMBMasterRTUStop':
../Middlewares/Third_Party/modbus/rtu/mbrtu_m.c:153:5: warning: implicit declaration of function 'vMBMasterPortTimersDisable'; did you mean 'xMBMasterPortTimersClose'? [-Wimplicit-function-declaration]
  153 |     vMBMasterPortTimersDisable(  );
      |     ^~~~~~~~~~~~~~~~~~~~~~~~~~
      |     xMBMasterPortTimersClose
../Middlewares/Third_Party/modbus/rtu/mbrtu_m.c: In function 'xMBMasterRTUReceiveFSM':
../Middlewares/Third_Party/modbus/rtu/mbrtu_m.c:241:13: warning: implicit declaration of function 'xMBMasterPortSerialGetByte'; did you mean 'xMBMasterPortSerialClose'? [-Wimplicit-function-declaration]
  241 |     ( void )xMBMasterPortSerialGetByte( ( CHAR * ) & ucByte );
      |             ^~~~~~~~~~~~~~~~~~~~~~~~~~
      |             xMBMasterPortSerialClose
../Middlewares/Third_Party/modbus/rtu/mbrtu_m.c: In function 'xMBMasterRTUTransmitFSM':
../Middlewares/Third_Party/modbus/rtu/mbrtu_m.c:319:13: warning: implicit declaration of function 'xMBMasterPortSerialPutByte'; did you mean 'xMBMasterPortSerialClose'? [-Wimplicit-function-declaration]
  319 |             xMBMasterPortSerialPutByte( ( CHAR )*pucMasterSndBufferCur );
      |             ^~~~~~~~~~~~~~~~~~~~~~~~~~
      |             xMBMasterPortSerialClose
../Middlewares/Third_Party/modbus/rtu/mbrtu_m.c:334:17: warning: implicit declaration of function 'vMBMasterPortTimersConvertDelayEnable' [-Wimplicit-function-declaration]
  334 |                 vMBMasterPortTimersConvertDelayEnable( );
      |                 ^~~~~~~~~~~~~~~~~~~~~~~~~~~~~~~~~~~~~
../Middlewares/Third_Party/modbus/rtu/mbrtu_m.c:338:17: warning: implicit declaration of function 'vMBMasterPortTimersRespondTimeoutEnable' [-Wimplicit-function-declaration]
  338 |                 vMBMasterPortTimersRespondTimeoutEnable( );
      |                 ^~~~~~~~~~~~~~~~~~~~~~~~~~~~~~~~~~~~~~~
arm-none-eabi-gcc "../Middlewares/Third_Party/modbus/functions/mbfuncinput_m.c" -mcpu=cortex-m4 -std=gnu11 -g3 -DDEBUG -DUSE_HAL_DRIVER -DSTM32F407xx -c -I../Core/Inc -I"C:/Users/cc/Documents/GitHub/ModbusMaster/STM32F4_MODBUS_RTU/Middlewares/Third_Party/modbus/rtu" -I"C:/Users/cc/Documents/GitHub/ModbusMaster/STM32F4_MODBUS_RTU/Middlewares/Third_Party/modbus/include" -I../Drivers/STM32F4xx_HAL_Driver/Inc -I../Drivers/STM32F4xx_HAL_Driver/Inc/Legacy -I../Middlewares/Third_Party/FreeRTOS/Source/include -I../Middlewares/Third_Party/FreeRTOS/Source/CMSIS_RTOS -I../Middlewares/Third_Party/FreeRTOS/Source/portable/GCC/ARM_CM4F -I../Drivers/CMSIS/Device/ST/STM32F4xx/Include -I../Drivers/CMSIS/Include -I/STM32F4_MODBUS_RTU/Middlewares/Third_Party/modbus/include -I"D:/Modbusrtu_stm32/STM32_RTU/STM32_HAL_FREEMODBUS_RTU-master/Middlewares/Third_Party/modbus/rtu" -I"D:/Modbusrtu_stm32/STM32_RTU/STM32_HAL_FREEMODBUS_RTU-master/Middlewares/Third_Party/modbus/include" -I"D:/Modbusrtu_stm32/STM32_RTU/STM32_HAL_FREEMODBUS_RTU-master/Middlewares/Third_Party/modbus/port" -I"C:/Users/cc/Documents/GitHub/ModbusMaster/STM32F4_MODBUS_RTU/Middlewares/Third_Party/modbus/include" -O0 -ffunction-sections -fdata-sections -Wall -fstack-usage -MMD -MP -MF"Middlewares/Third_Party/modbus/functions/mbfuncinput_m.d" -MT"Middlewares/Third_Party/modbus/functions/mbfuncinput_m.o" --specs=nano.specs -mfpu=fpv4-sp-d16 -mfloat-abi=hard -mthumb -o "Middlewares/Third_Party/modbus/functions/mbfuncinput_m.o"
arm-none-eabi-gcc "../Middlewares/Third_Party/modbus/functions/mbfuncother.c" -mcpu=cortex-m4 -std=gnu11 -g3 -DDEBUG -DUSE_HAL_DRIVER -DSTM32F407xx -c -I../Core/Inc -I"C:/Users/cc/Documents/GitHub/ModbusMaster/STM32F4_MODBUS_RTU/Middlewares/Third_Party/modbus/rtu" -I"C:/Users/cc/Documents/GitHub/ModbusMaster/STM32F4_MODBUS_RTU/Middlewares/Third_Party/modbus/include" -I../Drivers/STM32F4xx_HAL_Driver/Inc -I../Drivers/STM32F4xx_HAL_Driver/Inc/Legacy -I../Middlewares/Third_Party/FreeRTOS/Source/include -I../Middlewares/Third_Party/FreeRTOS/Source/CMSIS_RTOS -I../Middlewares/Third_Party/FreeRTOS/Source/portable/GCC/ARM_CM4F -I../Drivers/CMSIS/Device/ST/STM32F4xx/Include -I../Drivers/CMSIS/Include -I/STM32F4_MODBUS_RTU/Middlewares/Third_Party/modbus/include -I"D:/Modbusrtu_stm32/STM32_RTU/STM32_HAL_FREEMODBUS_RTU-master/Middlewares/Third_Party/modbus/rtu" -I"D:/Modbusrtu_stm32/STM32_RTU/STM32_HAL_FREEMODBUS_RTU-master/Middlewares/Third_Party/modbus/include" -I"D:/Modbusrtu_stm32/STM32_RTU/STM32_HAL_FREEMODBUS_RTU-master/Middlewares/Third_Party/modbus/port" -I"C:/Users/cc/Documents/GitHub/ModbusMaster/STM32F4_MODBUS_RTU/Middlewares/Third_Party/modbus/include" -O0 -ffunction-sections -fdata-sections -Wall -fstack-usage -MMD -MP -MF"Middlewares/Third_Party/modbus/functions/mbfuncother.d" -MT"Middlewares/Third_Party/modbus/functions/mbfuncother.o" --specs=nano.specs -mfpu=fpv4-sp-d16 -mfloat-abi=hard -mthumb -o "Middlewares/Third_Party/modbus/functions/mbfuncother.o"
arm-none-eabi-gcc "../Middlewares/Third_Party/modbus/functions/mbutils.c" -mcpu=cortex-m4 -std=gnu11 -g3 -DDEBUG -DUSE_HAL_DRIVER -DSTM32F407xx -c -I../Core/Inc -I"C:/Users/cc/Documents/GitHub/ModbusMaster/STM32F4_MODBUS_RTU/Middlewares/Third_Party/modbus/rtu" -I"C:/Users/cc/Documents/GitHub/ModbusMaster/STM32F4_MODBUS_RTU/Middlewares/Third_Party/modbus/include" -I../Drivers/STM32F4xx_HAL_Driver/Inc -I../Drivers/STM32F4xx_HAL_Driver/Inc/Legacy -I../Middlewares/Third_Party/FreeRTOS/Source/include -I../Middlewares/Third_Party/FreeRTOS/Source/CMSIS_RTOS -I../Middlewares/Third_Party/FreeRTOS/Source/portable/GCC/ARM_CM4F -I../Drivers/CMSIS/Device/ST/STM32F4xx/Include -I../Drivers/CMSIS/Include -I/STM32F4_MODBUS_RTU/Middlewares/Third_Party/modbus/include -I"D:/Modbusrtu_stm32/STM32_RTU/STM32_HAL_FREEMODBUS_RTU-master/Middlewares/Third_Party/modbus/rtu" -I"D:/Modbusrtu_stm32/STM32_RTU/STM32_HAL_FREEMODBUS_RTU-master/Middlewares/Third_Party/modbus/include" -I"D:/Modbusrtu_stm32/STM32_RTU/STM32_HAL_FREEMODBUS_RTU-master/Middlewares/Third_Party/modbus/port" -I"C:/Users/cc/Documents/GitHub/ModbusMaster/STM32F4_MODBUS_RTU/Middlewares/Third_Party/modbus/include" -O0 -ffunction-sections -fdata-sections -Wall -fstack-usage -MMD -MP -MF"Middlewares/Third_Party/modbus/functions/mbutils.d" -MT"Middlewares/Third_Party/modbus/functions/mbutils.o" --specs=nano.specs -mfpu=fpv4-sp-d16 -mfloat-abi=hard -mthumb -o "Middlewares/Third_Party/modbus/functions/mbutils.o"
arm-none-eabi-gcc "../Middlewares/Third_Party/modbus/mb_m.c" -mcpu=cortex-m4 -std=gnu11 -g3 -DDEBUG -DUSE_HAL_DRIVER -DSTM32F407xx -c -I../Core/Inc -I"C:/Users/cc/Documents/GitHub/ModbusMaster/STM32F4_MODBUS_RTU/Middlewares/Third_Party/modbus/rtu" -I"C:/Users/cc/Documents/GitHub/ModbusMaster/STM32F4_MODBUS_RTU/Middlewares/Third_Party/modbus/include" -I../Drivers/STM32F4xx_HAL_Driver/Inc -I../Drivers/STM32F4xx_HAL_Driver/Inc/Legacy -I../Middlewares/Third_Party/FreeRTOS/Source/include -I../Middlewares/Third_Party/FreeRTOS/Source/CMSIS_RTOS -I../Middlewares/Third_Party/FreeRTOS/Source/portable/GCC/ARM_CM4F -I../Drivers/CMSIS/Device/ST/STM32F4xx/Include -I../Drivers/CMSIS/Include -I/STM32F4_MODBUS_RTU/Middlewares/Third_Party/modbus/include -I"D:/Modbusrtu_stm32/STM32_RTU/STM32_HAL_FREEMODBUS_RTU-master/Middlewares/Third_Party/modbus/rtu" -I"D:/Modbusrtu_stm32/STM32_RTU/STM32_HAL_FREEMODBUS_RTU-master/Middlewares/Third_Party/modbus/include" -I"D:/Modbusrtu_stm32/STM32_RTU/STM32_HAL_FREEMODBUS_RTU-master/Middlewares/Third_Party/modbus/port" -I"C:/Users/cc/Documents/GitHub/ModbusMaster/STM32F4_MODBUS_RTU/Middlewares/Third_Party/modbus/include" -O0 -ffunction-sections -fdata-sections -Wall -fstack-usage -MMD -MP -MF"Middlewares/Third_Party/modbus/mb_m.d" -MT"Middlewares/Third_Party/modbus/mb_m.o" --specs=nano.specs -mfpu=fpv4-sp-d16 -mfloat-abi=hard -mthumb -o "Middlewares/Third_Party/modbus/mb_m.o"
arm-none-eabi-gcc "../Middlewares/Third_Party/FreeRTOS/Source/portable/MemMang/heap_4.c" -mcpu=cortex-m4 -std=gnu11 -g3 -DDEBUG -DUSE_HAL_DRIVER -DSTM32F407xx -c -I../Core/Inc -I../Drivers/STM32F4xx_HAL_Driver/Inc -I../Drivers/STM32F4xx_HAL_Driver/Inc/Legacy -I../Middlewares/Third_Party/FreeRTOS/Source/include -I../Middlewares/Third_Party/FreeRTOS/Source/CMSIS_RTOS -I../Middlewares/Third_Party/FreeRTOS/Source/portable/GCC/ARM_CM4F -I../Drivers/CMSIS/Device/ST/STM32F4xx/Include -I../Drivers/CMSIS/Include -I"C:/Users/cc/Documents/GitHub/ModbusMaster/STM32F4_MODBUS_RTU/Middlewares/Third_Party/modbus/include" -I"C:/Users/cc/Documents/GitHub/ModbusMaster/STM32F4_MODBUS_RTU/Middlewares/Third_Party/modbus/port" -I"C:/Users/cc/Documents/GitHub/ModbusMaster/STM32F4_MODBUS_RTU/Middlewares/Third_Party/modbus/rtu" -O0 -ffunction-sections -fdata-sections -Wall -fstack-usage -MMD -MP -MF"Middlewares/Third_Party/FreeRTOS/Source/portable/MemMang/heap_4.d" -MT"Middlewares/Third_Party/FreeRTOS/Source/portable/MemMang/heap_4.o" --specs=nano.specs -mfpu=fpv4-sp-d16 -mfloat-abi=hard -mthumb -o "Middlewares/Third_Party/FreeRTOS/Source/portable/MemMang/heap_4.o"
arm-none-eabi-gcc "../Middlewares/Third_Party/FreeRTOS/Source/portable/GCC/ARM_CM4F/port.c" -mcpu=cortex-m4 -std=gnu11 -g3 -DDEBUG -DUSE_HAL_DRIVER -DSTM32F407xx -c -I../Core/Inc -I../Drivers/STM32F4xx_HAL_Driver/Inc -I../Drivers/STM32F4xx_HAL_Driver/Inc/Legacy -I../Middlewares/Third_Party/FreeRTOS/Source/include -I../Middlewares/Third_Party/FreeRTOS/Source/CMSIS_RTOS -I../Middlewares/Third_Party/FreeRTOS/Source/portable/GCC/ARM_CM4F -I../Drivers/CMSIS/Device/ST/STM32F4xx/Include -I../Drivers/CMSIS/Include -I"C:/Users/cc/Documents/GitHub/ModbusMaster/STM32F4_MODBUS_RTU/Middlewares/Third_Party/modbus/include" -I"C:/Users/cc/Documents/GitHub/ModbusMaster/STM32F4_MODBUS_RTU/Middlewares/Third_Party/modbus/port" -I"C:/Users/cc/Documents/GitHub/ModbusMaster/STM32F4_MODBUS_RTU/Middlewares/Third_Party/modbus/rtu" -O0 -ffunction-sections -fdata-sections -Wall -fstack-usage -MMD -MP -MF"Middlewares/Third_Party/FreeRTOS/Source/portable/GCC/ARM_CM4F/port.d" -MT"Middlewares/Third_Party/FreeRTOS/Source/portable/GCC/ARM_CM4F/port.o" --specs=nano.specs -mfpu=fpv4-sp-d16 -mfloat-abi=hard -mthumb -o "Middlewares/Third_Party/FreeRTOS/Source/portable/GCC/ARM_CM4F/port.o"
arm-none-eabi-gcc "../Middlewares/Third_Party/FreeRTOS/Source/CMSIS_RTOS/cmsis_os.c" -mcpu=cortex-m4 -std=gnu11 -g3 -DDEBUG -DUSE_HAL_DRIVER -DSTM32F407xx -c -I../Core/Inc -I../Drivers/STM32F4xx_HAL_Driver/Inc -I../Drivers/STM32F4xx_HAL_Driver/Inc/Legacy -I../Middlewares/Third_Party/FreeRTOS/Source/include -I../Middlewares/Third_Party/FreeRTOS/Source/CMSIS_RTOS -I../Middlewares/Third_Party/FreeRTOS/Source/portable/GCC/ARM_CM4F -I../Drivers/CMSIS/Device/ST/STM32F4xx/Include -I../Drivers/CMSIS/Include -I"C:/Users/cc/Documents/GitHub/ModbusMaster/STM32F4_MODBUS_RTU/Middlewares/Third_Party/modbus/include" -I"C:/Users/cc/Documents/GitHub/ModbusMaster/STM32F4_MODBUS_RTU/Middlewares/Third_Party/modbus/port" -I"C:/Users/cc/Documents/GitHub/ModbusMaster/STM32F4_MODBUS_RTU/Middlewares/Third_Party/modbus/rtu" -O0 -ffunction-sections -fdata-sections -Wall -fstack-usage -MMD -MP -MF"Middlewares/Third_Party/FreeRTOS/Source/CMSIS_RTOS/cmsis_os.d" -MT"Middlewares/Third_Party/FreeRTOS/Source/CMSIS_RTOS/cmsis_os.o" --specs=nano.specs -mfpu=fpv4-sp-d16 -mfloat-abi=hard -mthumb -o "Middlewares/Third_Party/FreeRTOS/Source/CMSIS_RTOS/cmsis_os.o"
arm-none-eabi-gcc "../Middlewares/Third_Party/FreeRTOS/Source/croutine.c" -mcpu=cortex-m4 -std=gnu11 -g3 -DDEBUG -DUSE_HAL_DRIVER -DSTM32F407xx -c -I../Core/Inc -I../Drivers/STM32F4xx_HAL_Driver/Inc -I../Drivers/STM32F4xx_HAL_Driver/Inc/Legacy -I../Middlewares/Third_Party/FreeRTOS/Source/include -I../Middlewares/Third_Party/FreeRTOS/Source/CMSIS_RTOS -I../Middlewares/Third_Party/FreeRTOS/Source/portable/GCC/ARM_CM4F -I../Drivers/CMSIS/Device/ST/STM32F4xx/Include -I../Drivers/CMSIS/Include -I"C:/Users/cc/Documents/GitHub/ModbusMaster/STM32F4_MODBUS_RTU/Middlewares/Third_Party/modbus/include" -I"C:/Users/cc/Documents/GitHub/ModbusMaster/STM32F4_MODBUS_RTU/Middlewares/Third_Party/modbus/port" -I"C:/Users/cc/Documents/GitHub/ModbusMaster/STM32F4_MODBUS_RTU/Middlewares/Third_Party/modbus/rtu" -O0 -ffunction-sections -fdata-sections -Wall -fstack-usage -MMD -MP -MF"Middlewares/Third_Party/FreeRTOS/Source/croutine.d" -MT"Middlewares/Third_Party/FreeRTOS/Source/croutine.o" --specs=nano.specs -mfpu=fpv4-sp-d16 -mfloat-abi=hard -mthumb -o "Middlewares/Third_Party/FreeRTOS/Source/croutine.o"
arm-none-eabi-gcc "../Middlewares/Third_Party/FreeRTOS/Source/event_groups.c" -mcpu=cortex-m4 -std=gnu11 -g3 -DDEBUG -DUSE_HAL_DRIVER -DSTM32F407xx -c -I../Core/Inc -I../Drivers/STM32F4xx_HAL_Driver/Inc -I../Drivers/STM32F4xx_HAL_Driver/Inc/Legacy -I../Middlewares/Third_Party/FreeRTOS/Source/include -I../Middlewares/Third_Party/FreeRTOS/Source/CMSIS_RTOS -I../Middlewares/Third_Party/FreeRTOS/Source/portable/GCC/ARM_CM4F -I../Drivers/CMSIS/Device/ST/STM32F4xx/Include -I../Drivers/CMSIS/Include -I"C:/Users/cc/Documents/GitHub/ModbusMaster/STM32F4_MODBUS_RTU/Middlewares/Third_Party/modbus/include" -I"C:/Users/cc/Documents/GitHub/ModbusMaster/STM32F4_MODBUS_RTU/Middlewares/Third_Party/modbus/port" -I"C:/Users/cc/Documents/GitHub/ModbusMaster/STM32F4_MODBUS_RTU/Middlewares/Third_Party/modbus/rtu" -O0 -ffunction-sections -fdata-sections -Wall -fstack-usage -MMD -MP -MF"Middlewares/Third_Party/FreeRTOS/Source/event_groups.d" -MT"Middlewares/Third_Party/FreeRTOS/Source/event_groups.o" --specs=nano.specs -mfpu=fpv4-sp-d16 -mfloat-abi=hard -mthumb -o "Middlewares/Third_Party/FreeRTOS/Source/event_groups.o"
arm-none-eabi-gcc "../Middlewares/Third_Party/FreeRTOS/Source/list.c" -mcpu=cortex-m4 -std=gnu11 -g3 -DDEBUG -DUSE_HAL_DRIVER -DSTM32F407xx -c -I../Core/Inc -I../Drivers/STM32F4xx_HAL_Driver/Inc -I../Drivers/STM32F4xx_HAL_Driver/Inc/Legacy -I../Middlewares/Third_Party/FreeRTOS/Source/include -I../Middlewares/Third_Party/FreeRTOS/Source/CMSIS_RTOS -I../Middlewares/Third_Party/FreeRTOS/Source/portable/GCC/ARM_CM4F -I../Drivers/CMSIS/Device/ST/STM32F4xx/Include -I../Drivers/CMSIS/Include -I"C:/Users/cc/Documents/GitHub/ModbusMaster/STM32F4_MODBUS_RTU/Middlewares/Third_Party/modbus/include" -I"C:/Users/cc/Documents/GitHub/ModbusMaster/STM32F4_MODBUS_RTU/Middlewares/Third_Party/modbus/port" -I"C:/Users/cc/Documents/GitHub/ModbusMaster/STM32F4_MODBUS_RTU/Middlewares/Third_Party/modbus/rtu" -O0 -ffunction-sections -fdata-sections -Wall -fstack-usage -MMD -MP -MF"Middlewares/Third_Party/FreeRTOS/Source/list.d" -MT"Middlewares/Third_Party/FreeRTOS/Source/list.o" --specs=nano.specs -mfpu=fpv4-sp-d16 -mfloat-abi=hard -mthumb -o "Middlewares/Third_Party/FreeRTOS/Source/list.o"
arm-none-eabi-gcc "../Middlewares/Third_Party/FreeRTOS/Source/queue.c" -mcpu=cortex-m4 -std=gnu11 -g3 -DDEBUG -DUSE_HAL_DRIVER -DSTM32F407xx -c -I../Core/Inc -I../Drivers/STM32F4xx_HAL_Driver/Inc -I../Drivers/STM32F4xx_HAL_Driver/Inc/Legacy -I../Middlewares/Third_Party/FreeRTOS/Source/include -I../Middlewares/Third_Party/FreeRTOS/Source/CMSIS_RTOS -I../Middlewares/Third_Party/FreeRTOS/Source/portable/GCC/ARM_CM4F -I../Drivers/CMSIS/Device/ST/STM32F4xx/Include -I../Drivers/CMSIS/Include -I"C:/Users/cc/Documents/GitHub/ModbusMaster/STM32F4_MODBUS_RTU/Middlewares/Third_Party/modbus/include" -I"C:/Users/cc/Documents/GitHub/ModbusMaster/STM32F4_MODBUS_RTU/Middlewares/Third_Party/modbus/port" -I"C:/Users/cc/Documents/GitHub/ModbusMaster/STM32F4_MODBUS_RTU/Middlewares/Third_Party/modbus/rtu" -O0 -ffunction-sections -fdata-sections -Wall -fstack-usage -MMD -MP -MF"Middlewares/Third_Party/FreeRTOS/Source/queue.d" -MT"Middlewares/Third_Party/FreeRTOS/Source/queue.o" --specs=nano.specs -mfpu=fpv4-sp-d16 -mfloat-abi=hard -mthumb -o "Middlewares/Third_Party/FreeRTOS/Source/queue.o"
arm-none-eabi-gcc "../Middlewares/Third_Party/FreeRTOS/Source/stream_buffer.c" -mcpu=cortex-m4 -std=gnu11 -g3 -DDEBUG -DUSE_HAL_DRIVER -DSTM32F407xx -c -I../Core/Inc -I../Drivers/STM32F4xx_HAL_Driver/Inc -I../Drivers/STM32F4xx_HAL_Driver/Inc/Legacy -I../Middlewares/Third_Party/FreeRTOS/Source/include -I../Middlewares/Third_Party/FreeRTOS/Source/CMSIS_RTOS -I../Middlewares/Third_Party/FreeRTOS/Source/portable/GCC/ARM_CM4F -I../Drivers/CMSIS/Device/ST/STM32F4xx/Include -I../Drivers/CMSIS/Include -I"C:/Users/cc/Documents/GitHub/ModbusMaster/STM32F4_MODBUS_RTU/Middlewares/Third_Party/modbus/include" -I"C:/Users/cc/Documents/GitHub/ModbusMaster/STM32F4_MODBUS_RTU/Middlewares/Third_Party/modbus/port" -I"C:/Users/cc/Documents/GitHub/ModbusMaster/STM32F4_MODBUS_RTU/Middlewares/Third_Party/modbus/rtu" -O0 -ffunction-sections -fdata-sections -Wall -fstack-usage -MMD -MP -MF"Middlewares/Third_Party/FreeRTOS/Source/stream_buffer.d" -MT"Middlewares/Third_Party/FreeRTOS/Source/stream_buffer.o" --specs=nano.specs -mfpu=fpv4-sp-d16 -mfloat-abi=hard -mthumb -o "Middlewares/Third_Party/FreeRTOS/Source/stream_buffer.o"
arm-none-eabi-gcc "../Middlewares/Third_Party/FreeRTOS/Source/tasks.c" -mcpu=cortex-m4 -std=gnu11 -g3 -DDEBUG -DUSE_HAL_DRIVER -DSTM32F407xx -c -I../Core/Inc -I../Drivers/STM32F4xx_HAL_Driver/Inc -I../Drivers/STM32F4xx_HAL_Driver/Inc/Legacy -I../Middlewares/Third_Party/FreeRTOS/Source/include -I../Middlewares/Third_Party/FreeRTOS/Source/CMSIS_RTOS -I../Middlewares/Third_Party/FreeRTOS/Source/portable/GCC/ARM_CM4F -I../Drivers/CMSIS/Device/ST/STM32F4xx/Include -I../Drivers/CMSIS/Include -I"C:/Users/cc/Documents/GitHub/ModbusMaster/STM32F4_MODBUS_RTU/Middlewares/Third_Party/modbus/include" -I"C:/Users/cc/Documents/GitHub/ModbusMaster/STM32F4_MODBUS_RTU/Middlewares/Third_Party/modbus/port" -I"C:/Users/cc/Documents/GitHub/ModbusMaster/STM32F4_MODBUS_RTU/Middlewares/Third_Party/modbus/rtu" -O0 -ffunction-sections -fdata-sections -Wall -fstack-usage -MMD -MP -MF"Middlewares/Third_Party/FreeRTOS/Source/tasks.d" -MT"Middlewares/Third_Party/FreeRTOS/Source/tasks.o" --specs=nano.specs -mfpu=fpv4-sp-d16 -mfloat-abi=hard -mthumb -o "Middlewares/Third_Party/FreeRTOS/Source/tasks.o"
arm-none-eabi-gcc "../Middlewares/Third_Party/FreeRTOS/Source/timers.c" -mcpu=cortex-m4 -std=gnu11 -g3 -DDEBUG -DUSE_HAL_DRIVER -DSTM32F407xx -c -I../Core/Inc -I../Drivers/STM32F4xx_HAL_Driver/Inc -I../Drivers/STM32F4xx_HAL_Driver/Inc/Legacy -I../Middlewares/Third_Party/FreeRTOS/Source/include -I../Middlewares/Third_Party/FreeRTOS/Source/CMSIS_RTOS -I../Middlewares/Third_Party/FreeRTOS/Source/portable/GCC/ARM_CM4F -I../Drivers/CMSIS/Device/ST/STM32F4xx/Include -I../Drivers/CMSIS/Include -I"C:/Users/cc/Documents/GitHub/ModbusMaster/STM32F4_MODBUS_RTU/Middlewares/Third_Party/modbus/include" -I"C:/Users/cc/Documents/GitHub/ModbusMaster/STM32F4_MODBUS_RTU/Middlewares/Third_Party/modbus/port" -I"C:/Users/cc/Documents/GitHub/ModbusMaster/STM32F4_MODBUS_RTU/Middlewares/Third_Party/modbus/rtu" -O0 -ffunction-sections -fdata-sections -Wall -fstack-usage -MMD -MP -MF"Middlewares/Third_Party/FreeRTOS/Source/timers.d" -MT"Middlewares/Third_Party/FreeRTOS/Source/timers.o" --specs=nano.specs -mfpu=fpv4-sp-d16 -mfloat-abi=hard -mthumb -o "Middlewares/Third_Party/FreeRTOS/Source/timers.o"
arm-none-eabi-gcc "../Drivers/STM32F4xx_HAL_Driver/Src/stm32f4xx_hal.c" -mcpu=cortex-m4 -std=gnu11 -g3 -DDEBUG -DUSE_HAL_DRIVER -DSTM32F407xx -c -I../Core/Inc -I../Drivers/STM32F4xx_HAL_Driver/Inc -I../Drivers/STM32F4xx_HAL_Driver/Inc/Legacy -I../Middlewares/Third_Party/FreeRTOS/Source/include -I../Middlewares/Third_Party/FreeRTOS/Source/CMSIS_RTOS -I../Middlewares/Third_Party/FreeRTOS/Source/portable/GCC/ARM_CM4F -I../Drivers/CMSIS/Device/ST/STM32F4xx/Include -I../Drivers/CMSIS/Include -I"C:/Users/cc/Documents/GitHub/ModbusMaster/STM32F4_MODBUS_RTU/Middlewares/Third_Party/modbus/include" -I"C:/Users/cc/Documents/GitHub/ModbusMaster/STM32F4_MODBUS_RTU/Middlewares/Third_Party/modbus/port" -I"C:/Users/cc/Documents/GitHub/ModbusMaster/STM32F4_MODBUS_RTU/Middlewares/Third_Party/modbus/rtu" -O0 -ffunction-sections -fdata-sections -Wall -fstack-usage -MMD -MP -MF"Drivers/STM32F4xx_HAL_Driver/Src/stm32f4xx_hal.d" -MT"Drivers/STM32F4xx_HAL_Driver/Src/stm32f4xx_hal.o" --specs=nano.specs -mfpu=fpv4-sp-d16 -mfloat-abi=hard -mthumb -o "Drivers/STM32F4xx_HAL_Driver/Src/stm32f4xx_hal.o"
arm-none-eabi-gcc "../Drivers/STM32F4xx_HAL_Driver/Src/stm32f4xx_hal_cortex.c" -mcpu=cortex-m4 -std=gnu11 -g3 -DDEBUG -DUSE_HAL_DRIVER -DSTM32F407xx -c -I../Core/Inc -I../Drivers/STM32F4xx_HAL_Driver/Inc -I../Drivers/STM32F4xx_HAL_Driver/Inc/Legacy -I../Middlewares/Third_Party/FreeRTOS/Source/include -I../Middlewares/Third_Party/FreeRTOS/Source/CMSIS_RTOS -I../Middlewares/Third_Party/FreeRTOS/Source/portable/GCC/ARM_CM4F -I../Drivers/CMSIS/Device/ST/STM32F4xx/Include -I../Drivers/CMSIS/Include -I"C:/Users/cc/Documents/GitHub/ModbusMaster/STM32F4_MODBUS_RTU/Middlewares/Third_Party/modbus/include" -I"C:/Users/cc/Documents/GitHub/ModbusMaster/STM32F4_MODBUS_RTU/Middlewares/Third_Party/modbus/port" -I"C:/Users/cc/Documents/GitHub/ModbusMaster/STM32F4_MODBUS_RTU/Middlewares/Third_Party/modbus/rtu" -O0 -ffunction-sections -fdata-sections -Wall -fstack-usage -MMD -MP -MF"Drivers/STM32F4xx_HAL_Driver/Src/stm32f4xx_hal_cortex.d" -MT"Drivers/STM32F4xx_HAL_Driver/Src/stm32f4xx_hal_cortex.o" --specs=nano.specs -mfpu=fpv4-sp-d16 -mfloat-abi=hard -mthumb -o "Drivers/STM32F4xx_HAL_Driver/Src/stm32f4xx_hal_cortex.o"
arm-none-eabi-gcc "../Drivers/STM32F4xx_HAL_Driver/Src/stm32f4xx_hal_dma.c" -mcpu=cortex-m4 -std=gnu11 -g3 -DDEBUG -DUSE_HAL_DRIVER -DSTM32F407xx -c -I../Core/Inc -I../Drivers/STM32F4xx_HAL_Driver/Inc -I../Drivers/STM32F4xx_HAL_Driver/Inc/Legacy -I../Middlewares/Third_Party/FreeRTOS/Source/include -I../Middlewares/Third_Party/FreeRTOS/Source/CMSIS_RTOS -I../Middlewares/Third_Party/FreeRTOS/Source/portable/GCC/ARM_CM4F -I../Drivers/CMSIS/Device/ST/STM32F4xx/Include -I../Drivers/CMSIS/Include -I"C:/Users/cc/Documents/GitHub/ModbusMaster/STM32F4_MODBUS_RTU/Middlewares/Third_Party/modbus/include" -I"C:/Users/cc/Documents/GitHub/ModbusMaster/STM32F4_MODBUS_RTU/Middlewares/Third_Party/modbus/port" -I"C:/Users/cc/Documents/GitHub/ModbusMaster/STM32F4_MODBUS_RTU/Middlewares/Third_Party/modbus/rtu" -O0 -ffunction-sections -fdata-sections -Wall -fstack-usage -MMD -MP -MF"Drivers/STM32F4xx_HAL_Driver/Src/stm32f4xx_hal_dma.d" -MT"Drivers/STM32F4xx_HAL_Driver/Src/stm32f4xx_hal_dma.o" --specs=nano.specs -mfpu=fpv4-sp-d16 -mfloat-abi=hard -mthumb -o "Drivers/STM32F4xx_HAL_Driver/Src/stm32f4xx_hal_dma.o"
arm-none-eabi-gcc "../Drivers/STM32F4xx_HAL_Driver/Src/stm32f4xx_hal_dma_ex.c" -mcpu=cortex-m4 -std=gnu11 -g3 -DDEBUG -DUSE_HAL_DRIVER -DSTM32F407xx -c -I../Core/Inc -I../Drivers/STM32F4xx_HAL_Driver/Inc -I../Drivers/STM32F4xx_HAL_Driver/Inc/Legacy -I../Middlewares/Third_Party/FreeRTOS/Source/include -I../Middlewares/Third_Party/FreeRTOS/Source/CMSIS_RTOS -I../Middlewares/Third_Party/FreeRTOS/Source/portable/GCC/ARM_CM4F -I../Drivers/CMSIS/Device/ST/STM32F4xx/Include -I../Drivers/CMSIS/Include -I"C:/Users/cc/Documents/GitHub/ModbusMaster/STM32F4_MODBUS_RTU/Middlewares/Third_Party/modbus/include" -I"C:/Users/cc/Documents/GitHub/ModbusMaster/STM32F4_MODBUS_RTU/Middlewares/Third_Party/modbus/port" -I"C:/Users/cc/Documents/GitHub/ModbusMaster/STM32F4_MODBUS_RTU/Middlewares/Third_Party/modbus/rtu" -O0 -ffunction-sections -fdata-sections -Wall -fstack-usage -MMD -MP -MF"Drivers/STM32F4xx_HAL_Driver/Src/stm32f4xx_hal_dma_ex.d" -MT"Drivers/STM32F4xx_HAL_Driver/Src/stm32f4xx_hal_dma_ex.o" --specs=nano.specs -mfpu=fpv4-sp-d16 -mfloat-abi=hard -mthumb -o "Drivers/STM32F4xx_HAL_Driver/Src/stm32f4xx_hal_dma_ex.o"
arm-none-eabi-gcc "../Drivers/STM32F4xx_HAL_Driver/Src/stm32f4xx_hal_exti.c" -mcpu=cortex-m4 -std=gnu11 -g3 -DDEBUG -DUSE_HAL_DRIVER -DSTM32F407xx -c -I../Core/Inc -I../Drivers/STM32F4xx_HAL_Driver/Inc -I../Drivers/STM32F4xx_HAL_Driver/Inc/Legacy -I../Middlewares/Third_Party/FreeRTOS/Source/include -I../Middlewares/Third_Party/FreeRTOS/Source/CMSIS_RTOS -I../Middlewares/Third_Party/FreeRTOS/Source/portable/GCC/ARM_CM4F -I../Drivers/CMSIS/Device/ST/STM32F4xx/Include -I../Drivers/CMSIS/Include -I"C:/Users/cc/Documents/GitHub/ModbusMaster/STM32F4_MODBUS_RTU/Middlewares/Third_Party/modbus/include" -I"C:/Users/cc/Documents/GitHub/ModbusMaster/STM32F4_MODBUS_RTU/Middlewares/Third_Party/modbus/port" -I"C:/Users/cc/Documents/GitHub/ModbusMaster/STM32F4_MODBUS_RTU/Middlewares/Third_Party/modbus/rtu" -O0 -ffunction-sections -fdata-sections -Wall -fstack-usage -MMD -MP -MF"Drivers/STM32F4xx_HAL_Driver/Src/stm32f4xx_hal_exti.d" -MT"Drivers/STM32F4xx_HAL_Driver/Src/stm32f4xx_hal_exti.o" --specs=nano.specs -mfpu=fpv4-sp-d16 -mfloat-abi=hard -mthumb -o "Drivers/STM32F4xx_HAL_Driver/Src/stm32f4xx_hal_exti.o"
arm-none-eabi-gcc "../Drivers/STM32F4xx_HAL_Driver/Src/stm32f4xx_hal_flash.c" -mcpu=cortex-m4 -std=gnu11 -g3 -DDEBUG -DUSE_HAL_DRIVER -DSTM32F407xx -c -I../Core/Inc -I../Drivers/STM32F4xx_HAL_Driver/Inc -I../Drivers/STM32F4xx_HAL_Driver/Inc/Legacy -I../Middlewares/Third_Party/FreeRTOS/Source/include -I../Middlewares/Third_Party/FreeRTOS/Source/CMSIS_RTOS -I../Middlewares/Third_Party/FreeRTOS/Source/portable/GCC/ARM_CM4F -I../Drivers/CMSIS/Device/ST/STM32F4xx/Include -I../Drivers/CMSIS/Include -I"C:/Users/cc/Documents/GitHub/ModbusMaster/STM32F4_MODBUS_RTU/Middlewares/Third_Party/modbus/include" -I"C:/Users/cc/Documents/GitHub/ModbusMaster/STM32F4_MODBUS_RTU/Middlewares/Third_Party/modbus/port" -I"C:/Users/cc/Documents/GitHub/ModbusMaster/STM32F4_MODBUS_RTU/Middlewares/Third_Party/modbus/rtu" -O0 -ffunction-sections -fdata-sections -Wall -fstack-usage -MMD -MP -MF"Drivers/STM32F4xx_HAL_Driver/Src/stm32f4xx_hal_flash.d" -MT"Drivers/STM32F4xx_HAL_Driver/Src/stm32f4xx_hal_flash.o" --specs=nano.specs -mfpu=fpv4-sp-d16 -mfloat-abi=hard -mthumb -o "Drivers/STM32F4xx_HAL_Driver/Src/stm32f4xx_hal_flash.o"
arm-none-eabi-gcc "../Drivers/STM32F4xx_HAL_Driver/Src/stm32f4xx_hal_flash_ex.c" -mcpu=cortex-m4 -std=gnu11 -g3 -DDEBUG -DUSE_HAL_DRIVER -DSTM32F407xx -c -I../Core/Inc -I../Drivers/STM32F4xx_HAL_Driver/Inc -I../Drivers/STM32F4xx_HAL_Driver/Inc/Legacy -I../Middlewares/Third_Party/FreeRTOS/Source/include -I../Middlewares/Third_Party/FreeRTOS/Source/CMSIS_RTOS -I../Middlewares/Third_Party/FreeRTOS/Source/portable/GCC/ARM_CM4F -I../Drivers/CMSIS/Device/ST/STM32F4xx/Include -I../Drivers/CMSIS/Include -I"C:/Users/cc/Documents/GitHub/ModbusMaster/STM32F4_MODBUS_RTU/Middlewares/Third_Party/modbus/include" -I"C:/Users/cc/Documents/GitHub/ModbusMaster/STM32F4_MODBUS_RTU/Middlewares/Third_Party/modbus/port" -I"C:/Users/cc/Documents/GitHub/ModbusMaster/STM32F4_MODBUS_RTU/Middlewares/Third_Party/modbus/rtu" -O0 -ffunction-sections -fdata-sections -Wall -fstack-usage -MMD -MP -MF"Drivers/STM32F4xx_HAL_Driver/Src/stm32f4xx_hal_flash_ex.d" -MT"Drivers/STM32F4xx_HAL_Driver/Src/stm32f4xx_hal_flash_ex.o" --specs=nano.specs -mfpu=fpv4-sp-d16 -mfloat-abi=hard -mthumb -o "Drivers/STM32F4xx_HAL_Driver/Src/stm32f4xx_hal_flash_ex.o"
arm-none-eabi-gcc "../Drivers/STM32F4xx_HAL_Driver/Src/stm32f4xx_hal_flash_ramfunc.c" -mcpu=cortex-m4 -std=gnu11 -g3 -DDEBUG -DUSE_HAL_DRIVER -DSTM32F407xx -c -I../Core/Inc -I../Drivers/STM32F4xx_HAL_Driver/Inc -I../Drivers/STM32F4xx_HAL_Driver/Inc/Legacy -I../Middlewares/Third_Party/FreeRTOS/Source/include -I../Middlewares/Third_Party/FreeRTOS/Source/CMSIS_RTOS -I../Middlewares/Third_Party/FreeRTOS/Source/portable/GCC/ARM_CM4F -I../Drivers/CMSIS/Device/ST/STM32F4xx/Include -I../Drivers/CMSIS/Include -I"C:/Users/cc/Documents/GitHub/ModbusMaster/STM32F4_MODBUS_RTU/Middlewares/Third_Party/modbus/include" -I"C:/Users/cc/Documents/GitHub/ModbusMaster/STM32F4_MODBUS_RTU/Middlewares/Third_Party/modbus/port" -I"C:/Users/cc/Documents/GitHub/ModbusMaster/STM32F4_MODBUS_RTU/Middlewares/Third_Party/modbus/rtu" -O0 -ffunction-sections -fdata-sections -Wall -fstack-usage -MMD -MP -MF"Drivers/STM32F4xx_HAL_Driver/Src/stm32f4xx_hal_flash_ramfunc.d" -MT"Drivers/STM32F4xx_HAL_Driver/Src/stm32f4xx_hal_flash_ramfunc.o" --specs=nano.specs -mfpu=fpv4-sp-d16 -mfloat-abi=hard -mthumb -o "Drivers/STM32F4xx_HAL_Driver/Src/stm32f4xx_hal_flash_ramfunc.o"
arm-none-eabi-gcc "../Drivers/STM32F4xx_HAL_Driver/Src/stm32f4xx_hal_gpio.c" -mcpu=cortex-m4 -std=gnu11 -g3 -DDEBUG -DUSE_HAL_DRIVER -DSTM32F407xx -c -I../Core/Inc -I../Drivers/STM32F4xx_HAL_Driver/Inc -I../Drivers/STM32F4xx_HAL_Driver/Inc/Legacy -I../Middlewares/Third_Party/FreeRTOS/Source/include -I../Middlewares/Third_Party/FreeRTOS/Source/CMSIS_RTOS -I../Middlewares/Third_Party/FreeRTOS/Source/portable/GCC/ARM_CM4F -I../Drivers/CMSIS/Device/ST/STM32F4xx/Include -I../Drivers/CMSIS/Include -I"C:/Users/cc/Documents/GitHub/ModbusMaster/STM32F4_MODBUS_RTU/Middlewares/Third_Party/modbus/include" -I"C:/Users/cc/Documents/GitHub/ModbusMaster/STM32F4_MODBUS_RTU/Middlewares/Third_Party/modbus/port" -I"C:/Users/cc/Documents/GitHub/ModbusMaster/STM32F4_MODBUS_RTU/Middlewares/Third_Party/modbus/rtu" -O0 -ffunction-sections -fdata-sections -Wall -fstack-usage -MMD -MP -MF"Drivers/STM32F4xx_HAL_Driver/Src/stm32f4xx_hal_gpio.d" -MT"Drivers/STM32F4xx_HAL_Driver/Src/stm32f4xx_hal_gpio.o" --specs=nano.specs -mfpu=fpv4-sp-d16 -mfloat-abi=hard -mthumb -o "Drivers/STM32F4xx_HAL_Driver/Src/stm32f4xx_hal_gpio.o"
arm-none-eabi-gcc "../Drivers/STM32F4xx_HAL_Driver/Src/stm32f4xx_hal_pwr.c" -mcpu=cortex-m4 -std=gnu11 -g3 -DDEBUG -DUSE_HAL_DRIVER -DSTM32F407xx -c -I../Core/Inc -I../Drivers/STM32F4xx_HAL_Driver/Inc -I../Drivers/STM32F4xx_HAL_Driver/Inc/Legacy -I../Middlewares/Third_Party/FreeRTOS/Source/include -I../Middlewares/Third_Party/FreeRTOS/Source/CMSIS_RTOS -I../Middlewares/Third_Party/FreeRTOS/Source/portable/GCC/ARM_CM4F -I../Drivers/CMSIS/Device/ST/STM32F4xx/Include -I../Drivers/CMSIS/Include -I"C:/Users/cc/Documents/GitHub/ModbusMaster/STM32F4_MODBUS_RTU/Middlewares/Third_Party/modbus/include" -I"C:/Users/cc/Documents/GitHub/ModbusMaster/STM32F4_MODBUS_RTU/Middlewares/Third_Party/modbus/port" -I"C:/Users/cc/Documents/GitHub/ModbusMaster/STM32F4_MODBUS_RTU/Middlewares/Third_Party/modbus/rtu" -O0 -ffunction-sections -fdata-sections -Wall -fstack-usage -MMD -MP -MF"Drivers/STM32F4xx_HAL_Driver/Src/stm32f4xx_hal_pwr.d" -MT"Drivers/STM32F4xx_HAL_Driver/Src/stm32f4xx_hal_pwr.o" --specs=nano.specs -mfpu=fpv4-sp-d16 -mfloat-abi=hard -mthumb -o "Drivers/STM32F4xx_HAL_Driver/Src/stm32f4xx_hal_pwr.o"
arm-none-eabi-gcc "../Drivers/STM32F4xx_HAL_Driver/Src/stm32f4xx_hal_pwr_ex.c" -mcpu=cortex-m4 -std=gnu11 -g3 -DDEBUG -DUSE_HAL_DRIVER -DSTM32F407xx -c -I../Core/Inc -I../Drivers/STM32F4xx_HAL_Driver/Inc -I../Drivers/STM32F4xx_HAL_Driver/Inc/Legacy -I../Middlewares/Third_Party/FreeRTOS/Source/include -I../Middlewares/Third_Party/FreeRTOS/Source/CMSIS_RTOS -I../Middlewares/Third_Party/FreeRTOS/Source/portable/GCC/ARM_CM4F -I../Drivers/CMSIS/Device/ST/STM32F4xx/Include -I../Drivers/CMSIS/Include -I"C:/Users/cc/Documents/GitHub/ModbusMaster/STM32F4_MODBUS_RTU/Middlewares/Third_Party/modbus/include" -I"C:/Users/cc/Documents/GitHub/ModbusMaster/STM32F4_MODBUS_RTU/Middlewares/Third_Party/modbus/port" -I"C:/Users/cc/Documents/GitHub/ModbusMaster/STM32F4_MODBUS_RTU/Middlewares/Third_Party/modbus/rtu" -O0 -ffunction-sections -fdata-sections -Wall -fstack-usage -MMD -MP -MF"Drivers/STM32F4xx_HAL_Driver/Src/stm32f4xx_hal_pwr_ex.d" -MT"Drivers/STM32F4xx_HAL_Driver/Src/stm32f4xx_hal_pwr_ex.o" --specs=nano.specs -mfpu=fpv4-sp-d16 -mfloat-abi=hard -mthumb -o "Drivers/STM32F4xx_HAL_Driver/Src/stm32f4xx_hal_pwr_ex.o"
arm-none-eabi-gcc "../Drivers/STM32F4xx_HAL_Driver/Src/stm32f4xx_hal_rcc.c" -mcpu=cortex-m4 -std=gnu11 -g3 -DDEBUG -DUSE_HAL_DRIVER -DSTM32F407xx -c -I../Core/Inc -I../Drivers/STM32F4xx_HAL_Driver/Inc -I../Drivers/STM32F4xx_HAL_Driver/Inc/Legacy -I../Middlewares/Third_Party/FreeRTOS/Source/include -I../Middlewares/Third_Party/FreeRTOS/Source/CMSIS_RTOS -I../Middlewares/Third_Party/FreeRTOS/Source/portable/GCC/ARM_CM4F -I../Drivers/CMSIS/Device/ST/STM32F4xx/Include -I../Drivers/CMSIS/Include -I"C:/Users/cc/Documents/GitHub/ModbusMaster/STM32F4_MODBUS_RTU/Middlewares/Third_Party/modbus/include" -I"C:/Users/cc/Documents/GitHub/ModbusMaster/STM32F4_MODBUS_RTU/Middlewares/Third_Party/modbus/port" -I"C:/Users/cc/Documents/GitHub/ModbusMaster/STM32F4_MODBUS_RTU/Middlewares/Third_Party/modbus/rtu" -O0 -ffunction-sections -fdata-sections -Wall -fstack-usage -MMD -MP -MF"Drivers/STM32F4xx_HAL_Driver/Src/stm32f4xx_hal_rcc.d" -MT"Drivers/STM32F4xx_HAL_Driver/Src/stm32f4xx_hal_rcc.o" --specs=nano.specs -mfpu=fpv4-sp-d16 -mfloat-abi=hard -mthumb -o "Drivers/STM32F4xx_HAL_Driver/Src/stm32f4xx_hal_rcc.o"
arm-none-eabi-gcc "../Drivers/STM32F4xx_HAL_Driver/Src/stm32f4xx_hal_rcc_ex.c" -mcpu=cortex-m4 -std=gnu11 -g3 -DDEBUG -DUSE_HAL_DRIVER -DSTM32F407xx -c -I../Core/Inc -I../Drivers/STM32F4xx_HAL_Driver/Inc -I../Drivers/STM32F4xx_HAL_Driver/Inc/Legacy -I../Middlewares/Third_Party/FreeRTOS/Source/include -I../Middlewares/Third_Party/FreeRTOS/Source/CMSIS_RTOS -I../Middlewares/Third_Party/FreeRTOS/Source/portable/GCC/ARM_CM4F -I../Drivers/CMSIS/Device/ST/STM32F4xx/Include -I../Drivers/CMSIS/Include -I"C:/Users/cc/Documents/GitHub/ModbusMaster/STM32F4_MODBUS_RTU/Middlewares/Third_Party/modbus/include" -I"C:/Users/cc/Documents/GitHub/ModbusMaster/STM32F4_MODBUS_RTU/Middlewares/Third_Party/modbus/port" -I"C:/Users/cc/Documents/GitHub/ModbusMaster/STM32F4_MODBUS_RTU/Middlewares/Third_Party/modbus/rtu" -O0 -ffunction-sections -fdata-sections -Wall -fstack-usage -MMD -MP -MF"Drivers/STM32F4xx_HAL_Driver/Src/stm32f4xx_hal_rcc_ex.d" -MT"Drivers/STM32F4xx_HAL_Driver/Src/stm32f4xx_hal_rcc_ex.o" --specs=nano.specs -mfpu=fpv4-sp-d16 -mfloat-abi=hard -mthumb -o "Drivers/STM32F4xx_HAL_Driver/Src/stm32f4xx_hal_rcc_ex.o"
arm-none-eabi-gcc "../Drivers/STM32F4xx_HAL_Driver/Src/stm32f4xx_hal_tim.c" -mcpu=cortex-m4 -std=gnu11 -g3 -DDEBUG -DUSE_HAL_DRIVER -DSTM32F407xx -c -I../Core/Inc -I../Drivers/STM32F4xx_HAL_Driver/Inc -I../Drivers/STM32F4xx_HAL_Driver/Inc/Legacy -I../Middlewares/Third_Party/FreeRTOS/Source/include -I../Middlewares/Third_Party/FreeRTOS/Source/CMSIS_RTOS -I../Middlewares/Third_Party/FreeRTOS/Source/portable/GCC/ARM_CM4F -I../Drivers/CMSIS/Device/ST/STM32F4xx/Include -I../Drivers/CMSIS/Include -I"C:/Users/cc/Documents/GitHub/ModbusMaster/STM32F4_MODBUS_RTU/Middlewares/Third_Party/modbus/include" -I"C:/Users/cc/Documents/GitHub/ModbusMaster/STM32F4_MODBUS_RTU/Middlewares/Third_Party/modbus/port" -I"C:/Users/cc/Documents/GitHub/ModbusMaster/STM32F4_MODBUS_RTU/Middlewares/Third_Party/modbus/rtu" -O0 -ffunction-sections -fdata-sections -Wall -fstack-usage -MMD -MP -MF"Drivers/STM32F4xx_HAL_Driver/Src/stm32f4xx_hal_tim.d" -MT"Drivers/STM32F4xx_HAL_Driver/Src/stm32f4xx_hal_tim.o" --specs=nano.specs -mfpu=fpv4-sp-d16 -mfloat-abi=hard -mthumb -o "Drivers/STM32F4xx_HAL_Driver/Src/stm32f4xx_hal_tim.o"
arm-none-eabi-gcc "../Drivers/STM32F4xx_HAL_Driver/Src/stm32f4xx_hal_tim_ex.c" -mcpu=cortex-m4 -std=gnu11 -g3 -DDEBUG -DUSE_HAL_DRIVER -DSTM32F407xx -c -I../Core/Inc -I../Drivers/STM32F4xx_HAL_Driver/Inc -I../Drivers/STM32F4xx_HAL_Driver/Inc/Legacy -I../Middlewares/Third_Party/FreeRTOS/Source/include -I../Middlewares/Third_Party/FreeRTOS/Source/CMSIS_RTOS -I../Middlewares/Third_Party/FreeRTOS/Source/portable/GCC/ARM_CM4F -I../Drivers/CMSIS/Device/ST/STM32F4xx/Include -I../Drivers/CMSIS/Include -I"C:/Users/cc/Documents/GitHub/ModbusMaster/STM32F4_MODBUS_RTU/Middlewares/Third_Party/modbus/include" -I"C:/Users/cc/Documents/GitHub/ModbusMaster/STM32F4_MODBUS_RTU/Middlewares/Third_Party/modbus/port" -I"C:/Users/cc/Documents/GitHub/ModbusMaster/STM32F4_MODBUS_RTU/Middlewares/Third_Party/modbus/rtu" -O0 -ffunction-sections -fdata-sections -Wall -fstack-usage -MMD -MP -MF"Drivers/STM32F4xx_HAL_Driver/Src/stm32f4xx_hal_tim_ex.d" -MT"Drivers/STM32F4xx_HAL_Driver/Src/stm32f4xx_hal_tim_ex.o" --specs=nano.specs -mfpu=fpv4-sp-d16 -mfloat-abi=hard -mthumb -o "Drivers/STM32F4xx_HAL_Driver/Src/stm32f4xx_hal_tim_ex.o"
arm-none-eabi-gcc "../Drivers/STM32F4xx_HAL_Driver/Src/stm32f4xx_hal_uart.c" -mcpu=cortex-m4 -std=gnu11 -g3 -DDEBUG -DUSE_HAL_DRIVER -DSTM32F407xx -c -I../Core/Inc -I../Drivers/STM32F4xx_HAL_Driver/Inc -I../Drivers/STM32F4xx_HAL_Driver/Inc/Legacy -I../Middlewares/Third_Party/FreeRTOS/Source/include -I../Middlewares/Third_Party/FreeRTOS/Source/CMSIS_RTOS -I../Middlewares/Third_Party/FreeRTOS/Source/portable/GCC/ARM_CM4F -I../Drivers/CMSIS/Device/ST/STM32F4xx/Include -I../Drivers/CMSIS/Include -I"C:/Users/cc/Documents/GitHub/ModbusMaster/STM32F4_MODBUS_RTU/Middlewares/Third_Party/modbus/include" -I"C:/Users/cc/Documents/GitHub/ModbusMaster/STM32F4_MODBUS_RTU/Middlewares/Third_Party/modbus/port" -I"C:/Users/cc/Documents/GitHub/ModbusMaster/STM32F4_MODBUS_RTU/Middlewares/Third_Party/modbus/rtu" -O0 -ffunction-sections -fdata-sections -Wall -fstack-usage -MMD -MP -MF"Drivers/STM32F4xx_HAL_Driver/Src/stm32f4xx_hal_uart.d" -MT"Drivers/STM32F4xx_HAL_Driver/Src/stm32f4xx_hal_uart.o" --specs=nano.specs -mfpu=fpv4-sp-d16 -mfloat-abi=hard -mthumb -o "Drivers/STM32F4xx_HAL_Driver/Src/stm32f4xx_hal_uart.o"
arm-none-eabi-gcc -mcpu=cortex-m4 -g3 -DDEBUG -c -I"D:/Modbusrtu_stm32/STM32_RTU/STM32_HAL_FREEMODBUS_RTU-master/Middlewares/Third_Party/modbus/include" -I"C:/Users/cc/Documents/GitHub/ModbusMaster/STM32F4_MODBUS_RTU/Middlewares/Third_Party/modbus/functions" -I"C:/Users/cc/Documents/GitHub/ModbusMaster/STM32F4_MODBUS_RTU/Middlewares/Third_Party/modbus/include" -I"C:/Users/cc/Documents/GitHub/ModbusMaster/STM32F4_MODBUS_RTU/Middlewares/Third_Party/modbus/port" -I"C:/Users/cc/Documents/GitHub/ModbusMaster/STM32F4_MODBUS_RTU/Middlewares/Third_Party/modbus/rtu" -x assembler-with-cpp -MMD -MP -MF"Core/Startup/startup_stm32f407vgtx.d" -MT"Core/Startup/startup_stm32f407vgtx.o" --specs=nano.specs -mfpu=fpv4-sp-d16 -mfloat-abi=hard -mthumb -o "Core/Startup/startup_stm32f407vgtx.o" "../Core/Startup/startup_stm32f407vgtx.s"
arm-none-eabi-gcc "../Core/Src/freertos.c" -mcpu=cortex-m4 -std=gnu11 -g3 -DDEBUG -DUSE_HAL_DRIVER -DSTM32F407xx -c -I../Core/Inc -I../Drivers/STM32F4xx_HAL_Driver/Inc -I../Drivers/STM32F4xx_HAL_Driver/Inc/Legacy -I../Middlewares/Third_Party/FreeRTOS/Source/include -I../Middlewares/Third_Party/FreeRTOS/Source/CMSIS_RTOS -I../Middlewares/Third_Party/FreeRTOS/Source/portable/GCC/ARM_CM4F -I../Drivers/CMSIS/Device/ST/STM32F4xx/Include -I../Drivers/CMSIS/Include -I"C:/Users/cc/Documents/GitHub/ModbusMaster/STM32F4_MODBUS_RTU/Middlewares/Third_Party/modbus/include" -I"C:/Users/cc/Documents/GitHub/ModbusMaster/STM32F4_MODBUS_RTU/Middlewares/Third_Party/modbus/port" -I"C:/Users/cc/Documents/GitHub/ModbusMaster/STM32F4_MODBUS_RTU/Middlewares/Third_Party/modbus/rtu" -O0 -ffunction-sections -fdata-sections -Wall -fstack-usage -MMD -MP -MF"Core/Src/freertos.d" -MT"Core/Src/freertos.o" --specs=nano.specs -mfpu=fpv4-sp-d16 -mfloat-abi=hard -mthumb -o "Core/Src/freertos.o"
arm-none-eabi-gcc "../Core/Src/main.c" -mcpu=cortex-m4 -std=gnu11 -g3 -DDEBUG -DUSE_HAL_DRIVER -DSTM32F407xx -c -I../Core/Inc -I../Drivers/STM32F4xx_HAL_Driver/Inc -I../Drivers/STM32F4xx_HAL_Driver/Inc/Legacy -I../Middlewares/Third_Party/FreeRTOS/Source/include -I../Middlewares/Third_Party/FreeRTOS/Source/CMSIS_RTOS -I../Middlewares/Third_Party/FreeRTOS/Source/portable/GCC/ARM_CM4F -I../Drivers/CMSIS/Device/ST/STM32F4xx/Include -I../Drivers/CMSIS/Include -I"C:/Users/cc/Documents/GitHub/ModbusMaster/STM32F4_MODBUS_RTU/Middlewares/Third_Party/modbus/include" -I"C:/Users/cc/Documents/GitHub/ModbusMaster/STM32F4_MODBUS_RTU/Middlewares/Third_Party/modbus/port" -I"C:/Users/cc/Documents/GitHub/ModbusMaster/STM32F4_MODBUS_RTU/Middlewares/Third_Party/modbus/rtu" -O0 -ffunction-sections -fdata-sections -Wall -fstack-usage -MMD -MP -MF"Core/Src/main.d" -MT"Core/Src/main.o" --specs=nano.specs -mfpu=fpv4-sp-d16 -mfloat-abi=hard -mthumb -o "Core/Src/main.o"
arm-none-eabi-gcc "../Core/Src/mdtask.c" -mcpu=cortex-m4 -std=gnu11 -g3 -DDEBUG -DUSE_HAL_DRIVER -DSTM32F407xx -c -I../Core/Inc -I../Drivers/STM32F4xx_HAL_Driver/Inc -I../Drivers/STM32F4xx_HAL_Driver/Inc/Legacy -I../Middlewares/Third_Party/FreeRTOS/Source/include -I../Middlewares/Third_Party/FreeRTOS/Source/CMSIS_RTOS -I../Middlewares/Third_Party/FreeRTOS/Source/portable/GCC/ARM_CM4F -I../Drivers/CMSIS/Device/ST/STM32F4xx/Include -I../Drivers/CMSIS/Include -I"C:/Users/cc/Documents/GitHub/ModbusMaster/STM32F4_MODBUS_RTU/Middlewares/Third_Party/modbus/include" -I"C:/Users/cc/Documents/GitHub/ModbusMaster/STM32F4_MODBUS_RTU/Middlewares/Third_Party/modbus/port" -I"C:/Users/cc/Documents/GitHub/ModbusMaster/STM32F4_MODBUS_RTU/Middlewares/Third_Party/modbus/rtu" -O0 -ffunction-sections -fdata-sections -Wall -fstack-usage -MMD -MP -MF"Core/Src/mdtask.d" -MT"Core/Src/mdtask.o" --specs=nano.specs -mfpu=fpv4-sp-d16 -mfloat-abi=hard -mthumb -o "Core/Src/mdtask.o"
arm-none-eabi-gcc "../Core/Src/stm32f4xx_hal_msp.c" -mcpu=cortex-m4 -std=gnu11 -g3 -DDEBUG -DUSE_HAL_DRIVER -DSTM32F407xx -c -I../Core/Inc -I../Drivers/STM32F4xx_HAL_Driver/Inc -I../Drivers/STM32F4xx_HAL_Driver/Inc/Legacy -I../Middlewares/Third_Party/FreeRTOS/Source/include -I../Middlewares/Third_Party/FreeRTOS/Source/CMSIS_RTOS -I../Middlewares/Third_Party/FreeRTOS/Source/portable/GCC/ARM_CM4F -I../Drivers/CMSIS/Device/ST/STM32F4xx/Include -I../Drivers/CMSIS/Include -I"C:/Users/cc/Documents/GitHub/ModbusMaster/STM32F4_MODBUS_RTU/Middlewares/Third_Party/modbus/include" -I"C:/Users/cc/Documents/GitHub/ModbusMaster/STM32F4_MODBUS_RTU/Middlewares/Third_Party/modbus/port" -I"C:/Users/cc/Documents/GitHub/ModbusMaster/STM32F4_MODBUS_RTU/Middlewares/Third_Party/modbus/rtu" -O0 -ffunction-sections -fdata-sections -Wall -fstack-usage -MMD -MP -MF"Core/Src/stm32f4xx_hal_msp.d" -MT"Core/Src/stm32f4xx_hal_msp.o" --specs=nano.specs -mfpu=fpv4-sp-d16 -mfloat-abi=hard -mthumb -o "Core/Src/stm32f4xx_hal_msp.o"
arm-none-eabi-gcc "../Core/Src/stm32f4xx_hal_timebase_tim.c" -mcpu=cortex-m4 -std=gnu11 -g3 -DDEBUG -DUSE_HAL_DRIVER -DSTM32F407xx -c -I../Core/Inc -I../Drivers/STM32F4xx_HAL_Driver/Inc -I../Drivers/STM32F4xx_HAL_Driver/Inc/Legacy -I../Middlewares/Third_Party/FreeRTOS/Source/include -I../Middlewares/Third_Party/FreeRTOS/Source/CMSIS_RTOS -I../Middlewares/Third_Party/FreeRTOS/Source/portable/GCC/ARM_CM4F -I../Drivers/CMSIS/Device/ST/STM32F4xx/Include -I../Drivers/CMSIS/Include -I"C:/Users/cc/Documents/GitHub/ModbusMaster/STM32F4_MODBUS_RTU/Middlewares/Third_Party/modbus/include" -I"C:/Users/cc/Documents/GitHub/ModbusMaster/STM32F4_MODBUS_RTU/Middlewares/Third_Party/modbus/port" -I"C:/Users/cc/Documents/GitHub/ModbusMaster/STM32F4_MODBUS_RTU/Middlewares/Third_Party/modbus/rtu" -O0 -ffunction-sections -fdata-sections -Wall -fstack-usage -MMD -MP -MF"Core/Src/stm32f4xx_hal_timebase_tim.d" -MT"Core/Src/stm32f4xx_hal_timebase_tim.o" --specs=nano.specs -mfpu=fpv4-sp-d16 -mfloat-abi=hard -mthumb -o "Core/Src/stm32f4xx_hal_timebase_tim.o"
../Core/Src/mdtask.c: In function 'ModbusRTU_UserTask':
../Core/Src/mdtask.c:88:25: warning: variable 'errorCode' set but not used [-Wunused-but-set-variable]
   88 |    eMBMasterReqErrCode  errorCode = MB_MRE_NO_ERR;
      |                         ^~~~~~~~~
arm-none-eabi-gcc "../Core/Src/stm32f4xx_it.c" -mcpu=cortex-m4 -std=gnu11 -g3 -DDEBUG -DUSE_HAL_DRIVER -DSTM32F407xx -c -I../Core/Inc -I../Drivers/STM32F4xx_HAL_Driver/Inc -I../Drivers/STM32F4xx_HAL_Driver/Inc/Legacy -I../Middlewares/Third_Party/FreeRTOS/Source/include -I../Middlewares/Third_Party/FreeRTOS/Source/CMSIS_RTOS -I../Middlewares/Third_Party/FreeRTOS/Source/portable/GCC/ARM_CM4F -I../Drivers/CMSIS/Device/ST/STM32F4xx/Include -I../Drivers/CMSIS/Include -I"C:/Users/cc/Documents/GitHub/ModbusMaster/STM32F4_MODBUS_RTU/Middlewares/Third_Party/modbus/include" -I"C:/Users/cc/Documents/GitHub/ModbusMaster/STM32F4_MODBUS_RTU/Middlewares/Third_Party/modbus/port" -I"C:/Users/cc/Documents/GitHub/ModbusMaster/STM32F4_MODBUS_RTU/Middlewares/Third_Party/modbus/rtu" -O0 -ffunction-sections -fdata-sections -Wall -fstack-usage -MMD -MP -MF"Core/Src/stm32f4xx_it.d" -MT"Core/Src/stm32f4xx_it.o" --specs=nano.specs -mfpu=fpv4-sp-d16 -mfloat-abi=hard -mthumb -o "Core/Src/stm32f4xx_it.o"
arm-none-eabi-gcc "../Core/Src/syscalls.c" -mcpu=cortex-m4 -std=gnu11 -g3 -DDEBUG -DUSE_HAL_DRIVER -DSTM32F407xx -c -I../Core/Inc -I../Drivers/STM32F4xx_HAL_Driver/Inc -I../Drivers/STM32F4xx_HAL_Driver/Inc/Legacy -I../Middlewares/Third_Party/FreeRTOS/Source/include -I../Middlewares/Third_Party/FreeRTOS/Source/CMSIS_RTOS -I../Middlewares/Third_Party/FreeRTOS/Source/portable/GCC/ARM_CM4F -I../Drivers/CMSIS/Device/ST/STM32F4xx/Include -I../Drivers/CMSIS/Include -I"C:/Users/cc/Documents/GitHub/ModbusMaster/STM32F4_MODBUS_RTU/Middlewares/Third_Party/modbus/include" -I"C:/Users/cc/Documents/GitHub/ModbusMaster/STM32F4_MODBUS_RTU/Middlewares/Third_Party/modbus/port" -I"C:/Users/cc/Documents/GitHub/ModbusMaster/STM32F4_MODBUS_RTU/Middlewares/Third_Party/modbus/rtu" -O0 -ffunction-sections -fdata-sections -Wall -fstack-usage -MMD -MP -MF"Core/Src/syscalls.d" -MT"Core/Src/syscalls.o" --specs=nano.specs -mfpu=fpv4-sp-d16 -mfloat-abi=hard -mthumb -o "Core/Src/syscalls.o"
arm-none-eabi-gcc "../Core/Src/sysmem.c" -mcpu=cortex-m4 -std=gnu11 -g3 -DDEBUG -DUSE_HAL_DRIVER -DSTM32F407xx -c -I../Core/Inc -I../Drivers/STM32F4xx_HAL_Driver/Inc -I../Drivers/STM32F4xx_HAL_Driver/Inc/Legacy -I../Middlewares/Third_Party/FreeRTOS/Source/include -I../Middlewares/Third_Party/FreeRTOS/Source/CMSIS_RTOS -I../Middlewares/Third_Party/FreeRTOS/Source/portable/GCC/ARM_CM4F -I../Drivers/CMSIS/Device/ST/STM32F4xx/Include -I../Drivers/CMSIS/Include -I"C:/Users/cc/Documents/GitHub/ModbusMaster/STM32F4_MODBUS_RTU/Middlewares/Third_Party/modbus/include" -I"C:/Users/cc/Documents/GitHub/ModbusMaster/STM32F4_MODBUS_RTU/Middlewares/Third_Party/modbus/port" -I"C:/Users/cc/Documents/GitHub/ModbusMaster/STM32F4_MODBUS_RTU/Middlewares/Third_Party/modbus/rtu" -O0 -ffunction-sections -fdata-sections -Wall -fstack-usage -MMD -MP -MF"Core/Src/sysmem.d" -MT"Core/Src/sysmem.o" --specs=nano.specs -mfpu=fpv4-sp-d16 -mfloat-abi=hard -mthumb -o "Core/Src/sysmem.o"
arm-none-eabi-gcc "../Core/Src/system_stm32f4xx.c" -mcpu=cortex-m4 -std=gnu11 -g3 -DDEBUG -DUSE_HAL_DRIVER -DSTM32F407xx -c -I../Core/Inc -I../Drivers/STM32F4xx_HAL_Driver/Inc -I../Drivers/STM32F4xx_HAL_Driver/Inc/Legacy -I../Middlewares/Third_Party/FreeRTOS/Source/include -I../Middlewares/Third_Party/FreeRTOS/Source/CMSIS_RTOS -I../Middlewares/Third_Party/FreeRTOS/Source/portable/GCC/ARM_CM4F -I../Drivers/CMSIS/Device/ST/STM32F4xx/Include -I../Drivers/CMSIS/Include -I"C:/Users/cc/Documents/GitHub/ModbusMaster/STM32F4_MODBUS_RTU/Middlewares/Third_Party/modbus/include" -I"C:/Users/cc/Documents/GitHub/ModbusMaster/STM32F4_MODBUS_RTU/Middlewares/Third_Party/modbus/port" -I"C:/Users/cc/Documents/GitHub/ModbusMaster/STM32F4_MODBUS_RTU/Middlewares/Third_Party/modbus/rtu" -O0 -ffunction-sections -fdata-sections -Wall -fstack-usage -MMD -MP -MF"Core/Src/system_stm32f4xx.d" -MT"Core/Src/system_stm32f4xx.o" --specs=nano.specs -mfpu=fpv4-sp-d16 -mfloat-abi=hard -mthumb -o "Core/Src/system_stm32f4xx.o"
arm-none-eabi-gcc -o "STM32F4_MODBUS_RTU.elf" @"objects.list"   -mcpu=cortex-m4 -T"C:\Users\cc\Documents\GitHub\ModbusMaster\STM32F4_MODBUS_RTU\STM32F407VGTX_FLASH.ld" --specs=nosys.specs -Wl,-Map="STM32F4_MODBUS_RTU.map" -Wl,--gc-sections -static --specs=nano.specs -mfpu=fpv4-sp-d16 -mfloat-abi=hard -mthumb -Wl,--start-group -lc -lm -Wl,--end-group
Finished building target: STM32F4_MODBUS_RTU.elf
 
arm-none-eabi-size   STM32F4_MODBUS_RTU.elf 
arm-none-eabi-objdump -h -S  STM32F4_MODBUS_RTU.elf  > "STM32F4_MODBUS_RTU.list"
   text	   data	    bss	    dec	    hex	filename
  31456	    256	  25296	  57008	   deb0	STM32F4_MODBUS_RTU.elf
Finished building: default.size.stdout
 
Finished building: STM32F4_MODBUS_RTU.list
 
