22:19:10 **** Incremental Build of configuration Debug for project STM32F4_MODBUS_RTU ****
make -j8 all 
arm-none-eabi-gcc "../Middlewares/Third_Party/modbus/functions/mbfunccoils_m.c" -mcpu=cortex-m4 -std=gnu11 -g3 -DDEBUG -DUSE_HAL_DRIVER -DSTM32F407xx -c -I../Core/Inc -I"D:/aHoang/STM32F4_MODBUS_RTU/Middlewares/Third_Party/modbus/rtu" -I"D:/aHoang/STM32F4_MODBUS_RTU/Middlewares/Third_Party/modbus/include" -I../Drivers/STM32F4xx_HAL_Driver/Inc -I../Drivers/STM32F4xx_HAL_Driver/Inc/Legacy -I../Middlewares/Third_Party/FreeRTOS/Source/include -I../Middlewares/Third_Party/FreeRTOS/Source/CMSIS_RTOS -I../Middlewares/Third_Party/FreeRTOS/Source/portable/GCC/ARM_CM4F -I../Drivers/CMSIS/Device/ST/STM32F4xx/Include -I../Drivers/CMSIS/Include -I/STM32F4_MODBUS_RTU/Middlewares/Third_Party/modbus/include -I"D:/Modbusrtu_stm32/STM32_RTU/STM32_HAL_FREEMODBUS_RTU-master/Middlewares/Third_Party/modbus/rtu" -I"D:/Modbusrtu_stm32/STM32_RTU/STM32_HAL_FREEMODBUS_RTU-master/Middlewares/Third_Party/modbus/include" -I"D:/Modbusrtu_stm32/STM32_RTU/STM32_HAL_FREEMODBUS_RTU-master/Middlewares/Third_Party/modbus/port" -I"D:/aHoang/STM32F4_MODBUS_RTU/Middlewares/Third_Party/modbus/include" -O0 -ffunction-sections -fdata-sections -Wall -fstack-usage -MMD -MP -MF"Middlewares/Third_Party/modbus/functions/mbfunccoils_m.d" -MT"Middlewares/Third_Party/modbus/functions/mbfunccoils_m.o" --specs=nano.specs -mfpu=fpv4-sp-d16 -mfloat-abi=hard -mthumb -o "Middlewares/Third_Party/modbus/functions/mbfunccoils_m.o"
arm-none-eabi-gcc "../Middlewares/Third_Party/modbus/functions/mbfuncdisc_m.c" -mcpu=cortex-m4 -std=gnu11 -g3 -DDEBUG -DUSE_HAL_DRIVER -DSTM32F407xx -c -I../Core/Inc -I"D:/aHoang/STM32F4_MODBUS_RTU/Middlewares/Third_Party/modbus/rtu" -I"D:/aHoang/STM32F4_MODBUS_RTU/Middlewares/Third_Party/modbus/include" -I../Drivers/STM32F4xx_HAL_Driver/Inc -I../Drivers/STM32F4xx_HAL_Driver/Inc/Legacy -I../Middlewares/Third_Party/FreeRTOS/Source/include -I../Middlewares/Third_Party/FreeRTOS/Source/CMSIS_RTOS -I../Middlewares/Third_Party/FreeRTOS/Source/portable/GCC/ARM_CM4F -I../Drivers/CMSIS/Device/ST/STM32F4xx/Include -I../Drivers/CMSIS/Include -I/STM32F4_MODBUS_RTU/Middlewares/Third_Party/modbus/include -I"D:/Modbusrtu_stm32/STM32_RTU/STM32_HAL_FREEMODBUS_RTU-master/Middlewares/Third_Party/modbus/rtu" -I"D:/Modbusrtu_stm32/STM32_RTU/STM32_HAL_FREEMODBUS_RTU-master/Middlewares/Third_Party/modbus/include" -I"D:/Modbusrtu_stm32/STM32_RTU/STM32_HAL_FREEMODBUS_RTU-master/Middlewares/Third_Party/modbus/port" -I"D:/aHoang/STM32F4_MODBUS_RTU/Middlewares/Third_Party/modbus/include" -O0 -ffunction-sections -fdata-sections -Wall -fstack-usage -MMD -MP -MF"Middlewares/Third_Party/modbus/functions/mbfuncdisc_m.d" -MT"Middlewares/Third_Party/modbus/functions/mbfuncdisc_m.o" --specs=nano.specs -mfpu=fpv4-sp-d16 -mfloat-abi=hard -mthumb -o "Middlewares/Third_Party/modbus/functions/mbfuncdisc_m.o"
arm-none-eabi-gcc "../Middlewares/Third_Party/modbus/functions/mbfuncholding_m.c" -mcpu=cortex-m4 -std=gnu11 -g3 -DDEBUG -DUSE_HAL_DRIVER -DSTM32F407xx -c -I../Core/Inc -I"D:/aHoang/STM32F4_MODBUS_RTU/Middlewares/Third_Party/modbus/rtu" -I"D:/aHoang/STM32F4_MODBUS_RTU/Middlewares/Third_Party/modbus/include" -I../Drivers/STM32F4xx_HAL_Driver/Inc -I../Drivers/STM32F4xx_HAL_Driver/Inc/Legacy -I../Middlewares/Third_Party/FreeRTOS/Source/include -I../Middlewares/Third_Party/FreeRTOS/Source/CMSIS_RTOS -I../Middlewares/Third_Party/FreeRTOS/Source/portable/GCC/ARM_CM4F -I../Drivers/CMSIS/Device/ST/STM32F4xx/Include -I../Drivers/CMSIS/Include -I/STM32F4_MODBUS_RTU/Middlewares/Third_Party/modbus/include -I"D:/Modbusrtu_stm32/STM32_RTU/STM32_HAL_FREEMODBUS_RTU-master/Middlewares/Third_Party/modbus/rtu" -I"D:/Modbusrtu_stm32/STM32_RTU/STM32_HAL_FREEMODBUS_RTU-master/Middlewares/Third_Party/modbus/include" -I"D:/Modbusrtu_stm32/STM32_RTU/STM32_HAL_FREEMODBUS_RTU-master/Middlewares/Third_Party/modbus/port" -I"D:/aHoang/STM32F4_MODBUS_RTU/Middlewares/Third_Party/modbus/include" -O0 -ffunction-sections -fdata-sections -Wall -fstack-usage -MMD -MP -MF"Middlewares/Third_Party/modbus/functions/mbfuncholding_m.d" -MT"Middlewares/Third_Party/modbus/functions/mbfuncholding_m.o" --specs=nano.specs -mfpu=fpv4-sp-d16 -mfloat-abi=hard -mthumb -o "Middlewares/Third_Party/modbus/functions/mbfuncholding_m.o"
arm-none-eabi-gcc "../Middlewares/Third_Party/modbus/functions/mbfuncinput_m.c" -mcpu=cortex-m4 -std=gnu11 -g3 -DDEBUG -DUSE_HAL_DRIVER -DSTM32F407xx -c -I../Core/Inc -I"D:/aHoang/STM32F4_MODBUS_RTU/Middlewares/Third_Party/modbus/rtu" -I"D:/aHoang/STM32F4_MODBUS_RTU/Middlewares/Third_Party/modbus/include" -I../Drivers/STM32F4xx_HAL_Driver/Inc -I../Drivers/STM32F4xx_HAL_Driver/Inc/Legacy -I../Middlewares/Third_Party/FreeRTOS/Source/include -I../Middlewares/Third_Party/FreeRTOS/Source/CMSIS_RTOS -I../Middlewares/Third_Party/FreeRTOS/Source/portable/GCC/ARM_CM4F -I../Drivers/CMSIS/Device/ST/STM32F4xx/Include -I../Drivers/CMSIS/Include -I/STM32F4_MODBUS_RTU/Middlewares/Third_Party/modbus/include -I"D:/Modbusrtu_stm32/STM32_RTU/STM32_HAL_FREEMODBUS_RTU-master/Middlewares/Third_Party/modbus/rtu" -I"D:/Modbusrtu_stm32/STM32_RTU/STM32_HAL_FREEMODBUS_RTU-master/Middlewares/Third_Party/modbus/include" -I"D:/Modbusrtu_stm32/STM32_RTU/STM32_HAL_FREEMODBUS_RTU-master/Middlewares/Third_Party/modbus/port" -I"D:/aHoang/STM32F4_MODBUS_RTU/Middlewares/Third_Party/modbus/include" -O0 -ffunction-sections -fdata-sections -Wall -fstack-usage -MMD -MP -MF"Middlewares/Third_Party/modbus/functions/mbfuncinput_m.d" -MT"Middlewares/Third_Party/modbus/functions/mbfuncinput_m.o" --specs=nano.specs -mfpu=fpv4-sp-d16 -mfloat-abi=hard -mthumb -o "Middlewares/Third_Party/modbus/functions/mbfuncinput_m.o"
arm-none-eabi-gcc "../Middlewares/Third_Party/modbus/functions/mbfuncother.c" -mcpu=cortex-m4 -std=gnu11 -g3 -DDEBUG -DUSE_HAL_DRIVER -DSTM32F407xx -c -I../Core/Inc -I"D:/aHoang/STM32F4_MODBUS_RTU/Middlewares/Third_Party/modbus/rtu" -I"D:/aHoang/STM32F4_MODBUS_RTU/Middlewares/Third_Party/modbus/include" -I../Drivers/STM32F4xx_HAL_Driver/Inc -I../Drivers/STM32F4xx_HAL_Driver/Inc/Legacy -I../Middlewares/Third_Party/FreeRTOS/Source/include -I../Middlewares/Third_Party/FreeRTOS/Source/CMSIS_RTOS -I../Middlewares/Third_Party/FreeRTOS/Source/portable/GCC/ARM_CM4F -I../Drivers/CMSIS/Device/ST/STM32F4xx/Include -I../Drivers/CMSIS/Include -I/STM32F4_MODBUS_RTU/Middlewares/Third_Party/modbus/include -I"D:/Modbusrtu_stm32/STM32_RTU/STM32_HAL_FREEMODBUS_RTU-master/Middlewares/Third_Party/modbus/rtu" -I"D:/Modbusrtu_stm32/STM32_RTU/STM32_HAL_FREEMODBUS_RTU-master/Middlewares/Third_Party/modbus/include" -I"D:/Modbusrtu_stm32/STM32_RTU/STM32_HAL_FREEMODBUS_RTU-master/Middlewares/Third_Party/modbus/port" -I"D:/aHoang/STM32F4_MODBUS_RTU/Middlewares/Third_Party/modbus/include" -O0 -ffunction-sections -fdata-sections -Wall -fstack-usage -MMD -MP -MF"Middlewares/Third_Party/modbus/functions/mbfuncother.d" -MT"Middlewares/Third_Party/modbus/functions/mbfuncother.o" --specs=nano.specs -mfpu=fpv4-sp-d16 -mfloat-abi=hard -mthumb -o "Middlewares/Third_Party/modbus/functions/mbfuncother.o"
arm-none-eabi-gcc "../Middlewares/Third_Party/modbus/functions/mbutils.c" -mcpu=cortex-m4 -std=gnu11 -g3 -DDEBUG -DUSE_HAL_DRIVER -DSTM32F407xx -c -I../Core/Inc -I"D:/aHoang/STM32F4_MODBUS_RTU/Middlewares/Third_Party/modbus/rtu" -I"D:/aHoang/STM32F4_MODBUS_RTU/Middlewares/Third_Party/modbus/include" -I../Drivers/STM32F4xx_HAL_Driver/Inc -I../Drivers/STM32F4xx_HAL_Driver/Inc/Legacy -I../Middlewares/Third_Party/FreeRTOS/Source/include -I../Middlewares/Third_Party/FreeRTOS/Source/CMSIS_RTOS -I../Middlewares/Third_Party/FreeRTOS/Source/portable/GCC/ARM_CM4F -I../Drivers/CMSIS/Device/ST/STM32F4xx/Include -I../Drivers/CMSIS/Include -I/STM32F4_MODBUS_RTU/Middlewares/Third_Party/modbus/include -I"D:/Modbusrtu_stm32/STM32_RTU/STM32_HAL_FREEMODBUS_RTU-master/Middlewares/Third_Party/modbus/rtu" -I"D:/Modbusrtu_stm32/STM32_RTU/STM32_HAL_FREEMODBUS_RTU-master/Middlewares/Third_Party/modbus/include" -I"D:/Modbusrtu_stm32/STM32_RTU/STM32_HAL_FREEMODBUS_RTU-master/Middlewares/Third_Party/modbus/port" -I"D:/aHoang/STM32F4_MODBUS_RTU/Middlewares/Third_Party/modbus/include" -O0 -ffunction-sections -fdata-sections -Wall -fstack-usage -MMD -MP -MF"Middlewares/Third_Party/modbus/functions/mbutils.d" -MT"Middlewares/Third_Party/modbus/functions/mbutils.o" --specs=nano.specs -mfpu=fpv4-sp-d16 -mfloat-abi=hard -mthumb -o "Middlewares/Third_Party/modbus/functions/mbutils.o"
arm-none-eabi-gcc "../Core/Src/mdtask.c" -mcpu=cortex-m4 -std=gnu11 -g3 -DDEBUG -DUSE_HAL_DRIVER -DSTM32F407xx -c -I../Core/Inc -I../Drivers/STM32F4xx_HAL_Driver/Inc -I../Drivers/STM32F4xx_HAL_Driver/Inc/Legacy -I../Middlewares/Third_Party/FreeRTOS/Source/include -I../Middlewares/Third_Party/FreeRTOS/Source/CMSIS_RTOS -I../Middlewares/Third_Party/FreeRTOS/Source/portable/GCC/ARM_CM4F -I../Drivers/CMSIS/Device/ST/STM32F4xx/Include -I../Drivers/CMSIS/Include -I"D:/aHoang/STM32F4_MODBUS_RTU/Middlewares/Third_Party/modbus/include" -I"D:/aHoang/STM32F4_MODBUS_RTU/Middlewares/Third_Party/modbus/port" -I"D:/aHoang/STM32F4_MODBUS_RTU/Middlewares/Third_Party/modbus/rtu" -O0 -ffunction-sections -fdata-sections -Wall -fstack-usage -MMD -MP -MF"Core/Src/mdtask.d" -MT"Core/Src/mdtask.o" --specs=nano.specs -mfpu=fpv4-sp-d16 -mfloat-abi=hard -mthumb -o "Core/Src/mdtask.o"
arm-none-eabi-gcc -o "STM32F4_MODBUS_RTU.elf" @"objects.list"   -mcpu=cortex-m4 -T"D:\aHoang\STM32F4_MODBUS_RTU\STM32F407VGTX_FLASH.ld" --specs=nosys.specs -Wl,-Map="STM32F4_MODBUS_RTU.map" -Wl,--gc-sections -static --specs=nano.specs -mfpu=fpv4-sp-d16 -mfloat-abi=hard -mthumb -Wl,--start-group -lc -lm -Wl,--end-group
Finished building target: STM32F4_MODBUS_RTU.elf
 
arm-none-eabi-size   STM32F4_MODBUS_RTU.elf 
arm-none-eabi-objdump -h -S  STM32F4_MODBUS_RTU.elf  > "STM32F4_MODBUS_RTU.list"
   text	   data	    bss	    dec	    hex	filename
  31248	    256	  25296	  56800	   dde0	STM32F4_MODBUS_RTU.elf
Finished building: default.size.stdout
 
Finished building: STM32F4_MODBUS_RTU.list
 

22:19:13 Build Finished. 0 errors, 0 warnings. (took 3s.378ms)

